Archive member included to satisfy reference by file (symbol)

c:/program files (x86)/atmel/studio/7.0/toolchain/arm/arm-gnu-toolchain/bin/../lib/gcc/arm-none-eabi/6.3.1/../../../../arm-none-eabi/lib/thumb/v7e-m\libc.a(lib_a-exit.o)
                              c:/program files (x86)/atmel/studio/7.0/toolchain/arm/arm-gnu-toolchain/bin/../lib/gcc/arm-none-eabi/6.3.1/../../../../arm-none-eabi/lib/thumb/v7e-m/crt0.o (exit)
c:/program files (x86)/atmel/studio/7.0/toolchain/arm/arm-gnu-toolchain/bin/../lib/gcc/arm-none-eabi/6.3.1/../../../../arm-none-eabi/lib/thumb/v7e-m\libc.a(lib_a-impure.o)
                              c:/program files (x86)/atmel/studio/7.0/toolchain/arm/arm-gnu-toolchain/bin/../lib/gcc/arm-none-eabi/6.3.1/../../../../arm-none-eabi/lib/thumb/v7e-m\libc.a(lib_a-exit.o) (_global_impure_ptr)
c:/program files (x86)/atmel/studio/7.0/toolchain/arm/arm-gnu-toolchain/bin/../lib/gcc/arm-none-eabi/6.3.1/../../../../arm-none-eabi/lib/thumb/v7e-m\libc.a(lib_a-init.o)
                              c:/program files (x86)/atmel/studio/7.0/toolchain/arm/arm-gnu-toolchain/bin/../lib/gcc/arm-none-eabi/6.3.1/../../../../arm-none-eabi/lib/thumb/v7e-m/crt0.o (__libc_init_array)
c:/program files (x86)/atmel/studio/7.0/toolchain/arm/arm-gnu-toolchain/bin/../lib/gcc/arm-none-eabi/6.3.1/../../../../arm-none-eabi/lib/thumb/v7e-m\libc.a(lib_a-memcpy.o)
                              src/FreeRTOS/queue.o (memcpy)
c:/program files (x86)/atmel/studio/7.0/toolchain/arm/arm-gnu-toolchain/bin/../lib/gcc/arm-none-eabi/6.3.1/../../../../arm-none-eabi/lib/thumb/v7e-m\libc.a(lib_a-memset.o)
                              c:/program files (x86)/atmel/studio/7.0/toolchain/arm/arm-gnu-toolchain/bin/../lib/gcc/arm-none-eabi/6.3.1/../../../../arm-none-eabi/lib/thumb/v7e-m/crt0.o (memset)
c:/program files (x86)/atmel/studio/7.0/toolchain/arm/arm-gnu-toolchain/bin/../lib/gcc/arm-none-eabi/6.3.1/../../../../arm-none-eabi/lib/thumb/v7e-m\libc.a(lib_a-__call_atexit.o)
                              c:/program files (x86)/atmel/studio/7.0/toolchain/arm/arm-gnu-toolchain/bin/../lib/gcc/arm-none-eabi/6.3.1/../../../../arm-none-eabi/lib/thumb/v7e-m\libc.a(lib_a-exit.o) (__call_exitprocs)
c:/program files (x86)/atmel/studio/7.0/toolchain/arm/arm-gnu-toolchain/bin/../lib/gcc/arm-none-eabi/6.3.1/../../../../arm-none-eabi/lib/thumb/v7e-m\libc.a(lib_a-atexit.o)
                              c:/program files (x86)/atmel/studio/7.0/toolchain/arm/arm-gnu-toolchain/bin/../lib/gcc/arm-none-eabi/6.3.1/../../../../arm-none-eabi/lib/thumb/v7e-m\libc.a(lib_a-__call_atexit.o) (atexit)
c:/program files (x86)/atmel/studio/7.0/toolchain/arm/arm-gnu-toolchain/bin/../lib/gcc/arm-none-eabi/6.3.1/../../../../arm-none-eabi/lib/thumb/v7e-m\libc.a(lib_a-fini.o)
                              c:/program files (x86)/atmel/studio/7.0/toolchain/arm/arm-gnu-toolchain/bin/../lib/gcc/arm-none-eabi/6.3.1/../../../../arm-none-eabi/lib/thumb/v7e-m\libc.a(lib_a-__call_atexit.o) (__libc_fini_array)
c:/program files (x86)/atmel/studio/7.0/toolchain/arm/arm-gnu-toolchain/bin/../lib/gcc/arm-none-eabi/6.3.1/../../../../arm-none-eabi/lib/thumb/v7e-m\libc.a(lib_a-lock.o)
                              c:/program files (x86)/atmel/studio/7.0/toolchain/arm/arm-gnu-toolchain/bin/../lib/gcc/arm-none-eabi/6.3.1/../../../../arm-none-eabi/lib/thumb/v7e-m\libc.a(lib_a-__call_atexit.o) (__retarget_lock_acquire_recursive)
c:/program files (x86)/atmel/studio/7.0/toolchain/arm/arm-gnu-toolchain/bin/../lib/gcc/arm-none-eabi/6.3.1/../../../../arm-none-eabi/lib/thumb/v7e-m\libc.a(lib_a-__atexit.o)
                              c:/program files (x86)/atmel/studio/7.0/toolchain/arm/arm-gnu-toolchain/bin/../lib/gcc/arm-none-eabi/6.3.1/../../../../arm-none-eabi/lib/thumb/v7e-m\libc.a(lib_a-atexit.o) (__register_exitproc)

Allocating common symbols
Common symbol       size              file

__lock___atexit_recursive_mutex
                    0x1               c:/program files (x86)/atmel/studio/7.0/toolchain/arm/arm-gnu-toolchain/bin/../lib/gcc/arm-none-eabi/6.3.1/../../../../arm-none-eabi/lib/thumb/v7e-m\libc.a(lib_a-lock.o)
__lock___arc4random_mutex
                    0x1               c:/program files (x86)/atmel/studio/7.0/toolchain/arm/arm-gnu-toolchain/bin/../lib/gcc/arm-none-eabi/6.3.1/../../../../arm-none-eabi/lib/thumb/v7e-m\libc.a(lib_a-lock.o)
xQueueRegistry      0x40              src/FreeRTOS/queue.o
__lock___env_recursive_mutex
                    0x1               c:/program files (x86)/atmel/studio/7.0/toolchain/arm/arm-gnu-toolchain/bin/../lib/gcc/arm-none-eabi/6.3.1/../../../../arm-none-eabi/lib/thumb/v7e-m\libc.a(lib_a-lock.o)
__lock___sinit_recursive_mutex
                    0x1               c:/program files (x86)/atmel/studio/7.0/toolchain/arm/arm-gnu-toolchain/bin/../lib/gcc/arm-none-eabi/6.3.1/../../../../arm-none-eabi/lib/thumb/v7e-m\libc.a(lib_a-lock.o)
__lock___malloc_recursive_mutex
[...]
Memory Configuration

Name             Origin             Length             Attributes
rom              0x00400000         0x00100000         xr
ram              0x20000000         0x00020000         xrw
*default*        0x00000000         0xffffffff

Linker script and memory map

LOAD c:/program files (x86)/atmel/studio/7.0/toolchain/arm/arm-gnu-toolchain/bin/../lib/gcc/arm-none-eabi/6.3.1/thumb/v7e-m/crti.o
LOAD c:/program files (x86)/atmel/studio/7.0/toolchain/arm/arm-gnu-toolchain/bin/../lib/gcc/arm-none-eabi/6.3.1/thumb/v7e-m/crtbegin.o
LOAD c:/program files (x86)/atmel/studio/7.0/toolchain/arm/arm-gnu-toolchain/bin/../lib/gcc/arm-none-eabi/6.3.1/../../../../arm-none-eabi/lib/thumb/v7e-m/crt0.o
LOAD src/FreeRTOS/list.o
LOAD src/FreeRTOS/portable/GCC/ARM_CM4F/port.o
LOAD src/FreeRTOS/portable/MemMang/heap_5.o
LOAD src/FreeRTOS/queue.o
LOAD src/FreeRTOS/tasks.o
LOAD src/FreeRTOS/timers.o
LOAD src/mytasks.o
LOAD src/ASF/common/services/clock/sam4e/sysclk.o
LOAD src/ASF/common/utils/interrupt/interrupt_sam_nvic.o
LOAD src/ASF/sam/boards/sam4e_xplained_pro/init.o
LOAD src/ASF/sam/drivers/pmc/pmc.o
LOAD src/ASF/sam/drivers/pmc/sleep.o
LOAD src/ASF/sam/utils/cmsis/sam4e/source/templates/exceptions.o
LOAD src/ASF/sam/utils/cmsis/sam4e/source/templates/gcc/startup_sam4e.o
LOAD src/ASF/sam/utils/cmsis/sam4e/source/templates/system_sam4e.o
LOAD src/ASF/sam/utils/syscalls/gcc/syscalls.o
LOAD src/main.o
START GROUP
LOAD ../src/ASF/thirdparty/CMSIS/Lib/GCC\libarm_cortexM4lf_math_softfp.a
LOAD c:/program files (x86)/atmel/studio/7.0/toolchain/arm/arm-gnu-toolchain/bin/../lib/gcc/arm-none-eabi/6.3.1/../../../../arm-none-eabi/lib/thumb/v7e-m\libm.a
END GROUP
START GROUP
LOAD c:/program files (x86)/atmel/studio/7.0/toolchain/arm/arm-gnu-toolchain/bin/../lib/gcc/arm-none-eabi/6.3.1/thumb/v7e-m\libgcc.a
LOAD c:/program files (x86)/atmel/studio/7.0/toolchain/arm/arm-gnu-toolchain/bin/../lib/gcc/arm-none-eabi/6.3.1/../../../../arm-none-eabi/lib/thumb/v7e-m\libc.a
END GROUP
LOAD c:/program files (x86)/atmel/studio/7.0/toolchain/arm/arm-gnu-toolchain/bin/../lib/gcc/arm-none-eabi/6.3.1/thumb/v7e-m/crtend.o
LOAD c:/program files (x86)/atmel/studio/7.0/toolchain/arm/arm-gnu-toolchain/bin/../lib/gcc/arm-none-eabi/6.3.1/thumb/v7e-m/crtn.o
                0x00003000                __stack_size__ = DEFINED (__stack_size__)?__stack_size__:0x3000
                0x2001fffc                __ram_end__ = ((ORIGIN (ram) + LENGTH (ram)) - 0x4)

.text           0x00400000     0x2638
                0x00400000                . = ALIGN (0x4)
                0x00400000                _sfixed = .
 *(.vectors .vectors.*)
 .vectors       0x00400000       0xf8 src/ASF/sam/utils/cmsis/sam4e/source/templates/gcc/startup_sam4e.o
                0x00400000                exception_table
 *(.text .text.* .gnu.linkonce.t.*)
 .text          0x004000f8       0x6c c:/program files (x86)/atmel/studio/7.0/toolchain/arm/arm-gnu-toolchain/bin/../lib/gcc/arm-none-eabi/6.3.1/thumb/v7e-m/crtbegin.o
 .text.vListInitialise
                0x00400164       0x16 src/FreeRTOS/list.o
                0x00400164                vListInitialise
 .text.vListInitialiseItem
                0x0040017a        0x6 src/FreeRTOS/list.o
                0x0040017a                vListInitialiseItem
 .text.vListInsert
                0x00400180       0x34 src/FreeRTOS/list.o
                0x00400180                vListInsert
 .text.uxListRemove
                0x004001b4       0x26 src/FreeRTOS/list.o
                0x004001b4                uxListRemove
 *fill*         0x004001da        0x2 
 .text.prvPortStartFirstTask
                0x004001dc       0x28 src/FreeRTOS/portable/GCC/ARM_CM4F/port.o
 .text.vPortEnableVFP
                0x00400204       0x14 src/FreeRTOS/portable/GCC/ARM_CM4F/port.o
 .text.prvTaskExitError
                0x00400218       0x44 src/FreeRTOS/portable/GCC/ARM_CM4F/port.o
 .text.pxPortInitialiseStack
                0x0040025c       0x2c src/FreeRTOS/portable/GCC/ARM_CM4F/port.o
                0x0040025c                pxPortInitialiseStack
 *fill*         0x00400288        0x8 
 .text.SVC_Handler
                0x00400290       0x24 src/FreeRTOS/portable/GCC/ARM_CM4F/port.o
                0x00400290                SVC_Handler
 .text.vPortEnterCritical
                0x004002b4       0x48 src/FreeRTOS/portable/GCC/ARM_CM4F/port.o
                0x004002b4                vPortEnterCritical
 .text.vPortExitCritical
                0x004002fc       0x30 src/FreeRTOS/portable/GCC/ARM_CM4F/port.o
                0x004002fc                vPortExitCritical
 *fill*         0x0040032c        0x4 
 .text.PendSV_Handler
                0x00400330       0x64 src/FreeRTOS/portable/GCC/ARM_CM4F/port.o
                0x00400330                PendSV_Handler
 .text.SysTick_Handler
                0x00400394       0x30 src/FreeRTOS/portable/GCC/ARM_CM4F/port.o
                0x00400394                SysTick_Handler
 .text.vPortSetupTimerInterrupt
                0x004003c4       0x38 src/FreeRTOS/portable/GCC/ARM_CM4F/port.o
                0x004003c4                vPortSetupTimerInterrupt
 .text.xPortStartScheduler
                0x004003fc      0x120 src/FreeRTOS/portable/GCC/ARM_CM4F/port.o
                0x004003fc                xPortStartScheduler
 .text.prvInsertBlockIntoFreeList
                0x0040051c       0x58 src/FreeRTOS/portable/MemMang/heap_5.o
 .text.pvPortMalloc
                0x00400574       0xf4 src/FreeRTOS/portable/MemMang/heap_5.o
                0x00400574                pvPortMalloc
 .text.vPortFree
                0x00400668       0xb0 src/FreeRTOS/portable/MemMang/heap_5.o
                0x00400668                vPortFree
 .text.vPortDefineHeapRegions
                0x00400718       0xf8 src/FreeRTOS/portable/MemMang/heap_5.o
                0x00400718                vPortDefineHeapRegions
 .text.prvIsQueueEmpty
                0x00400810       0x20 src/FreeRTOS/queue.o
 .text.prvCopyDataToQueue
                0x00400830       0x80 src/FreeRTOS/queue.o
 .text.prvNotifyQueueSetContainer
                0x004008b0       0x94 src/FreeRTOS/queue.o
 .text.prvCopyDataFromQueue
                0x00400944       0x28 src/FreeRTOS/queue.o
 .text.prvUnlockQueue
                0x0040096c       0xa8 src/FreeRTOS/queue.o
 .text.xQueueGenericReset
                0x00400a14       0xb4 src/FreeRTOS/queue.o
                0x00400a14                xQueueGenericReset
 .text.xQueueGenericCreate
                0x00400ac8       0x68 src/FreeRTOS/queue.o
                0x00400ac8                xQueueGenericCreate
 .text.xQueueReceive
                0x00400b30      0x188 src/FreeRTOS/queue.o
                0x00400b30                xQueueReceive
 .text.vQueueAddToRegistry
                0x00400cb8       0x60 src/FreeRTOS/queue.o
                0x00400cb8                vQueueAddToRegistry
 .text.vQueueWaitForMessageRestricted
                0x00400d18       0x60 src/FreeRTOS/queue.o
                0x00400d18                vQueueWaitForMessageRestricted
 .text.prvIdleTask
                0x00400d78       0x24 src/FreeRTOS/tasks.o
 .text.prvResetNextTaskUnblockTime
                0x00400d9c       0x28 src/FreeRTOS/tasks.o
 .text.prvAddCurrentTaskToDelayedList
                0x00400dc4       0x80 src/FreeRTOS/tasks.o
 .text.xTaskCreate
                0x00400e44      0x220 src/FreeRTOS/tasks.o
                0x00400e44                xTaskCreate
 .text.vTaskStartScheduler
                0x00401064       0x98 src/FreeRTOS/tasks.o
                0x00401064                vTaskStartScheduler
 .text.vTaskSuspendAll
                0x004010fc       0x10 src/FreeRTOS/tasks.o
                0x004010fc                vTaskSuspendAll
 .text.xTaskGetTickCount
                0x0040110c        0xc src/FreeRTOS/tasks.o
                0x0040110c                xTaskGetTickCount
 .text.xTaskIncrementTick
                0x00401118      0x1bc src/FreeRTOS/tasks.o
                0x00401118                xTaskIncrementTick
 .text.xTaskResumeAll
                0x004012d4      0x1a0 src/FreeRTOS/tasks.o
                0x004012d4                xTaskResumeAll
 .text.vTaskDelay
                0x00401474       0x58 src/FreeRTOS/tasks.o
                0x00401474                vTaskDelay
 .text.vTaskSwitchContext
                0x004014cc       0xd0 src/FreeRTOS/tasks.o
                0x004014cc                vTaskSwitchContext
 .text.vTaskPlaceOnEventList
                0x0040159c       0x40 src/FreeRTOS/tasks.o
                0x0040159c                vTaskPlaceOnEventList
 .text.vTaskPlaceOnEventListRestricted
                0x004015dc       0x60 src/FreeRTOS/tasks.o
                0x004015dc                vTaskPlaceOnEventListRestricted
 .text.xTaskRemoveFromEventList
                0x0040163c       0xf4 src/FreeRTOS/tasks.o
                0x0040163c                xTaskRemoveFromEventList
 .text.vTaskInternalSetTimeOutState
                0x00401730       0x18 src/FreeRTOS/tasks.o
                0x00401730                vTaskInternalSetTimeOutState
 .text.xTaskCheckForTimeOut
                0x00401748       0x84 src/FreeRTOS/tasks.o
                0x00401748                xTaskCheckForTimeOut
 .text.vTaskMissedYield
                0x004017cc        0xc src/FreeRTOS/tasks.o
                0x004017cc                vTaskMissedYield
 .text.xTaskGetSchedulerState
                0x004017d8       0x20 src/FreeRTOS/tasks.o
                0x004017d8                xTaskGetSchedulerState
 .text.xTaskPriorityDisinherit
                0x004017f8       0xc0 src/FreeRTOS/tasks.o
                0x004017f8                xTaskPriorityDisinherit
 .text.prvInsertTimerInActiveList
                0x004018b8       0x4c src/FreeRTOS/timers.o
 .text.prvReloadTimer
                0x00401904       0x2c src/FreeRTOS/timers.o
 .text.prvProcessExpiredTimer
                0x00401930       0x48 src/FreeRTOS/timers.o
 .text.prvSampleTimeNow
                0x00401978       0x6c src/FreeRTOS/timers.o
 .text.prvTimerTask
                0x004019e4      0x1c0 src/FreeRTOS/timers.o
 .text.prvCheckForValidListAndQueue
                0x00401ba4       0x70 src/FreeRTOS/timers.o
 .text.xTimerCreateTimerTask
                0x00401c14       0x5c src/FreeRTOS/timers.o
                0x00401c14                xTimerCreateTimerTask
 .text.vToggleLED
                0x00401c70       0x1c src/mytasks.o
                0x00401c70                vToggleLED
 .text.myButtonTask
                0x00401c8c       0x1c src/mytasks.o
                0x00401c8c                myButtonTask
 .text.sysclk_init
                0x00401ca8       0x68 src/ASF/common/services/clock/sam4e/sysclk.o
                0x00401ca8                sysclk_init
 .text.board_init
                0x00401d10       0x74 src/ASF/sam/boards/sam4e_xplained_pro/init.o
                0x00401d10                board_init
 .text.pmc_switch_mck_to_pllack
                0x00401d84       0x64 src/ASF/sam/drivers/pmc/pmc.o
                0x00401d84                pmc_switch_mck_to_pllack
 .text.pmc_switch_mainck_to_xtal
                0x00401de8       0x54 src/ASF/sam/drivers/pmc/pmc.o
                0x00401de8                pmc_switch_mainck_to_xtal
 .text.pmc_osc_is_ready_mainck
                0x00401e3c       0x10 src/ASF/sam/drivers/pmc/pmc.o
                0x00401e3c                pmc_osc_is_ready_mainck
 .text.pmc_disable_pllack
                0x00401e4c       0x10 src/ASF/sam/drivers/pmc/pmc.o
                0x00401e4c                pmc_disable_pllack
 .text.pmc_is_locked_pllack
                0x00401e5c       0x10 src/ASF/sam/drivers/pmc/pmc.o
                0x00401e5c                pmc_is_locked_pllack
 .text.pmc_enable_periph_clk
                0x00401e6c       0x54 src/ASF/sam/drivers/pmc/pmc.o
                0x00401e6c                pmc_enable_periph_clk
 .text.Dummy_Handler
                0x00401ec0        0x2 src/ASF/sam/utils/cmsis/sam4e/source/templates/exceptions.o
                0x00401ec0                DACC_Handler
                0x00401ec0                DebugMon_Handler
                0x00401ec0                DMAC_Handler
                0x00401ec0                HardFault_Handler
                0x00401ec0                TC2_Handler
                0x00401ec0                SPI_Handler
                0x00401ec0                TWI1_Handler
                0x00401ec0                AFEC1_Handler
                0x00401ec0                NMI_Handler
                0x00401ec0                TC7_Handler
                0x00401ec0                SMC_Handler
                0x00401ec0                USART0_Handler
                0x00401ec0                RTT_Handler
                0x00401ec0                PIOB_Handler
                0x00401ec0                RTC_Handler
                0x00401ec0                UsageFault_Handler
                0x00401ec0                TC6_Handler
                0x00401ec0                WDT_Handler
                0x00401ec0                CAN0_Handler
                0x00401ec0                TC4_Handler
                0x00401ec0                TC1_Handler
                0x00401ec0                HSMCI_Handler
                0x00401ec0                UART1_Handler
                0x00401ec0                TC3_Handler
                0x00401ec0                ARM_Handler
                0x00401ec0                Dummy_Handler
                0x00401ec0                TWI0_Handler
                0x00401ec0                USART1_Handler
                0x00401ec0                PIOA_Handler
                0x00401ec0                AFEC0_Handler
                0x00401ec0                ACC_Handler
                0x00401ec0                PMC_Handler
                0x00401ec0                PWM_Handler
                0x00401ec0                GMAC_Handler
                0x00401ec0                CAN1_Handler
                0x00401ec0                MemManage_Handler
                0x00401ec0                SUPC_Handler
                0x00401ec0                TC8_Handler
                0x00401ec0                EFC_Handler
                0x00401ec0                PIOE_Handler
                0x00401ec0                PIOD_Handler
                0x00401ec0                UART0_Handler
                0x00401ec0                PIOC_Handler
                0x00401ec0                UDP_Handler
                0x00401ec0                BusFault_Handler
                0x00401ec0                RSTC_Handler
                0x00401ec0                TC0_Handler
                0x00401ec0                TC5_Handler
                0x00401ec0                AES_Handler
 *fill*         0x00401ec2        0x2 
 .text.Reset_Handler
                0x00401ec4       0xc8 src/ASF/sam/utils/cmsis/sam4e/source/templates/gcc/startup_sam4e.o
                0x00401ec4                Reset_Handler
 .text.SystemCoreClockUpdate
                0x00401f8c      0x10c src/ASF/sam/utils/cmsis/sam4e/source/templates/system_sam4e.o
                0x00401f8c                SystemCoreClockUpdate
 .text.system_init_flash
                0x00402098       0x74 src/ASF/sam/utils/cmsis/sam4e/source/templates/system_sam4e.o
                0x00402098                system_init_flash
 .text.main     0x0040210c       0x90 src/main.o
                0x0040210c                main
 .text.vAssertCalled
                0x0040219c       0x2c src/main.o
                0x0040219c                vAssertCalled
 .text.vApplicationMallocFailedHook
                0x004021c8       0x14 src/main.o
                0x004021c8                vApplicationMallocFailedHook
 .text.vApplicationStackOverflowHook
                0x004021dc       0x12 src/main.o
                0x004021dc                vApplicationStackOverflowHook
 *fill*         0x004021ee        0x2 
 .text.__libc_init_array
                0x004021f0       0x50 c:/program files (x86)/atmel/studio/7.0/toolchain/arm/arm-gnu-toolchain/bin/../lib/gcc/arm-none-eabi/6.3.1/../../../../arm-none-eabi/lib/thumb/v7e-m\libc.a(lib_a-init.o)
                0x004021f0                __libc_init_array
 .text          0x00402240      0x134 c:/program files (x86)/atmel/studio/7.0/toolchain/arm/arm-gnu-toolchain/bin/../lib/gcc/arm-none-eabi/6.3.1/../../../../arm-none-eabi/lib/thumb/v7e-m\libc.a(lib_a-memcpy.o)
                0x00402240                memcpy
 .text.memset   0x00402374       0x9c c:/program files (x86)/atmel/studio/7.0/toolchain/arm/arm-gnu-toolchain/bin/../lib/gcc/arm-none-eabi/6.3.1/../../../../arm-none-eabi/lib/thumb/v7e-m\libc.a(lib_a-memset.o)
                0x00402374                memset
 .text.startup.register_fini
                0x00402410       0x14 c:/program files (x86)/atmel/studio/7.0/toolchain/arm/arm-gnu-toolchain/bin/../lib/gcc/arm-none-eabi/6.3.1/../../../../arm-none-eabi/lib/thumb/v7e-m\libc.a(lib_a-__call_atexit.o)
 .text.atexit   0x00402424        0xc c:/program files (x86)/atmel/studio/7.0/toolchain/arm/arm-gnu-toolchain/bin/../lib/gcc/arm-none-eabi/6.3.1/../../../../arm-none-eabi/lib/thumb/v7e-m\libc.a(lib_a-atexit.o)
                0x00402424                atexit
 .text.__libc_fini_array
                0x00402430       0x34 c:/program files (x86)/atmel/studio/7.0/toolchain/arm/arm-gnu-toolchain/bin/../lib/gcc/arm-none-eabi/6.3.1/../../../../arm-none-eabi/lib/thumb/v7e-m\libc.a(lib_a-fini.o)
                0x00402430                __libc_fini_array
 .text.__retarget_lock_acquire_recursive
                0x00402464        0x4 c:/program files (x86)/atmel/studio/7.0/toolchain/arm/arm-gnu-toolchain/bin/../lib/gcc/arm-none-eabi/6.3.1/../../../../arm-none-eabi/lib/thumb/v7e-m\libc.a(lib_a-lock.o)
                0x00402464                __retarget_lock_acquire_recursive
 .text.__retarget_lock_release_recursive
                0x00402468        0x4 c:/program files (x86)/atmel/studio/7.0/toolchain/arm/arm-gnu-toolchain/bin/../lib/gcc/arm-none-eabi/6.3.1/../../../../arm-none-eabi/lib/thumb/v7e-m\libc.a(lib_a-lock.o)
                0x00402468                __retarget_lock_release_recursive
 .text.__register_exitproc
                0x0040246c       0xc4 c:/program files (x86)/atmel/studio/7.0/toolchain/arm/arm-gnu-toolchain/bin/../lib/gcc/arm-none-eabi/6.3.1/../../../../arm-none-eabi/lib/thumb/v7e-m\libc.a(lib_a-__atexit.o)
                0x0040246c                __register_exitproc
 *(.glue_7t)
 .glue_7t       0x00402530        0x0 linker stubs
 *(.glue_7)
 .glue_7        0x00402530        0x0 linker stubs
 *(.rodata .rodata* .gnu.linkonce.r.*)
 .rodata.prvTaskExitError.str1.4
                0x00402530       0x2d src/FreeRTOS/portable/GCC/ARM_CM4F/port.o
 *fill*         0x0040255d        0x3 
 .rodata.pvPortMalloc.str1.4
                0x00402560       0x2a src/FreeRTOS/portable/MemMang/heap_5.o
 *fill*         0x0040258a        0x2 
 .rodata.prvNotifyQueueSetContainer.str1.4
                0x0040258c       0x18 src/FreeRTOS/queue.o
 .rodata.vTaskStartScheduler.str1.4
                0x004025a4        0x5 src/FreeRTOS/tasks.o
 *fill*         0x004025a9        0x3 
 .rodata.xTaskCreate.str1.4
                0x004025ac       0x18 src/FreeRTOS/tasks.o
 .rodata.prvCheckForValidListAndQueue.str1.4
                0x004025c4        0x5 src/FreeRTOS/timers.o
 *fill*         0x004025c9        0x3 
 .rodata.prvTimerTask.str1.4
                0x004025cc       0x19 src/FreeRTOS/timers.o
 *fill*         0x004025e5        0x3 
 .rodata.xTimerCreateTimerTask.str1.4
                0x004025e8        0x8 src/FreeRTOS/timers.o
 .rodata.main.str1.4
                0x004025f0        0xf src/main.o
 *fill*         0x004025ff        0x1 
 .rodata.vApplicationMallocFailedHook.str1.4
                0x00402600       0x10 src/main.o
                                  0xe (size before relaxing)
 .rodata._global_impure_ptr
                0x00402610        0x4 c:/program files (x86)/atmel/studio/7.0/toolchain/arm/arm-gnu-toolchain/bin/../lib/gcc/arm-none-eabi/6.3.1/../../../../arm-none-eabi/lib/thumb/v7e-m\libc.a(lib_a-impure.o)
                0x00402610                _global_impure_ptr
 *(.ARM.extab* .gnu.linkonce.armextab.*)
                0x00402614                . = ALIGN (0x4)
 *(.init)
 .init          0x00402614        0x4 c:/program files (x86)/atmel/studio/7.0/toolchain/arm/arm-gnu-toolchain/bin/../lib/gcc/arm-none-eabi/6.3.1/thumb/v7e-m/crti.o
                0x00402614                _init
 .init          0x00402618        0x8 c:/program files (x86)/atmel/studio/7.0/toolchain/arm/arm-gnu-toolchain/bin/../lib/gcc/arm-none-eabi/6.3.1/thumb/v7e-m/crtn.o
                0x00402620                . = ALIGN (0x4)
                0x00402620                __preinit_array_start = .
 *(.preinit_array)
                0x00402620                __preinit_array_end = .
                0x00402620                . = ALIGN (0x4)
                0x00402620                __init_array_start = .
 *(SORT(.init_array.*))
 .init_array.00000
                0x00402620        0x4 c:/program files (x86)/atmel/studio/7.0/toolchain/arm/arm-gnu-toolchain/bin/../lib/gcc/arm-none-eabi/6.3.1/../../../../arm-none-eabi/lib/thumb/v7e-m\libc.a(lib_a-__call_atexit.o)
 *(.init_array)
 .init_array    0x00402624        0x4 c:/program files (x86)/atmel/studio/7.0/toolchain/arm/arm-gnu-toolchain/bin/../lib/gcc/arm-none-eabi/6.3.1/thumb/v7e-m/crtbegin.o
                0x00402628                __init_array_end = .
                0x00402628                . = ALIGN (0x4)
 *crtbegin.o(.ctors)
 *(EXCLUDE_FILE(*crtend.o) .ctors)
 *(SORT(.ctors.*))
 *crtend.o(.ctors)
                0x00402628                . = ALIGN (0x4)
 *(.fini)
 .fini          0x00402628        0x4 c:/program files (x86)/atmel/studio/7.0/toolchain/arm/arm-gnu-toolchain/bin/../lib/gcc/arm-none-eabi/6.3.1/thumb/v7e-m/crti.o
                0x00402628                _fini
 .fini          0x0040262c        0x8 c:/program files (x86)/atmel/studio/7.0/toolchain/arm/arm-gnu-toolchain/bin/../lib/gcc/arm-none-eabi/6.3.1/thumb/v7e-m/crtn.o
                0x00402634                . = ALIGN (0x4)
                0x00402634                __fini_array_start = .
 *(.fini_array)
 .fini_array    0x00402634        0x4 c:/program files (x86)/atmel/studio/7.0/toolchain/arm/arm-gnu-toolchain/bin/../lib/gcc/arm-none-eabi/6.3.1/thumb/v7e-m/crtbegin.o
 *(SORT(.fini_array.*))
                0x00402638                __fini_array_end = .
 *crtbegin.o(.dtors)
 *(EXCLUDE_FILE(*crtend.o) .dtors)
 *(SORT(.dtors.*))
 *crtend.o(.dtors)
                0x00402638                . = ALIGN (0x4)
                0x00402638                _efixed = .
                [!provide]                PROVIDE (__exidx_start, .)

.vfp11_veneer   0x00402638        0x0
 .vfp11_veneer  0x00402638        0x0 linker stubs

.v4_bx          0x00402638        0x0
 .v4_bx         0x00402638        0x0 linker stubs

.iplt           0x00402638        0x0
 .iplt          0x00402638        0x0 c:/program files (x86)/atmel/studio/7.0/toolchain/arm/arm-gnu-toolchain/bin/../lib/gcc/arm-none-eabi/6.3.1/thumb/v7e-m/crtbegin.o

.eh_frame       0x00402638        0x0
 .eh_frame      0x00402638        0x0 c:/program files (x86)/atmel/studio/7.0/toolchain/arm/arm-gnu-toolchain/bin/../lib/gcc/arm-none-eabi/6.3.1/thumb/v7e-m/crtbegin.o

.rel.dyn        0x00402638        0x0
 .rel.iplt      0x00402638        0x0 c:/program files (x86)/atmel/studio/7.0/toolchain/arm/arm-gnu-toolchain/bin/../lib/gcc/arm-none-eabi/6.3.1/thumb/v7e-m/crtbegin.o

.jcr            0x00402638        0x0
 .jcr           0x00402638        0x0 c:/program files (x86)/atmel/studio/7.0/toolchain/arm/arm-gnu-toolchain/bin/../lib/gcc/arm-none-eabi/6.3.1/thumb/v7e-m/crtbegin.o

.igot.plt       0x00402638        0x0
 .igot.plt      0x00402638        0x0 c:/program files (x86)/atmel/studio/7.0/toolchain/arm/arm-gnu-toolchain/bin/../lib/gcc/arm-none-eabi/6.3.1/thumb/v7e-m/crtbegin.o

.ARM.exidx
 *(.ARM.exidx* .gnu.linkonce.armexidx.*)
                [!provide]                PROVIDE (__exidx_end, .)
                0x00402638                . = ALIGN (0x4)
                0x00402638                _etext = .

.relocate       0x20000000      0x43c load address 0x00402638
                0x20000000                . = ALIGN (0x4)
                0x20000000                _srelocate = .
 *(.ramfunc .ramfunc.*)
 *(.data .data.*)
 .data.uxCriticalNesting
                0x20000000        0x4 src/FreeRTOS/portable/GCC/ARM_CM4F/port.o
 .data.uxTopUsedPriority
                0x20000004        0x4 src/FreeRTOS/tasks.o
                0x20000004                uxTopUsedPriority
 .data.g_interrupt_enabled
                0x20000008        0x1 src/ASF/common/utils/interrupt/interrupt_sam_nvic.o
                0x20000008                g_interrupt_enabled
 *fill*         0x20000009        0x3 
 .data.SystemCoreClock
                0x2000000c        0x4 src/ASF/sam/utils/cmsis/sam4e/source/templates/system_sam4e.o
                0x2000000c                SystemCoreClock
 .data.impure_data
                0x20000010      0x428 c:/program files (x86)/atmel/studio/7.0/toolchain/arm/arm-gnu-toolchain/bin/../lib/gcc/arm-none-eabi/6.3.1/../../../../arm-none-eabi/lib/thumb/v7e-m\libc.a(lib_a-impure.o)
 .data.__atexit_recursive_mutex
                0x20000438        0x4 c:/program files (x86)/atmel/studio/7.0/toolchain/arm/arm-gnu-toolchain/bin/../lib/gcc/arm-none-eabi/6.3.1/../../../../arm-none-eabi/lib/thumb/v7e-m\libc.a(lib_a-__call_atexit.o)
                0x20000438                __atexit_recursive_mutex
                0x2000043c                . = ALIGN (0x4)
                0x2000043c                _erelocate = .

.bss            0x2000043c      0x1f8 load address 0x00402a74
                0x2000043c                . = ALIGN (0x4)
                0x2000043c                _sbss = .
                0x2000043c                _szero = .
 *(.bss .bss.*)
 .bss           0x2000043c       0x1c c:/program files (x86)/atmel/studio/7.0/toolchain/arm/arm-gnu-toolchain/bin/../lib/gcc/arm-none-eabi/6.3.1/thumb/v7e-m/crtbegin.o
 .bss.ucMaxSysCallPriority
                0x20000458        0x1 src/FreeRTOS/portable/GCC/ARM_CM4F/port.o
 *fill*         0x20000459        0x3 
 .bss.ulMaxPRIGROUPValue
                0x2000045c        0x4 src/FreeRTOS/portable/GCC/ARM_CM4F/port.o
 .bss.pxEnd     0x20000460        0x4 src/FreeRTOS/portable/MemMang/heap_5.o
 .bss.xBlockAllocatedBit
                0x20000464        0x4 src/FreeRTOS/portable/MemMang/heap_5.o
 .bss.xFreeBytesRemaining
                0x20000468        0x4 src/FreeRTOS/portable/MemMang/heap_5.o
 .bss.xMinimumEverFreeBytesRemaining
                0x2000046c        0x4 src/FreeRTOS/portable/MemMang/heap_5.o
 .bss.xNumberOfSuccessfulAllocations
                0x20000470        0x4 src/FreeRTOS/portable/MemMang/heap_5.o
 .bss.xNumberOfSuccessfulFrees
                0x20000474        0x4 src/FreeRTOS/portable/MemMang/heap_5.o
 .bss.xStart    0x20000478        0x8 src/FreeRTOS/portable/MemMang/heap_5.o
 .bss.pxCurrentTCB
                0x20000480        0x4 src/FreeRTOS/tasks.o
                0x20000480                pxCurrentTCB
 .bss.pxDelayedTaskList
                0x20000484        0x4 src/FreeRTOS/tasks.o
 .bss.pxOverflowDelayedTaskList
                0x20000488        0x4 src/FreeRTOS/tasks.o
 .bss.pxReadyTasksLists
                0x2000048c       0xa0 src/FreeRTOS/tasks.o
 .bss.uxCurrentNumberOfTasks
                0x2000052c        0x4 src/FreeRTOS/tasks.o
 .bss.uxSchedulerSuspended
                0x20000530        0x4 src/FreeRTOS/tasks.o
 .bss.uxTaskNumber
                0x20000534        0x4 src/FreeRTOS/tasks.o
 .bss.uxTopReadyPriority
                0x20000538        0x4 src/FreeRTOS/tasks.o
 .bss.xDelayedTaskList1
                0x2000053c       0x14 src/FreeRTOS/tasks.o
 .bss.xDelayedTaskList2
                0x20000550       0x14 src/FreeRTOS/tasks.o
 .bss.xIdleTaskHandle
                0x20000564        0x4 src/FreeRTOS/tasks.o
 .bss.xNextTaskUnblockTime
                0x20000568        0x4 src/FreeRTOS/tasks.o
 .bss.xNumOfOverflows
                0x2000056c        0x4 src/FreeRTOS/tasks.o
 .bss.xPendedTicks
                0x20000570        0x4 src/FreeRTOS/tasks.o
 .bss.xPendingReadyList
                0x20000574       0x14 src/FreeRTOS/tasks.o
 .bss.xSchedulerRunning
                0x20000588        0x4 src/FreeRTOS/tasks.o
 .bss.xTickCount
                0x2000058c        0x4 src/FreeRTOS/tasks.o
 .bss.xYieldPending
                0x20000590        0x4 src/FreeRTOS/tasks.o
 .bss.pxCurrentTimerList
                0x20000594        0x4 src/FreeRTOS/timers.o
 .bss.pxOverflowTimerList
                0x20000598        0x4 src/FreeRTOS/timers.o
 .bss.xActiveTimerList1
                0x2000059c       0x14 src/FreeRTOS/timers.o
 .bss.xActiveTimerList2
                0x200005b0       0x14 src/FreeRTOS/timers.o
 .bss.xLastTime.6608
                0x200005c4        0x4 src/FreeRTOS/timers.o
 .bss.xTimerQueue
                0x200005c8        0x4 src/FreeRTOS/timers.o
 .bss.xTimerTaskHandle
                0x200005cc        0x4 src/FreeRTOS/timers.o
 *(COMMON)
 COMMON         0x200005d0       0x40 src/FreeRTOS/queue.o
                0x200005d0                xQueueRegistry
 COMMON         0x20000610       0x21 c:/program files (x86)/atmel/studio/7.0/toolchain/arm/arm-gnu-toolchain/bin/../lib/gcc/arm-none-eabi/6.3.1/../../../../arm-none-eabi/lib/thumb/v7e-m\libc.a(lib_a-lock.o)
                0x20000610                __lock___atexit_recursive_mutex
                0x20000614                __lock___arc4random_mutex
                0x20000618                __lock___env_recursive_mutex
                0x2000061c                __lock___sinit_recursive_mutex
                0x20000620                __lock___malloc_recursive_mutex
                0x20000624                __lock___at_quick_exit_mutex
                0x20000628                __lock___dd_hash_mutex
                0x2000062c                __lock___tz_mutex
                0x20000630                __lock___sfp_recursive_mutex
                0x20000634                . = ALIGN (0x4)
 *fill*         0x20000631        0x3 
                0x20000634                _ebss = .
                0x20000634                _ezero = .

.stack          0x20000634     0x3004 load address 0x00402c6c
                0x20000638                . = ALIGN (0x8)
 *fill*         0x20000634        0x4 
                0x20000638                _sstack = .
                0x20003638                . = (. + __stack_size__)
 *fill*         0x20000638     0x3000 
                0x20003638                . = ALIGN (0x8)
                0x20003638                _estack = .
                0x20003638                . = ALIGN (0x4)
                0x20003638                _end = .
OUTPUT(Lab01.elf elf32-littlearm)

.ARM.attributes
                0x00000000       0x2e
 .ARM.attributes
                0x00000000       0x1e c:/program files (x86)/atmel/studio/7.0/toolchain/arm/arm-gnu-toolchain/bin/../lib/gcc/arm-none-eabi/6.3.1/thumb/v7e-m/crti.o
 .ARM.attributes
                0x0000001e       0x2e c:/program files (x86)/atmel/studio/7.0/toolchain/arm/arm-gnu-toolchain/bin/../lib/gcc/arm-none-eabi/6.3.1/thumb/v7e-m/crtbegin.o
 .ARM.attributes
                0x0000004c       0x37 src/FreeRTOS/list.o
 .ARM.attributes
                0x00000083       0x37 src/FreeRTOS/portable/GCC/ARM_CM4F/port.o
 .ARM.attributes
                0x000000ba       0x37 src/FreeRTOS/portable/MemMang/heap_5.o
 .ARM.attributes
                0x000000f1       0x37 src/FreeRTOS/queue.o
 .ARM.attributes
                0x00000128       0x37 src/FreeRTOS/tasks.o
 .ARM.attributes
                0x0000015f       0x37 src/FreeRTOS/timers.o
 .ARM.attributes
                0x00000196       0x37 src/mytasks.o
 .ARM.attributes
                0x000001cd       0x37 src/ASF/common/services/clock/sam4e/sysclk.o
 .ARM.attributes
                0x00000204       0x37 src/ASF/common/utils/interrupt/interrupt_sam_nvic.o
 .ARM.attributes
                0x0000023b       0x37 src/ASF/sam/boards/sam4e_xplained_pro/init.o
 .ARM.attributes
                0x00000272       0x37 src/ASF/sam/drivers/pmc/pmc.o
 .ARM.attributes
                0x000002a9       0x37 src/ASF/sam/utils/cmsis/sam4e/source/templates/exceptions.o
 .ARM.attributes
                0x000002e0       0x37 src/ASF/sam/utils/cmsis/sam4e/source/templates/gcc/startup_sam4e.o
 .ARM.attributes
                0x00000317       0x37 src/ASF/sam/utils/cmsis/sam4e/source/templates/system_sam4e.o
 .ARM.attributes
                0x0000034e       0x37 src/main.o
 .ARM.attributes
                0x00000385       0x2e c:/program files (x86)/atmel/studio/7.0/toolchain/arm/arm-gnu-toolchain/bin/../lib/gcc/arm-none-eabi/6.3.1/../../../../arm-none-eabi/lib/thumb/v7e-m\libc.a(lib_a-impure.o)
 .ARM.attributes
                0x000003b3       0x2e c:/program files (x86)/atmel/studio/7.0/toolchain/arm/arm-gnu-toolchain/bin/../lib/gcc/arm-none-eabi/6.3.1/../../../../arm-none-eabi/lib/thumb/v7e-m\libc.a(lib_a-init.o)
 .ARM.attributes
                0x000003e1       0x1c c:/program files (x86)/atmel/studio/7.0/toolchain/arm/arm-gnu-toolchain/bin/../lib/gcc/arm-none-eabi/6.3.1/../../../../arm-none-eabi/lib/thumb/v7e-m\libc.a(lib_a-memcpy.o)
 .ARM.attributes
                0x000003fd       0x2e c:/program files (x86)/atmel/studio/7.0/toolchain/arm/arm-gnu-toolchain/bin/../lib/gcc/arm-none-eabi/6.3.1/../../../../arm-none-eabi/lib/thumb/v7e-m\libc.a(lib_a-memset.o)
 .ARM.attributes
                0x0000042b       0x2e c:/program files (x86)/atmel/studio/7.0/toolchain/arm/arm-gnu-toolchain/bin/../lib/gcc/arm-none-eabi/6.3.1/../../../../arm-none-eabi/lib/thumb/v7e-m\libc.a(lib_a-__call_atexit.o)
 .ARM.attributes
                0x00000459       0x2e c:/program files (x86)/atmel/studio/7.0/toolchain/arm/arm-gnu-toolchain/bin/../lib/gcc/arm-none-eabi/6.3.1/../../../../arm-none-eabi/lib/thumb/v7e-m\libc.a(lib_a-atexit.o)
 .ARM.attributes
                0x00000487       0x2e c:/program files (x86)/atmel/studio/7.0/toolchain/arm/arm-gnu-toolchain/bin/../lib/gcc/arm-none-eabi/6.3.1/../../../../arm-none-eabi/lib/thumb/v7e-m\libc.a(lib_a-fini.o)
 .ARM.attributes
                0x000004b5       0x2e c:/program files (x86)/atmel/studio/7.0/toolchain/arm/arm-gnu-toolchain/bin/../lib/gcc/arm-none-eabi/6.3.1/../../../../arm-none-eabi/lib/thumb/v7e-m\libc.a(lib_a-lock.o)
 .ARM.attributes
                0x000004e3       0x2e c:/program files (x86)/atmel/studio/7.0/toolchain/arm/arm-gnu-toolchain/bin/../lib/gcc/arm-none-eabi/6.3.1/../../../../arm-none-eabi/lib/thumb/v7e-m\libc.a(lib_a-__atexit.o)
 .ARM.attributes
                0x00000511       0x1e c:/program files (x86)/atmel/studio/7.0/toolchain/arm/arm-gnu-toolchain/bin/../lib/gcc/arm-none-eabi/6.3.1/thumb/v7e-m/crtn.o

.comment        0x00000000       0x59
 .comment       0x00000000       0x59 src/FreeRTOS/list.o
                                 0x5a (size before relaxing)
 .comment       0x00000059       0x5a src/FreeRTOS/portable/GCC/ARM_CM4F/port.o
 .comment       0x00000059       0x5a src/FreeRTOS/portable/MemMang/heap_5.o
 .comment       0x00000059       0x5a src/FreeRTOS/queue.o
 .comment       0x00000059       0x5a src/FreeRTOS/tasks.o
 .comment       0x00000059       0x5a src/FreeRTOS/timers.o
 .comment       0x00000059       0x5a src/mytasks.o
 .comment       0x00000059       0x5a src/ASF/common/services/clock/sam4e/sysclk.o
 .comment       0x00000059       0x5a src/ASF/common/utils/interrupt/interrupt_sam_nvic.o
 .comment       0x00000059       0x5a src/ASF/sam/boards/sam4e_xplained_pro/init.o
 .comment       0x00000059       0x5a src/ASF/sam/drivers/pmc/pmc.o
 .comment       0x00000059       0x5a src/ASF/sam/utils/cmsis/sam4e/source/templates/exceptions.o
 .comment       0x00000059       0x5a src/ASF/sam/utils/cmsis/sam4e/source/templates/gcc/startup_sam4e.o
 .comment       0x00000059       0x5a src/ASF/sam/utils/cmsis/sam4e/source/templates/system_sam4e.o
 .comment       0x00000059       0x5a src/main.o

.debug_info     0x00000000    0x1173b
 .debug_info    0x00000000      0xbeb src/FreeRTOS/list.o
 .debug_info    0x00000beb      0x57b src/FreeRTOS/portable/GCC/ARM_CM4F/port.o
 .debug_info    0x00001166      0xf73 src/FreeRTOS/portable/MemMang/heap_5.o
 .debug_info    0x000020d9     0x2d0c src/FreeRTOS/queue.o
 .debug_info    0x00004de5     0x2a17 src/FreeRTOS/tasks.o
 .debug_info    0x000077fc     0x1c32 src/FreeRTOS/timers.o
 .debug_info    0x0000942e     0x11be src/mytasks.o
 .debug_info    0x0000a5ec     0x12b0 src/ASF/common/services/clock/sam4e/sysclk.o
 .debug_info    0x0000b89c      0xaff src/ASF/common/utils/interrupt/interrupt_sam_nvic.o
 .debug_info    0x0000c39b     0x15d3 src/ASF/sam/boards/sam4e_xplained_pro/init.o
 .debug_info    0x0000d96e     0x18b1 src/ASF/sam/drivers/pmc/pmc.o
 .debug_info    0x0000f21f       0xdc src/ASF/sam/utils/cmsis/sam4e/source/templates/exceptions.o
 .debug_info    0x0000f2fb     0x1240 src/ASF/sam/utils/cmsis/sam4e/source/templates/gcc/startup_sam4e.o
 .debug_info    0x0001053b      0x495 src/ASF/sam/utils/cmsis/sam4e/source/templates/system_sam4e.o
 .debug_info    0x000109d0      0xd6b src/main.o

.debug_abbrev   0x00000000     0x27b2
 .debug_abbrev  0x00000000      0x221 src/FreeRTOS/list.o
 .debug_abbrev  0x00000221      0x247 src/FreeRTOS/portable/GCC/ARM_CM4F/port.o
 .debug_abbrev  0x00000468      0x2c5 src/FreeRTOS/portable/MemMang/heap_5.o
 .debug_abbrev  0x0000072d      0x382 src/FreeRTOS/queue.o
 .debug_abbrev  0x00000aaf      0x43c src/FreeRTOS/tasks.o
 .debug_abbrev  0x00000eeb      0x38d src/FreeRTOS/timers.o
 .debug_abbrev  0x00001278      0x2ec src/mytasks.o
 .debug_abbrev  0x00001564      0x32c src/ASF/common/services/clock/sam4e/sysclk.o
 .debug_abbrev  0x00001890      0x221 src/ASF/common/utils/interrupt/interrupt_sam_nvic.o
 .debug_abbrev  0x00001ab1      0x2e4 src/ASF/sam/boards/sam4e_xplained_pro/init.o
 .debug_abbrev  0x00001d95      0x315 src/ASF/sam/drivers/pmc/pmc.o
 .debug_abbrev  0x000020aa       0x7d src/ASF/sam/utils/cmsis/sam4e/source/templates/exceptions.o
 .debug_abbrev  0x00002127      0x2bd src/ASF/sam/utils/cmsis/sam4e/source/templates/gcc/startup_sam4e.o
 .debug_abbrev  0x000023e4      0x102 src/ASF/sam/utils/cmsis/sam4e/source/templates/system_sam4e.o
 .debug_abbrev  0x000024e6      0x2cc src/main.o

.debug_loc      0x00000000     0x669a
 .debug_loc     0x00000000       0x91 src/FreeRTOS/list.o
 .debug_loc     0x00000091      0x21f src/FreeRTOS/portable/GCC/ARM_CM4F/port.o
 .debug_loc     0x000002b0      0x622 src/FreeRTOS/portable/MemMang/heap_5.o
 .debug_loc     0x000008d2     0x1faf src/FreeRTOS/queue.o
 .debug_loc     0x00002881     0x1f1c src/FreeRTOS/tasks.o
 .debug_loc     0x0000479d     0x107b src/FreeRTOS/timers.o
 .debug_loc     0x00005818       0x86 src/mytasks.o
 .debug_loc     0x0000589e      0x1c0 src/ASF/common/services/clock/sam4e/sysclk.o
 .debug_loc     0x00005a5e      0x13b src/ASF/sam/boards/sam4e_xplained_pro/init.o
 .debug_loc     0x00005b99      0x9c6 src/ASF/sam/drivers/pmc/pmc.o
 .debug_loc     0x0000655f       0x77 src/ASF/sam/utils/cmsis/sam4e/source/templates/gcc/startup_sam4e.o
 .debug_loc     0x000065d6       0xc4 src/main.o

.debug_aranges  0x00000000      0x780
 .debug_aranges
                0x00000000       0x40 src/FreeRTOS/list.o
 .debug_aranges
                0x00000040       0x80 src/FreeRTOS/portable/GCC/ARM_CM4F/port.o
 .debug_aranges
                0x000000c0       0x50 src/FreeRTOS/portable/MemMang/heap_5.o
 .debug_aranges
                0x00000110      0x128 src/FreeRTOS/queue.o
 .debug_aranges
                0x00000238      0x160 src/FreeRTOS/tasks.o
 .debug_aranges
                0x00000398       0xb8 src/FreeRTOS/timers.o
 .debug_aranges
                0x00000450       0x28 src/mytasks.o
 .debug_aranges
                0x00000478       0x40 src/ASF/common/services/clock/sam4e/sysclk.o
 .debug_aranges
                0x000004b8       0x28 src/ASF/common/utils/interrupt/interrupt_sam_nvic.o
 .debug_aranges
                0x000004e0       0x20 src/ASF/sam/boards/sam4e_xplained_pro/init.o
 .debug_aranges
                0x00000500      0x1d8 src/ASF/sam/drivers/pmc/pmc.o
 .debug_aranges
                0x000006d8       0x20 src/ASF/sam/utils/cmsis/sam4e/source/templates/exceptions.o
 .debug_aranges
                0x000006f8       0x20 src/ASF/sam/utils/cmsis/sam4e/source/templates/gcc/startup_sam4e.o
 .debug_aranges
                0x00000718       0x30 src/ASF/sam/utils/cmsis/sam4e/source/templates/system_sam4e.o
 .debug_aranges
                0x00000748       0x38 src/main.o

.debug_ranges   0x00000000      0x998
 .debug_ranges  0x00000000       0x30 src/FreeRTOS/list.o
 .debug_ranges  0x00000030       0x88 src/FreeRTOS/portable/GCC/ARM_CM4F/port.o
 .debug_ranges  0x000000b8       0x40 src/FreeRTOS/portable/MemMang/heap_5.o
 .debug_ranges  0x000000f8      0x250 src/FreeRTOS/queue.o
 .debug_ranges  0x00000348      0x288 src/FreeRTOS/tasks.o
 .debug_ranges  0x000005d0      0x128 src/FreeRTOS/timers.o
 .debug_ranges  0x000006f8       0x18 src/mytasks.o
 .debug_ranges  0x00000710       0x30 src/ASF/common/services/clock/sam4e/sysclk.o
 .debug_ranges  0x00000740       0x18 src/ASF/common/utils/interrupt/interrupt_sam_nvic.o
 .debug_ranges  0x00000758       0x10 src/ASF/sam/boards/sam4e_xplained_pro/init.o
 .debug_ranges  0x00000768      0x1c8 src/ASF/sam/drivers/pmc/pmc.o
 .debug_ranges  0x00000930       0x10 src/ASF/sam/utils/cmsis/sam4e/source/templates/exceptions.o
 .debug_ranges  0x00000940       0x10 src/ASF/sam/utils/cmsis/sam4e/source/templates/gcc/startup_sam4e.o
 .debug_ranges  0x00000950       0x20 src/ASF/sam/utils/cmsis/sam4e/source/templates/system_sam4e.o
 .debug_ranges  0x00000970       0x28 src/main.o

.debug_macro    0x00000000    0x17309
 .debug_macro   0x00000000      0x19c src/FreeRTOS/list.o
 .debug_macro   0x0000019c      0x8ce src/FreeRTOS/list.o
 .debug_macro   0x00000a6a       0x22 src/FreeRTOS/list.o
 .debug_macro   0x00000a8c       0x52 src/FreeRTOS/list.o
 .debug_macro   0x00000ade       0x8d src/FreeRTOS/list.o
 .debug_macro   0x00000b6b       0x35 src/FreeRTOS/list.o
 .debug_macro   0x00000ba0       0x9c src/FreeRTOS/list.o
 .debug_macro   0x00000c3c       0x16 src/FreeRTOS/list.o
 .debug_macro   0x00000c52      0x10e src/FreeRTOS/list.o
 .debug_macro   0x00000d60       0x86 src/FreeRTOS/list.o
 .debug_macro   0x00000de6       0x57 src/FreeRTOS/list.o
 .debug_macro   0x00000e3d       0x58 src/FreeRTOS/list.o
 .debug_macro   0x00000e95       0x1f src/FreeRTOS/list.o
 .debug_macro   0x00000eb4       0x43 src/FreeRTOS/list.o
 .debug_macro   0x00000ef7       0x20 src/FreeRTOS/list.o
 .debug_macro   0x00000f17      0x187 src/FreeRTOS/list.o
 .debug_macro   0x0000109e      0x353 src/FreeRTOS/list.o
 .debug_macro   0x000013f1       0x16 src/FreeRTOS/list.o
 .debug_macro   0x00001407       0x29 src/FreeRTOS/list.o
 .debug_macro   0x00001430       0xef src/FreeRTOS/list.o
 .debug_macro   0x0000151f       0x6a src/FreeRTOS/list.o
 .debug_macro   0x00001589      0x1df src/FreeRTOS/list.o
 .debug_macro   0x00001768      0x136 src/FreeRTOS/list.o
 .debug_macro   0x0000189e      0x15a src/FreeRTOS/list.o
 .debug_macro   0x000019f8       0xe4 src/FreeRTOS/list.o
 .debug_macro   0x00001adc       0x28 src/FreeRTOS/list.o
 .debug_macro   0x00001b04       0x1f src/FreeRTOS/list.o
 .debug_macro   0x00001b23       0x12 src/FreeRTOS/list.o
 .debug_macro   0x00001b35      0x4da src/FreeRTOS/list.o
 .debug_macro   0x0000200f       0xc3 src/FreeRTOS/list.o
 .debug_macro   0x000020d2      0x1ab src/FreeRTOS/portable/GCC/ARM_CM4F/port.o
 .debug_macro   0x0000227d      0x16d src/FreeRTOS/portable/GCC/ARM_CM4F/port.o
 .debug_macro   0x000023ea       0x87 src/FreeRTOS/portable/GCC/ARM_CM4F/port.o
 .debug_macro   0x00002471       0x51 src/FreeRTOS/portable/GCC/ARM_CM4F/port.o
 .debug_macro   0x000024c2      0x120 src/FreeRTOS/portable/GCC/ARM_CM4F/port.o
 .debug_macro   0x000025e2      0x1b7 src/FreeRTOS/portable/MemMang/heap_5.o
 .debug_macro   0x00002799      0x216 src/FreeRTOS/queue.o
 .debug_macro   0x000029af       0x16 src/FreeRTOS/queue.o
 .debug_macro   0x000029c5       0x35 src/FreeRTOS/queue.o
 .debug_macro   0x000029fa       0x80 src/FreeRTOS/queue.o
 .debug_macro   0x00002a7a      0x32a src/FreeRTOS/tasks.o
 .debug_macro   0x00002da4       0x91 src/FreeRTOS/tasks.o
 .debug_macro   0x00002e35       0x16 src/FreeRTOS/tasks.o
 .debug_macro   0x00002e4b       0x1c src/FreeRTOS/tasks.o
 .debug_macro   0x00002e67       0x10 src/FreeRTOS/tasks.o
 .debug_macro   0x00002e77       0x10 src/FreeRTOS/tasks.o
 .debug_macro   0x00002e87       0x1c src/FreeRTOS/tasks.o
 .debug_macro   0x00002ea3       0x52 src/FreeRTOS/tasks.o
 .debug_macro   0x00002ef5       0x40 src/FreeRTOS/tasks.o
 .debug_macro   0x00002f35       0x10 src/FreeRTOS/tasks.o
 .debug_macro   0x00002f45       0x40 src/FreeRTOS/tasks.o
 .debug_macro   0x00002f85       0xd7 src/FreeRTOS/tasks.o
 .debug_macro   0x0000305c       0x16 src/FreeRTOS/tasks.o
 .debug_macro   0x00003072      0x18b src/FreeRTOS/tasks.o
 .debug_macro   0x000031fd      0x1eb src/FreeRTOS/timers.o
 .debug_macro   0x000033e8       0x97 src/FreeRTOS/timers.o
 .debug_macro   0x0000347f      0x6f4 src/mytasks.o
 .debug_macro   0x00003b73      0x71d src/mytasks.o
 .debug_macro   0x00004290       0x76 src/mytasks.o
 .debug_macro   0x00004306       0x16 src/mytasks.o
 .debug_macro   0x0000431c      0x6da src/mytasks.o
 .debug_macro   0x000049f6       0x27 src/mytasks.o
 .debug_macro   0x00004a1d       0x1c src/mytasks.o
 .debug_macro   0x00004a39       0x22 src/mytasks.o
 .debug_macro   0x00004a5b       0xdf src/mytasks.o
 .debug_macro   0x00004b3a     0x102d src/mytasks.o
 .debug_macro   0x00005b67      0x11f src/mytasks.o
 .debug_macro   0x00005c86      0x154 src/mytasks.o
 .debug_macro   0x00005dda      0x18f src/mytasks.o
 .debug_macro   0x00005f69      0xbec src/mytasks.o
 .debug_macro   0x00006b55      0x535 src/mytasks.o
 .debug_macro   0x0000708a      0x196 src/mytasks.o
 .debug_macro   0x00007220      0x11e src/mytasks.o
 .debug_macro   0x0000733e      0x428 src/mytasks.o
 .debug_macro   0x00007766      0x541 src/mytasks.o
 .debug_macro   0x00007ca7      0x106 src/mytasks.o
 .debug_macro   0x00007dad      0xa74 src/mytasks.o
 .debug_macro   0x00008821       0x1c src/mytasks.o
 .debug_macro   0x0000883d      0x735 src/mytasks.o
 .debug_macro   0x00008f72      0x44d src/mytasks.o
 .debug_macro   0x000093bf       0xbe src/mytasks.o
 .debug_macro   0x0000947d     0x28b1 src/mytasks.o
 .debug_macro   0x0000bd2e      0x834 src/mytasks.o
 .debug_macro   0x0000c562      0xb28 src/mytasks.o
 .debug_macro   0x0000d08a       0x9a src/mytasks.o
 .debug_macro   0x0000d124       0x76 src/mytasks.o
 .debug_macro   0x0000d19a      0x3cf src/mytasks.o
 .debug_macro   0x0000d569       0x64 src/mytasks.o
 .debug_macro   0x0000d5cd      0x1a6 src/mytasks.o
 .debug_macro   0x0000d773      0x37c src/mytasks.o
 .debug_macro   0x0000daef      0x6fd src/mytasks.o
 .debug_macro   0x0000e1ec      0x6f4 src/mytasks.o
 .debug_macro   0x0000e8e0      0x377 src/mytasks.o
 .debug_macro   0x0000ec57      0x2a1 src/mytasks.o
 .debug_macro   0x0000eef8      0x2cd src/mytasks.o
 .debug_macro   0x0000f1c5      0x6b2 src/mytasks.o
 .debug_macro   0x0000f877       0x76 src/mytasks.o
 .debug_macro   0x0000f8ed      0x2e9 src/mytasks.o
 .debug_macro   0x0000fbd6       0x46 src/mytasks.o
 .debug_macro   0x0000fc1c      0x21b src/mytasks.o
 .debug_macro   0x0000fe37      0x21b src/mytasks.o
 .debug_macro   0x00010052      0x287 src/mytasks.o
 .debug_macro   0x000102d9       0x88 src/mytasks.o
 .debug_macro   0x00010361       0x82 src/mytasks.o
 .debug_macro   0x000103e3       0xb8 src/mytasks.o
 .debug_macro   0x0001049b       0x52 src/mytasks.o
 .debug_macro   0x000104ed       0x88 src/mytasks.o
 .debug_macro   0x00010575      0x1bb src/mytasks.o
 .debug_macro   0x00010730      0x1bb src/mytasks.o
 .debug_macro   0x000108eb      0x12b src/mytasks.o
 .debug_macro   0x00010a16       0xac src/mytasks.o
 .debug_macro   0x00010ac2       0xac src/mytasks.o
 .debug_macro   0x00010b6e       0x94 src/mytasks.o
 .debug_macro   0x00010c02       0x94 src/mytasks.o
 .debug_macro   0x00010c96       0xdc src/mytasks.o
 .debug_macro   0x00010d72       0xdc src/mytasks.o
 .debug_macro   0x00010e4e       0x7c src/mytasks.o
 .debug_macro   0x00010eca       0x40 src/mytasks.o
 .debug_macro   0x00010f0a       0xee src/mytasks.o
 .debug_macro   0x00010ff8       0x46 src/mytasks.o
 .debug_macro   0x0001103e       0x58 src/mytasks.o
 .debug_macro   0x00011096       0xa6 src/mytasks.o
 .debug_macro   0x0001113c       0x82 src/mytasks.o
 .debug_macro   0x000111be       0x16 src/mytasks.o
 .debug_macro   0x000111d4       0x22 src/mytasks.o
 .debug_macro   0x000111f6      0x193 src/mytasks.o
 .debug_macro   0x00011389      0x163 src/mytasks.o
 .debug_macro   0x000114ec      0x163 src/mytasks.o
 .debug_macro   0x0001164f      0x163 src/mytasks.o
 .debug_macro   0x000117b2      0x163 src/mytasks.o
 .debug_macro   0x00011915       0x1c src/mytasks.o
 .debug_macro   0x00011931       0x2e src/mytasks.o
 .debug_macro   0x0001195f       0x22 src/mytasks.o
 .debug_macro   0x00011981       0x1c src/mytasks.o
 .debug_macro   0x0001199d       0x52 src/mytasks.o
 .debug_macro   0x000119ef       0x10 src/mytasks.o
 .debug_macro   0x000119ff       0x1c src/mytasks.o
 .debug_macro   0x00011a1b      0x2b2 src/mytasks.o
 .debug_macro   0x00011ccd      0xc83 src/mytasks.o
 .debug_macro   0x00012950      0x10e src/mytasks.o
 .debug_macro   0x00012a5e       0x58 src/mytasks.o
 .debug_macro   0x00012ab6       0x16 src/mytasks.o
 .debug_macro   0x00012acc      0x34d src/mytasks.o
 .debug_macro   0x00012e19       0x22 src/mytasks.o
 .debug_macro   0x00012e3b       0x73 src/mytasks.o
 .debug_macro   0x00012eae       0x3e src/mytasks.o
 .debug_macro   0x00012eec      0x3ca src/mytasks.o
 .debug_macro   0x000132b6      0x2df src/mytasks.o
 .debug_macro   0x00013595      0x943 src/mytasks.o
 .debug_macro   0x00013ed8       0x34 src/mytasks.o
 .debug_macro   0x00013f0c       0x58 src/mytasks.o
 .debug_macro   0x00013f64       0x64 src/mytasks.o
 .debug_macro   0x00013fc8       0x40 src/mytasks.o
 .debug_macro   0x00014008       0x82 src/mytasks.o
 .debug_macro   0x0001408a       0x82 src/mytasks.o
 .debug_macro   0x0001410c       0x34 src/mytasks.o
 .debug_macro   0x00014140       0x16 src/mytasks.o
 .debug_macro   0x00014156       0x1c src/mytasks.o
 .debug_macro   0x00014172      0x13c src/mytasks.o
 .debug_macro   0x000142ae      0x624 src/ASF/common/services/clock/sam4e/sysclk.o
 .debug_macro   0x000148d2      0x2d9 src/ASF/common/services/clock/sam4e/sysclk.o
 .debug_macro   0x00014bab      0x59d src/ASF/common/utils/interrupt/interrupt_sam_nvic.o
 .debug_macro   0x00015148      0x657 src/ASF/sam/boards/sam4e_xplained_pro/init.o
 .debug_macro   0x0001579f      0x5b2 src/ASF/sam/drivers/pmc/pmc.o
 .debug_macro   0x00015d51       0x52 src/ASF/sam/drivers/pmc/pmc.o
 .debug_macro   0x00015da3      0x3a4 src/ASF/sam/utils/cmsis/sam4e/source/templates/exceptions.o
 .debug_macro   0x00016147      0x5b6 src/ASF/sam/utils/cmsis/sam4e/source/templates/gcc/startup_sam4e.o
 .debug_macro   0x000166fd       0x10 src/ASF/sam/utils/cmsis/sam4e/source/templates/gcc/startup_sam4e.o
 .debug_macro   0x0001670d      0x3b2 src/ASF/sam/utils/cmsis/sam4e/source/templates/system_sam4e.o
 .debug_macro   0x00016abf      0x73f src/main.o
 .debug_macro   0x000171fe       0x86 src/main.o
 .debug_macro   0x00017284       0x85 src/main.o

.debug_line     0x00000000     0x891f
 .debug_line    0x00000000      0x459 src/FreeRTOS/list.o
 .debug_line    0x00000459      0x4e2 src/FreeRTOS/portable/GCC/ARM_CM4F/port.o
 .debug_line    0x0000093b      0x560 src/FreeRTOS/portable/MemMang/heap_5.o
 .debug_line    0x00000e9b      0xbb1 src/FreeRTOS/queue.o
 .debug_line    0x00001a4c      0xbfc src/FreeRTOS/tasks.o
 .debug_line    0x00002648      0x6b0 src/FreeRTOS/timers.o
 .debug_line    0x00002cf8      0xbd9 src/mytasks.o
 .debug_line    0x000038d1      0xab3 src/ASF/common/services/clock/sam4e/sysclk.o
 .debug_line    0x00004384      0x930 src/ASF/common/utils/interrupt/interrupt_sam_nvic.o
 .debug_line    0x00004cb4      0xaba src/ASF/sam/boards/sam4e_xplained_pro/init.o
 .debug_line    0x0000576e      0xe29 src/ASF/sam/drivers/pmc/pmc.o
 .debug_line    0x00006597      0x697 src/ASF/sam/utils/cmsis/sam4e/source/templates/exceptions.o
 .debug_line    0x00006c2e      0x99e src/ASF/sam/utils/cmsis/sam4e/source/templates/gcc/startup_sam4e.o
 .debug_line    0x000075cc      0x71a src/ASF/sam/utils/cmsis/sam4e/source/templates/system_sam4e.o
 .debug_line    0x00007ce6      0xc39 src/main.o

.debug_str      0x00000000    0x6adda
 .debug_str     0x00000000     0xa1be src/FreeRTOS/list.o
                               0xa436 (size before relaxing)
 .debug_str     0x0000a1be     0x1ad0 src/FreeRTOS/portable/GCC/ARM_CM4F/port.o
                               0x9043 (size before relaxing)
 .debug_str     0x0000bc8e      0x3bb src/FreeRTOS/portable/MemMang/heap_5.o
                               0xb983 (size before relaxing)
 .debug_str     0x0000c049     0x1192 src/FreeRTOS/queue.o
                               0xc919 (size before relaxing)
 .debug_str     0x0000d1db     0x2abc src/FreeRTOS/tasks.o
                               0xe4d6 (size before relaxing)
 .debug_str     0x0000fc97      0x5b6 src/FreeRTOS/timers.o
                               0xccd9 (size before relaxing)
 .debug_str     0x0001024d    0x58e69 src/mytasks.o
                              0x65799 (size before relaxing)
 .debug_str     0x000690b6      0x3e3 src/ASF/common/services/clock/sam4e/sysclk.o
                              0x6040a (size before relaxing)
 .debug_str     0x00069499       0x94 src/ASF/common/utils/interrupt/interrupt_sam_nvic.o
                              0x5bac5 (size before relaxing)
 .debug_str     0x0006952d      0x39e src/ASF/sam/boards/sam4e_xplained_pro/init.o
                              0x609fa (size before relaxing)
 .debug_str     0x000698cb      0x5c0 src/ASF/sam/drivers/pmc/pmc.o
                              0x5c44d (size before relaxing)
 .debug_str     0x00069e8b       0x4d src/ASF/sam/utils/cmsis/sam4e/source/templates/exceptions.o
                              0x4b23b (size before relaxing)
 .debug_str     0x00069ed8      0x50e src/ASF/sam/utils/cmsis/sam4e/source/templates/gcc/startup_sam4e.o
                              0x5c07c (size before relaxing)
 .debug_str     0x0006a3e6      0x17b src/ASF/sam/utils/cmsis/sam4e/source/templates/system_sam4e.o
                              0x4b505 (size before relaxing)
 .debug_str     0x0006a561      0x879 src/main.o
                              0x66c19 (size before relaxing)

.debug_frame    0x00000000     0x14b4
 .debug_frame   0x00000000       0x6c src/FreeRTOS/list.o
 .debug_frame   0x0000006c      0x124 src/FreeRTOS/portable/GCC/ARM_CM4F/port.o
 .debug_frame   0x00000190       0xd4 src/FreeRTOS/portable/MemMang/heap_5.o
 .debug_frame   0x00000264      0x404 src/FreeRTOS/queue.o
 .debug_frame   0x00000668      0x458 src/FreeRTOS/tasks.o
 .debug_frame   0x00000ac0      0x258 src/FreeRTOS/timers.o
 .debug_frame   0x00000d18       0x3c src/mytasks.o
 .debug_frame   0x00000d54       0x88 src/ASF/common/services/clock/sam4e/sysclk.o
 .debug_frame   0x00000ddc       0x30 src/ASF/common/utils/interrupt/interrupt_sam_nvic.o
 .debug_frame   0x00000e0c       0x28 src/ASF/sam/boards/sam4e_xplained_pro/init.o
 .debug_frame   0x00000e34      0x39c src/ASF/sam/drivers/pmc/pmc.o
 .debug_frame   0x000011d0       0x20 src/ASF/sam/utils/cmsis/sam4e/source/templates/exceptions.o
 .debug_frame   0x000011f0       0x28 src/ASF/sam/utils/cmsis/sam4e/source/templates/gcc/startup_sam4e.o
 .debug_frame   0x00001218       0x40 src/ASF/sam/utils/cmsis/sam4e/source/templates/system_sam4e.o
 .debug_frame   0x00001258       0x68 src/main.o
 .debug_frame   0x000012c0       0x2c c:/program files (x86)/atmel/studio/7.0/toolchain/arm/arm-gnu-toolchain/bin/../lib/gcc/arm-none-eabi/6.3.1/../../../../arm-none-eabi/lib/thumb/v7e-m\libc.a(lib_a-init.o)
 .debug_frame   0x000012ec       0x34 c:/program files (x86)/atmel/studio/7.0/toolchain/arm/arm-gnu-toolchain/bin/../lib/gcc/arm-none-eabi/6.3.1/../../../../arm-none-eabi/lib/thumb/v7e-m\libc.a(lib_a-memset.o)
 .debug_frame   0x00001320       0x5c c:/program files (x86)/atmel/studio/7.0/toolchain/arm/arm-gnu-toolchain/bin/../lib/gcc/arm-none-eabi/6.3.1/../../../../arm-none-eabi/lib/thumb/v7e-m\libc.a(lib_a-__call_atexit.o)
 .debug_frame   0x0000137c       0x20 c:/program files (x86)/atmel/studio/7.0/toolchain/arm/arm-gnu-toolchain/bin/../lib/gcc/arm-none-eabi/6.3.1/../../../../arm-none-eabi/lib/thumb/v7e-m\libc.a(lib_a-atexit.o)
 .debug_frame   0x0000139c       0x34 c:/program files (x86)/atmel/studio/7.0/toolchain/arm/arm-gnu-toolchain/bin/../lib/gcc/arm-none-eabi/6.3.1/../../../../arm-none-eabi/lib/thumb/v7e-m\libc.a(lib_a-fini.o)
 .debug_frame   0x000013d0       0xb0 c:/program files (x86)/atmel/studio/7.0/toolchain/arm/arm-gnu-toolchain/bin/../lib/gcc/arm-none-eabi/6.3.1/../../../../arm-none-eabi/lib/thumb/v7e-m\libc.a(lib_a-lock.o)
 .debug_frame   0x00001480       0x34 c:/program files (x86)/atmel/studio/7.0/toolchain/arm/arm-gnu-toolchain/bin/../lib/gcc/arm-none-eabi/6.3.1/../../../../arm-none-eabi/lib/thumb/v7e-m\libc.a(lib_a-__atexit.o)

Cross Reference Table

Symbol                                            File
ACC_Handler                                       src/ASF/sam/utils/cmsis/sam4e/source/templates/exceptions.o
                                                  src/ASF/sam/utils/cmsis/sam4e/source/templates/gcc/startup_sam4e.o
AES_Handler                                       src/ASF/sam/utils/cmsis/sam4e/source/templates/exceptions.o
                                                  src/ASF/sam/utils/cmsis/sam4e/source/templates/gcc/startup_sam4e.o
AFEC0_Handler                                     src/ASF/sam/utils/cmsis/sam4e/source/templates/exceptions.o
                                                  src/ASF/sam/utils/cmsis/sam4e/source/templates/gcc/startup_sam4e.o
AFEC1_Handler                                     src/ASF/sam/utils/cmsis/sam4e/source/templates/exceptions.o
                                                  src/ASF/sam/utils/cmsis/sam4e/source/templates/gcc/startup_sam4e.o
ARM_Handler                                       src/ASF/sam/utils/cmsis/sam4e/source/templates/exceptions.o
                                                  src/ASF/sam/utils/cmsis/sam4e/source/templates/gcc/startup_sam4e.o
BusFault_Handler                                  src/ASF/sam/utils/cmsis/sam4e/source/templates/exceptions.o
                                                  src/ASF/sam/utils/cmsis/sam4e/source/templates/gcc/startup_sam4e.o
CAN0_Handler                                      src/ASF/sam/utils/cmsis/sam4e/source/templates/exceptions.o
                                                  src/ASF/sam/utils/cmsis/sam4e/source/templates/gcc/startup_sam4e.o
CAN1_Handler                                      src/ASF/sam/utils/cmsis/sam4e/source/templates/exceptions.o
                                                  src/ASF/sam/utils/cmsis/sam4e/source/templates/gcc/startup_sam4e.o
DACC_Handler                                      src/ASF/sam/utils/cmsis/sam4e/source/templates/exceptions.o
                                                  src/ASF/sam/utils/cmsis/sam4e/source/templates/gcc/startup_sam4e.o
DMAC_Handler                                      src/ASF/sam/utils/cmsis/sam4e/source/templates/exceptions.o
                                                  src/ASF/sam/utils/cmsis/sam4e/source/templates/gcc/startup_sam4e.o
DebugMon_Handler                                  src/ASF/sam/utils/cmsis/sam4e/source/templates/exceptions.o
                                                  src/ASF/sam/utils/cmsis/sam4e/source/templates/gcc/startup_sam4e.o
Dummy_Handler                                     src/ASF/sam/utils/cmsis/sam4e/source/templates/exceptions.o
                                                  src/ASF/sam/utils/cmsis/sam4e/source/templates/gcc/startup_sam4e.o
EFC_Handler                                       src/ASF/sam/utils/cmsis/sam4e/source/templates/exceptions.o
                                                  src/ASF/sam/utils/cmsis/sam4e/source/templates/gcc/startup_sam4e.o
GMAC_Handler                                      src/ASF/sam/utils/cmsis/sam4e/source/templates/exceptions.o
                                                  src/ASF/sam/utils/cmsis/sam4e/source/templates/gcc/startup_sam4e.o
HSMCI_Handler                                     src/ASF/sam/utils/cmsis/sam4e/source/templates/exceptions.o
                                                  src/ASF/sam/utils/cmsis/sam4e/source/templates/gcc/startup_sam4e.o
HardFault_Handler                                 src/ASF/sam/utils/cmsis/sam4e/source/templates/exceptions.o
                                                  src/ASF/sam/utils/cmsis/sam4e/source/templates/gcc/startup_sam4e.o
MemManage_Handler                                 src/ASF/sam/utils/cmsis/sam4e/source/templates/exceptions.o
                                                  src/ASF/sam/utils/cmsis/sam4e/source/templates/gcc/startup_sam4e.o
NMI_Handler                                       src/ASF/sam/utils/cmsis/sam4e/source/templates/exceptions.o
                                                  src/ASF/sam/utils/cmsis/sam4e/source/templates/gcc/startup_sam4e.o
PIOA_Handler                                      src/ASF/sam/utils/cmsis/sam4e/source/templates/exceptions.o
                                                  src/ASF/sam/utils/cmsis/sam4e/source/templates/gcc/startup_sam4e.o
PIOB_Handler                                      src/ASF/sam/utils/cmsis/sam4e/source/templates/exceptions.o
                                                  src/ASF/sam/utils/cmsis/sam4e/source/templates/gcc/startup_sam4e.o
PIOC_Handler                                      src/ASF/sam/utils/cmsis/sam4e/source/templates/exceptions.o
                                                  src/ASF/sam/utils/cmsis/sam4e/source/templates/gcc/startup_sam4e.o
PIOD_Handler                                      src/ASF/sam/utils/cmsis/sam4e/source/templates/exceptions.o
                                                  src/ASF/sam/utils/cmsis/sam4e/source/templates/gcc/startup_sam4e.o
PIOE_Handler                                      src/ASF/sam/utils/cmsis/sam4e/source/templates/exceptions.o
                                                  src/ASF/sam/utils/cmsis/sam4e/source/templates/gcc/startup_sam4e.o
PMC_Handler                                       src/ASF/sam/utils/cmsis/sam4e/source/templates/exceptions.o
                                                  src/ASF/sam/utils/cmsis/sam4e/source/templates/gcc/startup_sam4e.o
PWM_Handler                                       src/ASF/sam/utils/cmsis/sam4e/source/templates/exceptions.o
                                                  src/ASF/sam/utils/cmsis/sam4e/source/templates/gcc/startup_sam4e.o
PendSV_Handler                                    src/FreeRTOS/portable/GCC/ARM_CM4F/port.o
                                                  src/ASF/sam/utils/cmsis/sam4e/source/templates/gcc/startup_sam4e.o
RSTC_Handler                                      src/ASF/sam/utils/cmsis/sam4e/source/templates/exceptions.o
                                                  src/ASF/sam/utils/cmsis/sam4e/source/templates/gcc/startup_sam4e.o
RTC_Handler                                       src/ASF/sam/utils/cmsis/sam4e/source/templates/exceptions.o
                                                  src/ASF/sam/utils/cmsis/sam4e/source/templates/gcc/startup_sam4e.o
RTT_Handler                                       src/ASF/sam/utils/cmsis/sam4e/source/templates/exceptions.o
                                                  src/ASF/sam/utils/cmsis/sam4e/source/templates/gcc/startup_sam4e.o
Reset_Handler                                     src/ASF/sam/utils/cmsis/sam4e/source/templates/gcc/startup_sam4e.o
                                                  src/ASF/sam/utils/cmsis/sam4e/source/templates/exceptions.o
SMC_Handler                                       src/ASF/sam/utils/cmsis/sam4e/source/templates/exceptions.o
SPI_Handler                                       src/ASF/sam/utils/cmsis/sam4e/source/templates/exceptions.o
                                                  src/ASF/sam/utils/cmsis/sam4e/source/templates/gcc/startup_sam4e.o
SUPC_Handler                                      src/ASF/sam/utils/cmsis/sam4e/source/templates/exceptions.o
                                                  src/ASF/sam/utils/cmsis/sam4e/source/templates/gcc/startup_sam4e.o
SVC_Handler                                       src/FreeRTOS/portable/GCC/ARM_CM4F/port.o
                                                  src/ASF/sam/utils/cmsis/sam4e/source/templates/gcc/startup_sam4e.o
SysTick_Handler                                   src/FreeRTOS/portable/GCC/ARM_CM4F/port.o
                                                  src/ASF/sam/utils/cmsis/sam4e/source/templates/gcc/startup_sam4e.o
SystemCoreClock                                   src/ASF/sam/utils/cmsis/sam4e/source/templates/system_sam4e.o
                                                  src/FreeRTOS/portable/GCC/ARM_CM4F/port.o
SystemCoreClockUpdate                             src/ASF/sam/utils/cmsis/sam4e/source/templates/system_sam4e.o
                                                  src/ASF/common/services/clock/sam4e/sysclk.o
SystemInit                                        src/ASF/sam/utils/cmsis/sam4e/source/templates/system_sam4e.o
TC0_Handler                                       src/ASF/sam/utils/cmsis/sam4e/source/templates/exceptions.o
                                                  src/ASF/sam/utils/cmsis/sam4e/source/templates/gcc/startup_sam4e.o
TC1_Handler                                       src/ASF/sam/utils/cmsis/sam4e/source/templates/exceptions.o
                                                  src/ASF/sam/utils/cmsis/sam4e/source/templates/gcc/startup_sam4e.o
TC2_Handler                                       src/ASF/sam/utils/cmsis/sam4e/source/templates/exceptions.o
                                                  src/ASF/sam/utils/cmsis/sam4e/source/templates/gcc/startup_sam4e.o
TC3_Handler                                       src/ASF/sam/utils/cmsis/sam4e/source/templates/exceptions.o
                                                  src/ASF/sam/utils/cmsis/sam4e/source/templates/gcc/startup_sam4e.o
TC4_Handler                                       src/ASF/sam/utils/cmsis/sam4e/source/templates/exceptions.o
                                                  src/ASF/sam/utils/cmsis/sam4e/source/templates/gcc/startup_sam4e.o
TC5_Handler                                       src/ASF/sam/utils/cmsis/sam4e/source/templates/exceptions.o
                                                  src/ASF/sam/utils/cmsis/sam4e/source/templates/gcc/startup_sam4e.o
TC6_Handler                                       src/ASF/sam/utils/cmsis/sam4e/source/templates/exceptions.o
                                                  src/ASF/sam/utils/cmsis/sam4e/source/templates/gcc/startup_sam4e.o
TC7_Handler                                       src/ASF/sam/utils/cmsis/sam4e/source/templates/exceptions.o
                                                  src/ASF/sam/utils/cmsis/sam4e/source/templates/gcc/startup_sam4e.o
TC8_Handler                                       src/ASF/sam/utils/cmsis/sam4e/source/templates/exceptions.o
                                                  src/ASF/sam/utils/cmsis/sam4e/source/templates/gcc/startup_sam4e.o
TWI0_Handler                                      src/ASF/sam/utils/cmsis/sam4e/source/templates/exceptions.o
                                                  src/ASF/sam/utils/cmsis/sam4e/source/templates/gcc/startup_sam4e.o
TWI1_Handler                                      src/ASF/sam/utils/cmsis/sam4e/source/templates/exceptions.o
                                                  src/ASF/sam/utils/cmsis/sam4e/source/templates/gcc/startup_sam4e.o
UART0_Handler                                     src/ASF/sam/utils/cmsis/sam4e/source/templates/exceptions.o
                                                  src/ASF/sam/utils/cmsis/sam4e/source/templates/gcc/startup_sam4e.o
UART1_Handler                                     src/ASF/sam/utils/cmsis/sam4e/source/templates/exceptions.o
                                                  src/ASF/sam/utils/cmsis/sam4e/source/templates/gcc/startup_sam4e.o
UDP_Handler                                       src/ASF/sam/utils/cmsis/sam4e/source/templates/exceptions.o
                                                  src/ASF/sam/utils/cmsis/sam4e/source/templates/gcc/startup_sam4e.o
USART0_Handler                                    src/ASF/sam/utils/cmsis/sam4e/source/templates/exceptions.o
                                                  src/ASF/sam/utils/cmsis/sam4e/source/templates/gcc/startup_sam4e.o
USART1_Handler                                    src/ASF/sam/utils/cmsis/sam4e/source/templates/exceptions.o
                                                  src/ASF/sam/utils/cmsis/sam4e/source/templates/gcc/startup_sam4e.o
UsageFault_Handler                                src/ASF/sam/utils/cmsis/sam4e/source/templates/exceptions.o
                                                  src/ASF/sam/utils/cmsis/sam4e/source/templates/gcc/startup_sam4e.o
WDT_Handler                                       src/ASF/sam/utils/cmsis/sam4e/source/templates/exceptions.o
                                                  src/ASF/sam/utils/cmsis/sam4e/source/templates/gcc/startup_sam4e.o
_Jv_RegisterClasses                               c:/program files (x86)/atmel/studio/7.0/toolchain/arm/arm-gnu-toolchain/bin/../lib/gcc/arm-none-eabi/6.3.1/thumb/v7e-m/crtbegin.o
__atexit_recursive_mutex                          c:/program files (x86)/atmel/studio/7.0/toolchain/arm/arm-gnu-toolchain/bin/../lib/gcc/arm-none-eabi/6.3.1/../../../../arm-none-eabi/lib/thumb/v7e-m\libc.a(lib_a-__call_atexit.o)
                                                  c:/program files (x86)/atmel/studio/7.0/toolchain/arm/arm-gnu-toolchain/bin/../lib/gcc/arm-none-eabi/6.3.1/../../../../arm-none-eabi/lib/thumb/v7e-m\libc.a(lib_a-__atexit.o)
__bss_end__                                       c:/program files (x86)/atmel/studio/7.0/toolchain/arm/arm-gnu-toolchain/bin/../lib/gcc/arm-none-eabi/6.3.1/../../../../arm-none-eabi/lib/thumb/v7e-m/crt0.o
__bss_start__                                     c:/program files (x86)/atmel/studio/7.0/toolchain/arm/arm-gnu-toolchain/bin/../lib/gcc/arm-none-eabi/6.3.1/../../../../arm-none-eabi/lib/thumb/v7e-m/crt0.o
__call_exitprocs                                  c:/program files (x86)/atmel/studio/7.0/toolchain/arm/arm-gnu-toolchain/bin/../lib/gcc/arm-none-eabi/6.3.1/../../../../arm-none-eabi/lib/thumb/v7e-m\libc.a(lib_a-__call_atexit.o)
                                                  c:/program files (x86)/atmel/studio/7.0/toolchain/arm/arm-gnu-toolchain/bin/../lib/gcc/arm-none-eabi/6.3.1/../../../../arm-none-eabi/lib/thumb/v7e-m\libc.a(lib_a-exit.o)
__deregister_frame_info                           c:/program files (x86)/atmel/studio/7.0/toolchain/arm/arm-gnu-toolchain/bin/../lib/gcc/arm-none-eabi/6.3.1/thumb/v7e-m/crtbegin.o
__dso_handle                                      c:/program files (x86)/atmel/studio/7.0/toolchain/arm/arm-gnu-toolchain/bin/../lib/gcc/arm-none-eabi/6.3.1/thumb/v7e-m/crtbegin.o
__fini_array_end                                  c:/program files (x86)/atmel/studio/7.0/toolchain/arm/arm-gnu-toolchain/bin/../lib/gcc/arm-none-eabi/6.3.1/../../../../arm-none-eabi/lib/thumb/v7e-m\libc.a(lib_a-fini.o)
__fini_array_start                                c:/program files (x86)/atmel/studio/7.0/toolchain/arm/arm-gnu-toolchain/bin/../lib/gcc/arm-none-eabi/6.3.1/../../../../arm-none-eabi/lib/thumb/v7e-m\libc.a(lib_a-fini.o)
__init_array_end                                  c:/program files (x86)/atmel/studio/7.0/toolchain/arm/arm-gnu-toolchain/bin/../lib/gcc/arm-none-eabi/6.3.1/../../../../arm-none-eabi/lib/thumb/v7e-m\libc.a(lib_a-init.o)
__init_array_start                                c:/program files (x86)/atmel/studio/7.0/toolchain/arm/arm-gnu-toolchain/bin/../lib/gcc/arm-none-eabi/6.3.1/../../../../arm-none-eabi/lib/thumb/v7e-m\libc.a(lib_a-init.o)
__libc_fini                                       c:/program files (x86)/atmel/studio/7.0/toolchain/arm/arm-gnu-toolchain/bin/../lib/gcc/arm-none-eabi/6.3.1/../../../../arm-none-eabi/lib/thumb/v7e-m\libc.a(lib_a-__call_atexit.o)
__libc_fini_array                                 c:/program files (x86)/atmel/studio/7.0/toolchain/arm/arm-gnu-toolchain/bin/../lib/gcc/arm-none-eabi/6.3.1/../../../../arm-none-eabi/lib/thumb/v7e-m\libc.a(lib_a-fini.o)
                                                  c:/program files (x86)/atmel/studio/7.0/toolchain/arm/arm-gnu-toolchain/bin/../lib/gcc/arm-none-eabi/6.3.1/../../../../arm-none-eabi/lib/thumb/v7e-m\libc.a(lib_a-__call_atexit.o)
                                                  c:/program files (x86)/atmel/studio/7.0/toolchain/arm/arm-gnu-toolchain/bin/../lib/gcc/arm-none-eabi/6.3.1/../../../../arm-none-eabi/lib/thumb/v7e-m/crt0.o
__libc_init_array                                 c:/program files (x86)/atmel/studio/7.0/toolchain/arm/arm-gnu-toolchain/bin/../lib/gcc/arm-none-eabi/6.3.1/../../../../arm-none-eabi/lib/thumb/v7e-m\libc.a(lib_a-init.o)
                                                  src/ASF/sam/utils/cmsis/sam4e/source/templates/gcc/startup_sam4e.o
                                                  c:/program files (x86)/atmel/studio/7.0/toolchain/arm/arm-gnu-toolchain/bin/../lib/gcc/arm-none-eabi/6.3.1/../../../../arm-none-eabi/lib/thumb/v7e-m/crt0.o
__lock___arc4random_mutex                         c:/program files (x86)/atmel/studio/7.0/toolchain/arm/arm-gnu-toolchain/bin/../lib/gcc/arm-none-eabi/6.3.1/../../../../arm-none-eabi/lib/thumb/v7e-m\libc.a(lib_a-lock.o)
__lock___at_quick_exit_mutex                      c:/program files (x86)/atmel/studio/7.0/toolchain/arm/arm-gnu-toolchain/bin/../lib/gcc/arm-none-eabi/6.3.1/../../../../arm-none-eabi/lib/thumb/v7e-m\libc.a(lib_a-lock.o)
__lock___atexit_recursive_mutex                   c:/program files (x86)/atmel/studio/7.0/toolchain/arm/arm-gnu-toolchain/bin/../lib/gcc/arm-none-eabi/6.3.1/../../../../arm-none-eabi/lib/thumb/v7e-m\libc.a(lib_a-lock.o)
                                                  c:/program files (x86)/atmel/studio/7.0/toolchain/arm/arm-gnu-toolchain/bin/../lib/gcc/arm-none-eabi/6.3.1/../../../../arm-none-eabi/lib/thumb/v7e-m\libc.a(lib_a-__call_atexit.o)
__lock___dd_hash_mutex                            c:/program files (x86)/atmel/studio/7.0/toolchain/arm/arm-gnu-toolchain/bin/../lib/gcc/arm-none-eabi/6.3.1/../../../../arm-none-eabi/lib/thumb/v7e-m\libc.a(lib_a-lock.o)
__lock___env_recursive_mutex                      c:/program files (x86)/atmel/studio/7.0/toolchain/arm/arm-gnu-toolchain/bin/../lib/gcc/arm-none-eabi/6.3.1/../../../../arm-none-eabi/lib/thumb/v7e-m\libc.a(lib_a-lock.o)
__lock___malloc_recursive_mutex                   c:/program files (x86)/atmel/studio/7.0/toolchain/arm/arm-gnu-toolchain/bin/../lib/gcc/arm-none-eabi/6.3.1/../../../../arm-none-eabi/lib/thumb/v7e-m\libc.a(lib_a-lock.o)
__lock___sfp_recursive_mutex                      c:/program files (x86)/atmel/studio/7.0/toolchain/arm/arm-gnu-toolchain/bin/../lib/gcc/arm-none-eabi/6.3.1/../../../../arm-none-eabi/lib/thumb/v7e-m\libc.a(lib_a-lock.o)
__lock___sinit_recursive_mutex                    c:/program files (x86)/atmel/studio/7.0/toolchain/arm/arm-gnu-toolchain/bin/../lib/gcc/arm-none-eabi/6.3.1/../../../../arm-none-eabi/lib/thumb/v7e-m\libc.a(lib_a-lock.o)
__lock___tz_mutex                                 c:/program files (x86)/atmel/studio/7.0/toolchain/arm/arm-gnu-toolchain/bin/../lib/gcc/arm-none-eabi/6.3.1/../../../../arm-none-eabi/lib/thumb/v7e-m\libc.a(lib_a-lock.o)
__preinit_array_end                               c:/program files (x86)/atmel/studio/7.0/toolchain/arm/arm-gnu-toolchain/bin/../lib/gcc/arm-none-eabi/6.3.1/../../../../arm-none-eabi/lib/thumb/v7e-m\libc.a(lib_a-init.o)
__preinit_array_start                             c:/program files (x86)/atmel/studio/7.0/toolchain/arm/arm-gnu-toolchain/bin/../lib/gcc/arm-none-eabi/6.3.1/../../../../arm-none-eabi/lib/thumb/v7e-m\libc.a(lib_a-init.o)
__ram_end__                                       src/ASF/sam/utils/syscalls/gcc/syscalls.o
__register_exitproc                               c:/program files (x86)/atmel/studio/7.0/toolchain/arm/arm-gnu-toolchain/bin/../lib/gcc/arm-none-eabi/6.3.1/../../../../arm-none-eabi/lib/thumb/v7e-m\libc.a(lib_a-__atexit.o)
                                                  c:/program files (x86)/atmel/studio/7.0/toolchain/arm/arm-gnu-toolchain/bin/../lib/gcc/arm-none-eabi/6.3.1/../../../../arm-none-eabi/lib/thumb/v7e-m\libc.a(lib_a-atexit.o)
__register_frame_info                             c:/program files (x86)/atmel/studio/7.0/toolchain/arm/arm-gnu-toolchain/bin/../lib/gcc/arm-none-eabi/6.3.1/thumb/v7e-m/crtbegin.o
__retarget_lock_acquire                           c:/program files (x86)/atmel/studio/7.0/toolchain/arm/arm-gnu-toolchain/bin/../lib/gcc/arm-none-eabi/6.3.1/../../../../arm-none-eabi/lib/thumb/v7e-m\libc.a(lib_a-lock.o)
__retarget_lock_acquire_recursive                 c:/program files (x86)/atmel/studio/7.0/toolchain/arm/arm-gnu-toolchain/bin/../lib/gcc/arm-none-eabi/6.3.1/../../../../arm-none-eabi/lib/thumb/v7e-m\libc.a(lib_a-lock.o)
                                                  c:/program files (x86)/atmel/studio/7.0/toolchain/arm/arm-gnu-toolchain/bin/../lib/gcc/arm-none-eabi/6.3.1/../../../../arm-none-eabi/lib/thumb/v7e-m\libc.a(lib_a-__atexit.o)
                                                  c:/program files (x86)/atmel/studio/7.0/toolchain/arm/arm-gnu-toolchain/bin/../lib/gcc/arm-none-eabi/6.3.1/../../../../arm-none-eabi/lib/thumb/v7e-m\libc.a(lib_a-__call_atexit.o)
__retarget_lock_close                             c:/program files (x86)/atmel/studio/7.0/toolchain/arm/arm-gnu-toolchain/bin/../lib/gcc/arm-none-eabi/6.3.1/../../../../arm-none-eabi/lib/thumb/v7e-m\libc.a(lib_a-lock.o)
__retarget_lock_close_recursive                   c:/program files (x86)/atmel/studio/7.0/toolchain/arm/arm-gnu-toolchain/bin/../lib/gcc/arm-none-eabi/6.3.1/../../../../arm-none-eabi/lib/thumb/v7e-m\libc.a(lib_a-lock.o)
__retarget_lock_init                              c:/program files (x86)/atmel/studio/7.0/toolchain/arm/arm-gnu-toolchain/bin/../lib/gcc/arm-none-eabi/6.3.1/../../../../arm-none-eabi/lib/thumb/v7e-m\libc.a(lib_a-lock.o)
__retarget_lock_init_recursive                    c:/program files (x86)/atmel/studio/7.0/toolchain/arm/arm-gnu-toolchain/bin/../lib/gcc/arm-none-eabi/6.3.1/../../../../arm-none-eabi/lib/thumb/v7e-m\libc.a(lib_a-lock.o)
__retarget_lock_release                           c:/program files (x86)/atmel/studio/7.0/toolchain/arm/arm-gnu-toolchain/bin/../lib/gcc/arm-none-eabi/6.3.1/../../../../arm-none-eabi/lib/thumb/v7e-m\libc.a(lib_a-lock.o)
__retarget_lock_release_recursive                 c:/program files (x86)/atmel/studio/7.0/toolchain/arm/arm-gnu-toolchain/bin/../lib/gcc/arm-none-eabi/6.3.1/../../../../arm-none-eabi/lib/thumb/v7e-m\libc.a(lib_a-lock.o)
                                                  c:/program files (x86)/atmel/studio/7.0/toolchain/arm/arm-gnu-toolchain/bin/../lib/gcc/arm-none-eabi/6.3.1/../../../../arm-none-eabi/lib/thumb/v7e-m\libc.a(lib_a-__atexit.o)
                                                  c:/program files (x86)/atmel/studio/7.0/toolchain/arm/arm-gnu-toolchain/bin/../lib/gcc/arm-none-eabi/6.3.1/../../../../arm-none-eabi/lib/thumb/v7e-m\libc.a(lib_a-__call_atexit.o)
__retarget_lock_try_acquire                       c:/program files (x86)/atmel/studio/7.0/toolchain/arm/arm-gnu-toolchain/bin/../lib/gcc/arm-none-eabi/6.3.1/../../../../arm-none-eabi/lib/thumb/v7e-m\libc.a(lib_a-lock.o)
__retarget_lock_try_acquire_recursive             c:/program files (x86)/atmel/studio/7.0/toolchain/arm/arm-gnu-toolchain/bin/../lib/gcc/arm-none-eabi/6.3.1/../../../../arm-none-eabi/lib/thumb/v7e-m\libc.a(lib_a-lock.o)
__stack                                           c:/program files (x86)/atmel/studio/7.0/toolchain/arm/arm-gnu-toolchain/bin/../lib/gcc/arm-none-eabi/6.3.1/../../../../arm-none-eabi/lib/thumb/v7e-m/crt0.o
_close                                            src/ASF/sam/utils/syscalls/gcc/syscalls.o
_end                                              src/ASF/sam/utils/syscalls/gcc/syscalls.o
_erelocate                                        src/ASF/sam/utils/cmsis/sam4e/source/templates/gcc/startup_sam4e.o
_estack                                           src/main.o
                                                  src/ASF/sam/utils/cmsis/sam4e/source/templates/gcc/startup_sam4e.o
_etext                                            src/ASF/sam/utils/cmsis/sam4e/source/templates/gcc/startup_sam4e.o
_exit                                             src/ASF/sam/utils/syscalls/gcc/syscalls.o
                                                  c:/program files (x86)/atmel/studio/7.0/toolchain/arm/arm-gnu-toolchain/bin/../lib/gcc/arm-none-eabi/6.3.1/../../../../arm-none-eabi/lib/thumb/v7e-m\libc.a(lib_a-exit.o)
_ezero                                            src/ASF/sam/utils/cmsis/sam4e/source/templates/gcc/startup_sam4e.o
_fini                                             c:/program files (x86)/atmel/studio/7.0/toolchain/arm/arm-gnu-toolchain/bin/../lib/gcc/arm-none-eabi/6.3.1/thumb/v7e-m/crti.o
                                                  c:/program files (x86)/atmel/studio/7.0/toolchain/arm/arm-gnu-toolchain/bin/../lib/gcc/arm-none-eabi/6.3.1/../../../../arm-none-eabi/lib/thumb/v7e-m\libc.a(lib_a-fini.o)
_fstat                                            src/ASF/sam/utils/syscalls/gcc/syscalls.o
_getpid                                           src/ASF/sam/utils/syscalls/gcc/syscalls.o
_global_impure_ptr                                c:/program files (x86)/atmel/studio/7.0/toolchain/arm/arm-gnu-toolchain/bin/../lib/gcc/arm-none-eabi/6.3.1/../../../../arm-none-eabi/lib/thumb/v7e-m\libc.a(lib_a-impure.o)
                                                  c:/program files (x86)/atmel/studio/7.0/toolchain/arm/arm-gnu-toolchain/bin/../lib/gcc/arm-none-eabi/6.3.1/../../../../arm-none-eabi/lib/thumb/v7e-m\libc.a(lib_a-__atexit.o)
                                                  c:/program files (x86)/atmel/studio/7.0/toolchain/arm/arm-gnu-toolchain/bin/../lib/gcc/arm-none-eabi/6.3.1/../../../../arm-none-eabi/lib/thumb/v7e-m\libc.a(lib_a-__call_atexit.o)
                                                  c:/program files (x86)/atmel/studio/7.0/toolchain/arm/arm-gnu-toolchain/bin/../lib/gcc/arm-none-eabi/6.3.1/../../../../arm-none-eabi/lib/thumb/v7e-m\libc.a(lib_a-exit.o)
_impure_ptr                                       c:/program files (x86)/atmel/studio/7.0/toolchain/arm/arm-gnu-toolchain/bin/../lib/gcc/arm-none-eabi/6.3.1/../../../../arm-none-eabi/lib/thumb/v7e-m\libc.a(lib_a-impure.o)
_init                                             c:/program files (x86)/atmel/studio/7.0/toolchain/arm/arm-gnu-toolchain/bin/../lib/gcc/arm-none-eabi/6.3.1/thumb/v7e-m/crti.o
                                                  c:/program files (x86)/atmel/studio/7.0/toolchain/arm/arm-gnu-toolchain/bin/../lib/gcc/arm-none-eabi/6.3.1/../../../../arm-none-eabi/lib/thumb/v7e-m\libc.a(lib_a-init.o)
_isatty                                           src/ASF/sam/utils/syscalls/gcc/syscalls.o
_kill                                             src/ASF/sam/utils/syscalls/gcc/syscalls.o
_lseek                                            src/ASF/sam/utils/syscalls/gcc/syscalls.o
_mainCRTStartup                                   c:/program files (x86)/atmel/studio/7.0/toolchain/arm/arm-gnu-toolchain/bin/../lib/gcc/arm-none-eabi/6.3.1/../../../../arm-none-eabi/lib/thumb/v7e-m/crt0.o
_sbrk                                             src/ASF/sam/utils/syscalls/gcc/syscalls.o
_sfixed                                           src/ASF/sam/utils/cmsis/sam4e/source/templates/gcc/startup_sam4e.o
_srelocate                                        src/ASF/sam/utils/cmsis/sam4e/source/templates/gcc/startup_sam4e.o
_start                                            c:/program files (x86)/atmel/studio/7.0/toolchain/arm/arm-gnu-toolchain/bin/../lib/gcc/arm-none-eabi/6.3.1/../../../../arm-none-eabi/lib/thumb/v7e-m/crt0.o
_szero                                            src/ASF/sam/utils/cmsis/sam4e/source/templates/gcc/startup_sam4e.o
atexit                                            c:/program files (x86)/atmel/studio/7.0/toolchain/arm/arm-gnu-toolchain/bin/../lib/gcc/arm-none-eabi/6.3.1/../../../../arm-none-eabi/lib/thumb/v7e-m\libc.a(lib_a-atexit.o)
                                                  c:/program files (x86)/atmel/studio/7.0/toolchain/arm/arm-gnu-toolchain/bin/../lib/gcc/arm-none-eabi/6.3.1/../../../../arm-none-eabi/lib/thumb/v7e-m\libc.a(lib_a-__call_atexit.o)
                                                  c:/program files (x86)/atmel/studio/7.0/toolchain/arm/arm-gnu-toolchain/bin/../lib/gcc/arm-none-eabi/6.3.1/../../../../arm-none-eabi/lib/thumb/v7e-m/crt0.o
board_init                                        src/ASF/sam/boards/sam4e_xplained_pro/init.o
                                                  src/main.o
cpu_irq_enter_critical                            src/ASF/common/utils/interrupt/interrupt_sam_nvic.o
cpu_irq_leave_critical                            src/ASF/common/utils/interrupt/interrupt_sam_nvic.o
exception_table                                   src/ASF/sam/utils/cmsis/sam4e/source/templates/gcc/startup_sam4e.o
exit                                              c:/program files (x86)/atmel/studio/7.0/toolchain/arm/arm-gnu-toolchain/bin/../lib/gcc/arm-none-eabi/6.3.1/../../../../arm-none-eabi/lib/thumb/v7e-m\libc.a(lib_a-exit.o)
                                                  c:/program files (x86)/atmel/studio/7.0/toolchain/arm/arm-gnu-toolchain/bin/../lib/gcc/arm-none-eabi/6.3.1/../../../../arm-none-eabi/lib/thumb/v7e-m/crt0.o
free                                              c:/program files (x86)/atmel/studio/7.0/toolchain/arm/arm-gnu-toolchain/bin/../lib/gcc/arm-none-eabi/6.3.1/../../../../arm-none-eabi/lib/thumb/v7e-m\libc.a(lib_a-__call_atexit.o)
g_interrupt_enabled                               src/ASF/common/utils/interrupt/interrupt_sam_nvic.o
                                                  src/ASF/sam/utils/cmsis/sam4e/source/templates/gcc/startup_sam4e.o
                                                  src/ASF/sam/drivers/pmc/sleep.o
hardware_init_hook                                c:/program files (x86)/atmel/studio/7.0/toolchain/arm/arm-gnu-toolchain/bin/../lib/gcc/arm-none-eabi/6.3.1/../../../../arm-none-eabi/lib/thumb/v7e-m/crt0.o
link                                              src/ASF/sam/utils/syscalls/gcc/syscalls.o
main                                              src/main.o
                                                  src/ASF/sam/utils/cmsis/sam4e/source/templates/gcc/startup_sam4e.o
                                                  c:/program files (x86)/atmel/studio/7.0/toolchain/arm/arm-gnu-toolchain/bin/../lib/gcc/arm-none-eabi/6.3.1/../../../../arm-none-eabi/lib/thumb/v7e-m/crt0.o
malloc                                            c:/program files (x86)/atmel/studio/7.0/toolchain/arm/arm-gnu-toolchain/bin/../lib/gcc/arm-none-eabi/6.3.1/../../../../arm-none-eabi/lib/thumb/v7e-m\libc.a(lib_a-__atexit.o)
memcpy                                            c:/program files (x86)/atmel/studio/7.0/toolchain/arm/arm-gnu-toolchain/bin/../lib/gcc/arm-none-eabi/6.3.1/../../../../arm-none-eabi/lib/thumb/v7e-m\libc.a(lib_a-memcpy.o)
                                                  src/FreeRTOS/queue.o
memset                                            c:/program files (x86)/atmel/studio/7.0/toolchain/arm/arm-gnu-toolchain/bin/../lib/gcc/arm-none-eabi/6.3.1/../../../../arm-none-eabi/lib/thumb/v7e-m\libc.a(lib_a-memset.o)
                                                  src/FreeRTOS/tasks.o
                                                  c:/program files (x86)/atmel/studio/7.0/toolchain/arm/arm-gnu-toolchain/bin/../lib/gcc/arm-none-eabi/6.3.1/../../../../arm-none-eabi/lib/thumb/v7e-m/crt0.o
myButtonTask                                      src/mytasks.o
                                                  src/main.o
pcQueueGetName                                    src/FreeRTOS/queue.o
pcTaskGetName                                     src/FreeRTOS/tasks.o
pcTimerGetName                                    src/FreeRTOS/timers.o
pmc_clr_fast_startup_input                        src/ASF/sam/drivers/pmc/pmc.o
pmc_disable_all_pck                               src/ASF/sam/drivers/pmc/pmc.o
pmc_disable_all_periph_clk                        src/ASF/sam/drivers/pmc/pmc.o
pmc_disable_clock_failure_detector                src/ASF/sam/drivers/pmc/pmc.o
pmc_disable_interrupt                             src/ASF/sam/drivers/pmc/pmc.o
pmc_disable_pck                                   src/ASF/sam/drivers/pmc/pmc.o
pmc_disable_periph_clk                            src/ASF/sam/drivers/pmc/pmc.o
pmc_disable_pllack                                src/ASF/sam/drivers/pmc/pmc.o
                                                  src/ASF/sam/drivers/pmc/sleep.o
                                                  src/ASF/common/services/clock/sam4e/sysclk.o
pmc_disable_udpck                                 src/ASF/sam/drivers/pmc/pmc.o
                                                  src/ASF/common/services/clock/sam4e/sysclk.o
pmc_enable_all_pck                                src/ASF/sam/drivers/pmc/pmc.o
pmc_enable_all_periph_clk                         src/ASF/sam/drivers/pmc/pmc.o
pmc_enable_backupmode                             src/ASF/sam/drivers/pmc/pmc.o
pmc_enable_clock_failure_detector                 src/ASF/sam/drivers/pmc/pmc.o
pmc_enable_interrupt                              src/ASF/sam/drivers/pmc/pmc.o
pmc_enable_pck                                    src/ASF/sam/drivers/pmc/pmc.o
pmc_enable_periph_clk                             src/ASF/sam/drivers/pmc/pmc.o
                                                  src/main.o
                                                  src/ASF/sam/boards/sam4e_xplained_pro/init.o
pmc_enable_pllack                                 src/ASF/sam/drivers/pmc/pmc.o
pmc_enable_sleepmode                              src/ASF/sam/drivers/pmc/pmc.o
pmc_enable_udpck                                  src/ASF/sam/drivers/pmc/pmc.o
                                                  src/ASF/common/services/clock/sam4e/sysclk.o
pmc_enable_waitmode                               src/ASF/sam/drivers/pmc/pmc.o
                                                  src/ASF/sam/drivers/pmc/sleep.o
pmc_get_interrupt_mask                            src/ASF/sam/drivers/pmc/pmc.o
pmc_get_status                                    src/ASF/sam/drivers/pmc/pmc.o
pmc_get_writeprotect_status                       src/ASF/sam/drivers/pmc/pmc.o
pmc_is_locked_pllack                              src/ASF/sam/drivers/pmc/pmc.o
                                                  src/ASF/common/services/clock/sam4e/sysclk.o
pmc_is_pck_enabled                                src/ASF/sam/drivers/pmc/pmc.o
pmc_is_periph_clk_enabled                         src/ASF/sam/drivers/pmc/pmc.o
pmc_is_wakeup_clocks_restored                     src/ASF/sam/drivers/pmc/sleep.o
pmc_mainck_osc_select                             src/ASF/sam/drivers/pmc/pmc.o
pmc_mck_set_prescaler                             src/ASF/sam/drivers/pmc/pmc.o
                                                  src/ASF/common/services/clock/sam4e/sysclk.o
pmc_mck_set_source                                src/ASF/sam/drivers/pmc/pmc.o
                                                  src/ASF/common/services/clock/sam4e/sysclk.o
pmc_osc_bypass_main_xtal                          src/ASF/sam/drivers/pmc/pmc.o
pmc_osc_disable_fastrc                            src/ASF/sam/drivers/pmc/pmc.o
pmc_osc_disable_main_xtal                         src/ASF/sam/drivers/pmc/pmc.o
pmc_osc_disable_xtal                              src/ASF/sam/drivers/pmc/pmc.o
pmc_osc_enable_fastrc                             src/ASF/sam/drivers/pmc/pmc.o
pmc_osc_enable_main_xtal                          src/ASF/sam/drivers/pmc/pmc.o
pmc_osc_is_bypassed_main_xtal                     src/ASF/sam/drivers/pmc/pmc.o
pmc_osc_is_ready_32kxtal                          src/ASF/sam/drivers/pmc/pmc.o
pmc_osc_is_ready_fastrc                           src/ASF/sam/drivers/pmc/pmc.o
pmc_osc_is_ready_main_xtal                        src/ASF/sam/drivers/pmc/pmc.o
pmc_osc_is_ready_mainck                           src/ASF/sam/drivers/pmc/pmc.o
                                                  src/ASF/common/services/clock/sam4e/sysclk.o
pmc_pck_set_prescaler                             src/ASF/sam/drivers/pmc/pmc.o
pmc_pck_set_source                                src/ASF/sam/drivers/pmc/pmc.o
pmc_set_fast_startup_input                        src/ASF/sam/drivers/pmc/pmc.o
pmc_set_flash_in_wait_mode                        src/ASF/sam/drivers/pmc/pmc.o
                                                  src/ASF/sam/drivers/pmc/sleep.o
pmc_set_writeprotect                              src/ASF/sam/drivers/pmc/pmc.o
pmc_sleep                                         src/ASF/sam/drivers/pmc/sleep.o
pmc_switch_mainck_to_fastrc                       src/ASF/sam/drivers/pmc/pmc.o
pmc_switch_mainck_to_xtal                         src/ASF/sam/drivers/pmc/pmc.o
                                                  src/ASF/common/services/clock/sam4e/sysclk.o
pmc_switch_mck_to_mainck                          src/ASF/sam/drivers/pmc/pmc.o
pmc_switch_mck_to_pllack                          src/ASF/sam/drivers/pmc/pmc.o
                                                  src/ASF/common/services/clock/sam4e/sysclk.o
pmc_switch_mck_to_sclk                            src/ASF/sam/drivers/pmc/pmc.o
pmc_switch_pck_to_mainck                          src/ASF/sam/drivers/pmc/pmc.o
pmc_switch_pck_to_mck                             src/ASF/sam/drivers/pmc/pmc.o