Archive member included to satisfy reference by file (symbol)

c:/program files (x86)/atmel/studio/7.0/toolchain/arm/arm-gnu-toolchain/bin/../lib/gcc/arm-none-eabi/6.3.1/../../../../arm-none-eabi/lib/thumb/v7e-m\libc.a(lib_a-exit.o)
                              c:/program files (x86)/atmel/studio/7.0/toolchain/arm/arm-gnu-toolchain/bin/../lib/gcc/arm-none-eabi/6.3.1/../../../../arm-none-eabi/lib/thumb/v7e-m/crt0.o (exit)
c:/program files (x86)/atmel/studio/7.0/toolchain/arm/arm-gnu-toolchain/bin/../lib/gcc/arm-none-eabi/6.3.1/../../../../arm-none-eabi/lib/thumb/v7e-m\libc.a(lib_a-impure.o)
                              c:/program files (x86)/atmel/studio/7.0/toolchain/arm/arm-gnu-toolchain/bin/../lib/gcc/arm-none-eabi/6.3.1/../../../../arm-none-eabi/lib/thumb/v7e-m\libc.a(lib_a-exit.o) (_global_impure_ptr)
c:/program files (x86)/atmel/studio/7.0/toolchain/arm/arm-gnu-toolchain/bin/../lib/gcc/arm-none-eabi/6.3.1/../../../../arm-none-eabi/lib/thumb/v7e-m\libc.a(lib_a-init.o)
                              c:/program files (x86)/atmel/studio/7.0/toolchain/arm/arm-gnu-toolchain/bin/../lib/gcc/arm-none-eabi/6.3.1/../../../../arm-none-eabi/lib/thumb/v7e-m/crt0.o (__libc_init_array)
c:/program files (x86)/atmel/studio/7.0/toolchain/arm/arm-gnu-toolchain/bin/../lib/gcc/arm-none-eabi/6.3.1/../../../../arm-none-eabi/lib/thumb/v7e-m\libc.a(lib_a-memcpy.o)
                              src/FreeRTOS/queue.o (memcpy)
c:/program files (x86)/atmel/studio/7.0/toolchain/arm/arm-gnu-toolchain/bin/../lib/gcc/arm-none-eabi/6.3.1/../../../../arm-none-eabi/lib/thumb/v7e-m\libc.a(lib_a-memset.o)
                              c:/program files (x86)/atmel/studio/7.0/toolchain/arm/arm-gnu-toolchain/bin/../lib/gcc/arm-none-eabi/6.3.1/../../../../arm-none-eabi/lib/thumb/v7e-m/crt0.o (memset)
c:/program files (x86)/atmel/studio/7.0/toolchain/arm/arm-gnu-toolchain/bin/../lib/gcc/arm-none-eabi/6.3.1/../../../../arm-none-eabi/lib/thumb/v7e-m\libc.a(lib_a-strcpy.o)
                              src/mytasks.o (strcpy)
c:/program files (x86)/atmel/studio/7.0/toolchain/arm/arm-gnu-toolchain/bin/../lib/gcc/arm-none-eabi/6.3.1/../../../../arm-none-eabi/lib/thumb/v7e-m\libc.a(lib_a-strlen.o)
                              src/mytasks.o (strlen)
c:/program files (x86)/atmel/studio/7.0/toolchain/arm/arm-gnu-toolchain/bin/../lib/gcc/arm-none-eabi/6.3.1/../../../../arm-none-eabi/lib/thumb/v7e-m\libc.a(lib_a-__call_atexit.o)
                              c:/program files (x86)/atmel/studio/7.0/toolchain/arm/arm-gnu-toolchain/bin/../lib/gcc/arm-none-eabi/6.3.1/../../../../arm-none-eabi/lib/thumb/v7e-m\libc.a(lib_a-exit.o) (__call_exitprocs)
c:/program files (x86)/atmel/studio/7.0/toolchain/arm/arm-gnu-toolchain/bin/../lib/gcc/arm-none-eabi/6.3.1/../../../../arm-none-eabi/lib/thumb/v7e-m\libc.a(lib_a-atexit.o)
                              c:/program files (x86)/atmel/studio/7.0/toolchain/arm/arm-gnu-toolchain/bin/../lib/gcc/arm-none-eabi/6.3.1/../../../../arm-none-eabi/lib/thumb/v7e-m\libc.a(lib_a-__call_atexit.o) (atexit)
c:/program files (x86)/atmel/studio/7.0/toolchain/arm/arm-gnu-toolchain/bin/../lib/gcc/arm-none-eabi/6.3.1/../../../../arm-none-eabi/lib/thumb/v7e-m\libc.a(lib_a-fini.o)
                              c:/program files (x86)/atmel/studio/7.0/toolchain/arm/arm-gnu-toolchain/bin/../lib/gcc/arm-none-eabi/6.3.1/../../../../arm-none-eabi/lib/thumb/v7e-m\libc.a(lib_a-__call_atexit.o) (__libc_fini_array)
c:/program files (x86)/atmel/studio/7.0/toolchain/arm/arm-gnu-toolchain/bin/../lib/gcc/arm-none-eabi/6.3.1/../../../../arm-none-eabi/lib/thumb/v7e-m\libc.a(lib_a-lock.o)
                              c:/program files (x86)/atmel/studio/7.0/toolchain/arm/arm-gnu-toolchain/bin/../lib/gcc/arm-none-eabi/6.3.1/../../../../arm-none-eabi/lib/thumb/v7e-m\libc.a(lib_a-__call_atexit.o) (__retarget_lock_acquire_recursive)
c:/program files (x86)/atmel/studio/7.0/toolchain/arm/arm-gnu-toolchain/bin/../lib/gcc/arm-none-eabi/6.3.1/../../../../arm-none-eabi/lib/thumb/v7e-m\libc.a(lib_a-__atexit.o)
                              c:/program files (x86)/atmel/studio/7.0/toolchain/arm/arm-gnu-toolchain/bin/../lib/gcc/arm-none-eabi/6.3.1/../../../../arm-none-eabi/lib/thumb/v7e-m\libc.a(lib_a-atexit.o) (__register_exitproc)

Allocating common symbols
Common symbol       size              file

__lock___atexit_recursive_mutex
                    0x1               c:/program files (x86)/atmel/studio/7.0/toolchain/arm/arm-gnu-toolchain/bin/../lib/gcc/arm-none-eabi/6.3.1/../../../../arm-none-eabi/lib/thumb/v7e-m\libc.a(lib_a-lock.o)
__lock___arc4random_mutex
                    0x1               c:/program files (x86)/atmel/studio/7.0/toolchain/arm/arm-gnu-toolchain/bin/../lib/gcc/arm-none-eabi/6.3.1/../../../../arm-none-eabi/lib/thumb/v7e-m\libc.a(lib_a-lock.o)
xQueueRegistry      0x40              src/FreeRTOS/queue.o
__lock___env_recursive_mutex
[...]
Memory Configuration

Name             Origin             Length             Attributes
rom              0x00400000         0x00100000         xr
ram              0x20000000         0x00020000         xrw
*default*        0x00000000         0xffffffff

Linker script and memory map

LOAD c:/program files (x86)/atmel/studio/7.0/toolchain/arm/arm-gnu-toolchain/bin/../lib/gcc/arm-none-eabi/6.3.1/thumb/v7e-m/crti.o
LOAD c:/program files (x86)/atmel/studio/7.0/toolchain/arm/arm-gnu-toolchain/bin/../lib/gcc/arm-none-eabi/6.3.1/thumb/v7e-m/crtbegin.o
LOAD c:/program files (x86)/atmel/studio/7.0/toolchain/arm/arm-gnu-toolchain/bin/../lib/gcc/arm-none-eabi/6.3.1/../../../../arm-none-eabi/lib/thumb/v7e-m/crt0.o
LOAD src/buttonDriver.o
LOAD src/FreeRTOS/list.o
LOAD src/FreeRTOS/portable/GCC/ARM_CM4F/port.o
LOAD src/FreeRTOS/portable/MemMang/heap_5.o
LOAD src/FreeRTOS/queue.o
LOAD src/FreeRTOS/tasks.o
LOAD src/FreeRTOS/timers.o
LOAD src/ledDriver.o
LOAD src/mytasks.o
LOAD src/OITExpansionBoard.o
LOAD src/uartdrv.o
LOAD src/ASF/common/services/clock/sam4e/sysclk.o
LOAD src/ASF/common/utils/interrupt/interrupt_sam_nvic.o
LOAD src/ASF/sam/boards/sam4e_xplained_pro/init.o
LOAD src/ASF/sam/drivers/pmc/pmc.o
LOAD src/ASF/sam/drivers/pmc/sleep.o
LOAD src/ASF/sam/utils/cmsis/sam4e/source/templates/exceptions.o
LOAD src/ASF/sam/utils/cmsis/sam4e/source/templates/gcc/startup_sam4e.o
LOAD src/ASF/sam/utils/cmsis/sam4e/source/templates/system_sam4e.o
LOAD src/ASF/sam/utils/syscalls/gcc/syscalls.o
LOAD src/main.o
START GROUP
LOAD ../src/ASF/thirdparty/CMSIS/Lib/GCC\libarm_cortexM4lf_math_softfp.a
LOAD c:/program files (x86)/atmel/studio/7.0/toolchain/arm/arm-gnu-toolchain/bin/../lib/gcc/arm-none-eabi/6.3.1/../../../../arm-none-eabi/lib/thumb/v7e-m\libm.a
END GROUP
START GROUP
LOAD c:/program files (x86)/atmel/studio/7.0/toolchain/arm/arm-gnu-toolchain/bin/../lib/gcc/arm-none-eabi/6.3.1/thumb/v7e-m\libgcc.a
LOAD c:/program files (x86)/atmel/studio/7.0/toolchain/arm/arm-gnu-toolchain/bin/../lib/gcc/arm-none-eabi/6.3.1/../../../../arm-none-eabi/lib/thumb/v7e-m\libc.a
END GROUP
LOAD c:/program files (x86)/atmel/studio/7.0/toolchain/arm/arm-gnu-toolchain/bin/../lib/gcc/arm-none-eabi/6.3.1/thumb/v7e-m/crtend.o
LOAD c:/program files (x86)/atmel/studio/7.0/toolchain/arm/arm-gnu-toolchain/bin/../lib/gcc/arm-none-eabi/6.3.1/thumb/v7e-m/crtn.o
                0x00003000                __stack_size__ = DEFINED (__stack_size__)?__stack_size__:0x3000
                0x2001fffc                __ram_end__ = ((ORIGIN (ram) + LENGTH (ram)) - 0x4)

.text           0x00400000     0x32f8
                0x00400000                . = ALIGN (0x4)
                0x00400000                _sfixed = .
 *(.vectors .vectors.*)
 .vectors       0x00400000       0xf8 src/ASF/sam/utils/cmsis/sam4e/source/templates/gcc/startup_sam4e.o
                0x00400000                exception_table
 *(.text .text.* .gnu.linkonce.t.*)
 .text          0x004000f8       0x6c c:/program files (x86)/atmel/studio/7.0/toolchain/arm/arm-gnu-toolchain/bin/../lib/gcc/arm-none-eabi/6.3.1/thumb/v7e-m/crtbegin.o
 .text.readButton
                0x00400164       0x2c src/buttonDriver.o
                0x00400164                readButton
 .text.vListInitialise
                0x00400190       0x16 src/FreeRTOS/list.o
                0x00400190                vListInitialise
 .text.vListInitialiseItem
                0x004001a6        0x6 src/FreeRTOS/list.o
                0x004001a6                vListInitialiseItem
 .text.vListInsertEnd
                0x004001ac       0x18 src/FreeRTOS/list.o
                0x004001ac                vListInsertEnd
 .text.vListInsert
                0x004001c4       0x34 src/FreeRTOS/list.o
                0x004001c4                vListInsert
 .text.uxListRemove
                0x004001f8       0x26 src/FreeRTOS/list.o
                0x004001f8                uxListRemove
 *fill*         0x0040021e        0x2 
 .text.prvPortStartFirstTask
                0x00400220       0x28 src/FreeRTOS/portable/GCC/ARM_CM4F/port.o
 .text.vPortEnableVFP
                0x00400248       0x14 src/FreeRTOS/portable/GCC/ARM_CM4F/port.o
 .text.prvTaskExitError
                0x0040025c       0x44 src/FreeRTOS/portable/GCC/ARM_CM4F/port.o
 .text.pxPortInitialiseStack
                0x004002a0       0x2c src/FreeRTOS/portable/GCC/ARM_CM4F/port.o
                0x004002a0                pxPortInitialiseStack
 *fill*         0x004002cc        0x4 
 .text.SVC_Handler
                0x004002d0       0x24 src/FreeRTOS/portable/GCC/ARM_CM4F/port.o
                0x004002d0                SVC_Handler
 .text.vPortEnterCritical
                0x004002f4       0x48 src/FreeRTOS/portable/GCC/ARM_CM4F/port.o
                0x004002f4                vPortEnterCritical
 .text.vPortExitCritical
                0x0040033c       0x30 src/FreeRTOS/portable/GCC/ARM_CM4F/port.o
                0x0040033c                vPortExitCritical
 *fill*         0x0040036c        0x4 
 .text.PendSV_Handler
                0x00400370       0x64 src/FreeRTOS/portable/GCC/ARM_CM4F/port.o
                0x00400370                PendSV_Handler
 .text.SysTick_Handler
                0x004003d4       0x30 src/FreeRTOS/portable/GCC/ARM_CM4F/port.o
                0x004003d4                SysTick_Handler
 .text.vPortSetupTimerInterrupt
                0x00400404       0x38 src/FreeRTOS/portable/GCC/ARM_CM4F/port.o
                0x00400404                vPortSetupTimerInterrupt
 .text.xPortStartScheduler
                0x0040043c      0x120 src/FreeRTOS/portable/GCC/ARM_CM4F/port.o
                0x0040043c                xPortStartScheduler
 .text.prvInsertBlockIntoFreeList
                0x0040055c       0x58 src/FreeRTOS/portable/MemMang/heap_5.o
 .text.pvPortMalloc
                0x004005b4       0xf4 src/FreeRTOS/portable/MemMang/heap_5.o
                0x004005b4                pvPortMalloc
 .text.vPortFree
                0x004006a8       0xb0 src/FreeRTOS/portable/MemMang/heap_5.o
                0x004006a8                vPortFree
 .text.vPortDefineHeapRegions
                0x00400758       0xf8 src/FreeRTOS/portable/MemMang/heap_5.o
                0x00400758                vPortDefineHeapRegions
 .text.prvIsQueueEmpty
                0x00400850       0x20 src/FreeRTOS/queue.o
 .text.prvCopyDataToQueue
                0x00400870       0x80 src/FreeRTOS/queue.o
 .text.prvNotifyQueueSetContainer
                0x004008f0       0x94 src/FreeRTOS/queue.o
 .text.prvCopyDataFromQueue
                0x00400984       0x28 src/FreeRTOS/queue.o
 .text.prvUnlockQueue
                0x004009ac       0xa8 src/FreeRTOS/queue.o
 .text.xQueueGenericReset
                0x00400a54       0xb4 src/FreeRTOS/queue.o
                0x00400a54                xQueueGenericReset
 .text.xQueueGenericCreate
                0x00400b08       0x68 src/FreeRTOS/queue.o
                0x00400b08                xQueueGenericCreate
 .text.xQueueGenericSend
                0x00400b70      0x1f4 src/FreeRTOS/queue.o
                0x00400b70                xQueueGenericSend
 .text.xQueueReceive
                0x00400d64      0x188 src/FreeRTOS/queue.o
                0x00400d64                xQueueReceive
 .text.uxQueueMessagesWaiting
                0x00400eec       0x30 src/FreeRTOS/queue.o
                0x00400eec                uxQueueMessagesWaiting
 .text.vQueueAddToRegistry
                0x00400f1c       0x60 src/FreeRTOS/queue.o
                0x00400f1c                vQueueAddToRegistry
 .text.vQueueWaitForMessageRestricted
                0x00400f7c       0x60 src/FreeRTOS/queue.o
                0x00400f7c                vQueueWaitForMessageRestricted
 .text.prvResetNextTaskUnblockTime
                0x00400fdc       0x28 src/FreeRTOS/tasks.o
 .text.prvTaskIsTaskSuspended
                0x00401004       0x44 src/FreeRTOS/tasks.o
 .text.prvIdleTask
                0x00401048       0x80 src/FreeRTOS/tasks.o
 .text.prvAddCurrentTaskToDelayedList
                0x004010c8       0xbc src/FreeRTOS/tasks.o
 .text.xTaskCreate
                0x00401184      0x230 src/FreeRTOS/tasks.o
                0x00401184                xTaskCreate
 .text.vTaskResume
                0x004013b4       0xbc src/FreeRTOS/tasks.o
                0x004013b4                vTaskResume
 .text.vTaskStartScheduler
                0x00401470       0x98 src/FreeRTOS/tasks.o
                0x00401470                vTaskStartScheduler
 .text.vTaskSuspendAll
                0x00401508       0x10 src/FreeRTOS/tasks.o
                0x00401508                vTaskSuspendAll
 .text.xTaskGetTickCount
                0x00401518        0xc src/FreeRTOS/tasks.o
                0x00401518                xTaskGetTickCount
 .text.xTaskIncrementTick
                0x00401524      0x1bc src/FreeRTOS/tasks.o
                0x00401524                xTaskIncrementTick
 .text.xTaskResumeAll
                0x004016e0      0x1a0 src/FreeRTOS/tasks.o
                0x004016e0                xTaskResumeAll
 .text.vTaskDelay
                0x00401880       0x58 src/FreeRTOS/tasks.o
                0x00401880                vTaskDelay
 .text.vTaskSwitchContext
                0x004018d8       0xd0 src/FreeRTOS/tasks.o
                0x004018d8                vTaskSwitchContext
 .text.vTaskSuspend
                0x004019a8      0x104 src/FreeRTOS/tasks.o
                0x004019a8                vTaskSuspend
 .text.vTaskPlaceOnEventList
                0x00401aac       0x40 src/FreeRTOS/tasks.o
                0x00401aac                vTaskPlaceOnEventList
 .text.vTaskPlaceOnEventListRestricted
                0x00401aec       0x60 src/FreeRTOS/tasks.o
                0x00401aec                vTaskPlaceOnEventListRestricted
 .text.xTaskRemoveFromEventList
                0x00401b4c       0xf4 src/FreeRTOS/tasks.o
                0x00401b4c                xTaskRemoveFromEventList
 .text.vTaskInternalSetTimeOutState
                0x00401c40       0x18 src/FreeRTOS/tasks.o
                0x00401c40                vTaskInternalSetTimeOutState
 .text.xTaskCheckForTimeOut
                0x00401c58       0x8c src/FreeRTOS/tasks.o
                0x00401c58                xTaskCheckForTimeOut
 .text.vTaskMissedYield
                0x00401ce4        0xc src/FreeRTOS/tasks.o
                0x00401ce4                vTaskMissedYield
 .text.xTaskGetSchedulerState
                0x00401cf0       0x20 src/FreeRTOS/tasks.o
                0x00401cf0                xTaskGetSchedulerState
 .text.xTaskPriorityDisinherit
                0x00401d10       0xc0 src/FreeRTOS/tasks.o
                0x00401d10                xTaskPriorityDisinherit
 .text.prvInsertTimerInActiveList
                0x00401dd0       0x4c src/FreeRTOS/timers.o
 .text.prvReloadTimer
                0x00401e1c       0x2c src/FreeRTOS/timers.o
 .text.prvProcessExpiredTimer
                0x00401e48       0x48 src/FreeRTOS/timers.o
 .text.prvSampleTimeNow
                0x00401e90       0x6c src/FreeRTOS/timers.o
 .text.prvTimerTask
                0x00401efc      0x1c0 src/FreeRTOS/timers.o
 .text.prvCheckForValidListAndQueue
                0x004020bc       0x70 src/FreeRTOS/timers.o
 .text.xTimerCreateTimerTask
                0x0040212c       0x5c src/FreeRTOS/timers.o
                0x0040212c                xTimerCreateTimerTask
 .text.toggleLED
                0x00402188       0x30 src/ledDriver.o
                0x00402188                toggleLED
 .text.taskHeartbeat
                0x004021b8       0x20 src/mytasks.o
                0x004021b8                taskHeartbeat
 .text.taskBlinkLED
                0x004021d8       0x68 src/mytasks.o
                0x004021d8                taskBlinkLED
 .text.taskSystemControl
                0x00402240       0xc8 src/mytasks.o
                0x00402240                taskSystemControl
 .text.taskUART
                0x00402308       0x3c src/mytasks.o
                0x00402308                taskUART
 .text.OITExpansionBoardInit
                0x00402344      0x11c src/OITExpansionBoard.o
                0x00402344                OITExpansionBoardInit
 .text.initUART
                0x00402460       0x58 src/uartdrv.o
                0x00402460                initUART
 .text.UARTPutC
                0x004024b8        0xc src/uartdrv.o
                0x004024b8                UARTPutC
 .text.UARTPutStr
                0x004024c4       0x24 src/uartdrv.o
                0x004024c4                UARTPutStr
 .text.sysclk_init
                0x004024e8       0x68 src/ASF/common/services/clock/sam4e/sysclk.o
                0x004024e8                sysclk_init
 .text.board_init
                0x00402550       0x74 src/ASF/sam/boards/sam4e_xplained_pro/init.o
                0x00402550                board_init
 .text.pmc_switch_mck_to_pllack
                0x004025c4       0x64 src/ASF/sam/drivers/pmc/pmc.o
                0x004025c4                pmc_switch_mck_to_pllack
 .text.pmc_switch_mainck_to_xtal
                0x00402628       0x54 src/ASF/sam/drivers/pmc/pmc.o
                0x00402628                pmc_switch_mainck_to_xtal
 .text.pmc_osc_is_ready_mainck
                0x0040267c       0x10 src/ASF/sam/drivers/pmc/pmc.o
                0x0040267c                pmc_osc_is_ready_mainck
 .text.pmc_disable_pllack
                0x0040268c       0x10 src/ASF/sam/drivers/pmc/pmc.o
                0x0040268c                pmc_disable_pllack
 .text.pmc_is_locked_pllack
                0x0040269c       0x10 src/ASF/sam/drivers/pmc/pmc.o
                0x0040269c                pmc_is_locked_pllack
 .text.pmc_enable_periph_clk
                0x004026ac       0x54 src/ASF/sam/drivers/pmc/pmc.o
                0x004026ac                pmc_enable_periph_clk
 .text.Dummy_Handler
                0x00402700        0x2 src/ASF/sam/utils/cmsis/sam4e/source/templates/exceptions.o
                0x00402700                DACC_Handler
                0x00402700                DebugMon_Handler
                0x00402700                DMAC_Handler
                0x00402700                HardFault_Handler
                0x00402700                TC2_Handler
                0x00402700                SPI_Handler
                0x00402700                TWI1_Handler
                0x00402700                AFEC1_Handler
                0x00402700                NMI_Handler
                0x00402700                TC7_Handler
                0x00402700                SMC_Handler
                0x00402700                USART0_Handler
                0x00402700                RTT_Handler
                0x00402700                PIOB_Handler
                0x00402700                RTC_Handler
                0x00402700                UsageFault_Handler
                0x00402700                TC6_Handler
                0x00402700                WDT_Handler
                0x00402700                CAN0_Handler
                0x00402700                TC4_Handler
                0x00402700                TC1_Handler
                0x00402700                HSMCI_Handler
                0x00402700                UART1_Handler
                0x00402700                TC3_Handler
                0x00402700                ARM_Handler
                0x00402700                Dummy_Handler
                0x00402700                TWI0_Handler
                0x00402700                USART1_Handler
                0x00402700                PIOA_Handler
                0x00402700                AFEC0_Handler
                0x00402700                ACC_Handler
                0x00402700                PMC_Handler
                0x00402700                PWM_Handler
                0x00402700                GMAC_Handler
                0x00402700                CAN1_Handler
                0x00402700                MemManage_Handler
                0x00402700                SUPC_Handler
                0x00402700                TC8_Handler
                0x00402700                EFC_Handler
                0x00402700                PIOE_Handler
                0x00402700                PIOD_Handler
                0x00402700                UART0_Handler
                0x00402700                PIOC_Handler
                0x00402700                UDP_Handler
                0x00402700                BusFault_Handler
                0x00402700                RSTC_Handler
                0x00402700                TC0_Handler
                0x00402700                TC5_Handler
                0x00402700                AES_Handler
 *fill*         0x00402702        0x2 
 .text.Reset_Handler
                0x00402704       0xc8 src/ASF/sam/utils/cmsis/sam4e/source/templates/gcc/startup_sam4e.o
                0x00402704                Reset_Handler
 .text.SystemCoreClockUpdate
                0x004027cc      0x10c src/ASF/sam/utils/cmsis/sam4e/source/templates/system_sam4e.o
                0x004027cc                SystemCoreClockUpdate
 .text.system_init_flash
                0x004028d8       0x74 src/ASF/sam/utils/cmsis/sam4e/source/templates/system_sam4e.o
                0x004028d8                system_init_flash
 .text.main     0x0040294c      0x22c src/main.o
                0x0040294c                main
 .text.vAssertCalled
                0x00402b78       0x2c src/main.o
                0x00402b78                vAssertCalled
 .text.vApplicationMallocFailedHook
                0x00402ba4       0x18 src/main.o
                0x00402ba4                vApplicationMallocFailedHook
 .text.vApplicationStackOverflowHook
                0x00402bbc       0x12 src/main.o
                0x00402bbc                vApplicationStackOverflowHook
 *fill*         0x00402bce        0x2 
 .text.__libc_init_array
                0x00402bd0       0x50 c:/program files (x86)/atmel/studio/7.0/toolchain/arm/arm-gnu-toolchain/bin/../lib/gcc/arm-none-eabi/6.3.1/../../../../arm-none-eabi/lib/thumb/v7e-m\libc.a(lib_a-init.o)
                0x00402bd0                __libc_init_array
 .text          0x00402c20      0x134 c:/program files (x86)/atmel/studio/7.0/toolchain/arm/arm-gnu-toolchain/bin/../lib/gcc/arm-none-eabi/6.3.1/../../../../arm-none-eabi/lib/thumb/v7e-m\libc.a(lib_a-memcpy.o)
                0x00402c20                memcpy
 .text.memset   0x00402d54       0x9c c:/program files (x86)/atmel/studio/7.0/toolchain/arm/arm-gnu-toolchain/bin/../lib/gcc/arm-none-eabi/6.3.1/../../../../arm-none-eabi/lib/thumb/v7e-m\libc.a(lib_a-memset.o)
                0x00402d54                memset
 .text.strcpy   0x00402df0       0xbc c:/program files (x86)/atmel/studio/7.0/toolchain/arm/arm-gnu-toolchain/bin/../lib/gcc/arm-none-eabi/6.3.1/../../../../arm-none-eabi/lib/thumb/v7e-m\libc.a(lib_a-strcpy.o)
                0x00402df0                strcpy
 *fill*         0x00402eac       0x14 
 .text          0x00402ec0       0xdc c:/program files (x86)/atmel/studio/7.0/toolchain/arm/arm-gnu-toolchain/bin/../lib/gcc/arm-none-eabi/6.3.1/../../../../arm-none-eabi/lib/thumb/v7e-m\libc.a(lib_a-strlen.o)
                0x00402ec0                strlen
 .text.startup.register_fini
                0x00402f9c       0x14 c:/program files (x86)/atmel/studio/7.0/toolchain/arm/arm-gnu-toolchain/bin/../lib/gcc/arm-none-eabi/6.3.1/../../../../arm-none-eabi/lib/thumb/v7e-m\libc.a(lib_a-__call_atexit.o)
 .text.atexit   0x00402fb0        0xc c:/program files (x86)/atmel/studio/7.0/toolchain/arm/arm-gnu-toolchain/bin/../lib/gcc/arm-none-eabi/6.3.1/../../../../arm-none-eabi/lib/thumb/v7e-m\libc.a(lib_a-atexit.o)
                0x00402fb0                atexit
 .text.__libc_fini_array
                0x00402fbc       0x34 c:/program files (x86)/atmel/studio/7.0/toolchain/arm/arm-gnu-toolchain/bin/../lib/gcc/arm-none-eabi/6.3.1/../../../../arm-none-eabi/lib/thumb/v7e-m\libc.a(lib_a-fini.o)
                0x00402fbc                __libc_fini_array
 .text.__retarget_lock_acquire_recursive
                0x00402ff0        0x4 c:/program files (x86)/atmel/studio/7.0/toolchain/arm/arm-gnu-toolchain/bin/../lib/gcc/arm-none-eabi/6.3.1/../../../../arm-none-eabi/lib/thumb/v7e-m\libc.a(lib_a-lock.o)
                0x00402ff0                __retarget_lock_acquire_recursive
 .text.__retarget_lock_release_recursive
                0x00402ff4        0x4 c:/program files (x86)/atmel/studio/7.0/toolchain/arm/arm-gnu-toolchain/bin/../lib/gcc/arm-none-eabi/6.3.1/../../../../arm-none-eabi/lib/thumb/v7e-m\libc.a(lib_a-lock.o)
                0x00402ff4                __retarget_lock_release_recursive
 .text.__register_exitproc
                0x00402ff8       0xc4 c:/program files (x86)/atmel/studio/7.0/toolchain/arm/arm-gnu-toolchain/bin/../lib/gcc/arm-none-eabi/6.3.1/../../../../arm-none-eabi/lib/thumb/v7e-m\libc.a(lib_a-__atexit.o)
                0x00402ff8                __register_exitproc
 *(.glue_7t)
 .glue_7t       0x004030bc        0x0 linker stubs
 *(.glue_7)
 .glue_7        0x004030bc        0x0 linker stubs
 *(.rodata .rodata* .gnu.linkonce.r.*)
 .rodata.prvTaskExitError.str1.4
                0x004030bc       0x2d src/FreeRTOS/portable/GCC/ARM_CM4F/port.o
 *fill*         0x004030e9        0x3 
 .rodata.pvPortMalloc.str1.4
                0x004030ec       0x2a src/FreeRTOS/portable/MemMang/heap_5.o
 *fill*         0x00403116        0x2 
 .rodata.prvNotifyQueueSetContainer.str1.4
                0x00403118       0x18 src/FreeRTOS/queue.o
 .rodata.prvTaskIsTaskSuspended.str1.4
                0x00403130       0x18 src/FreeRTOS/tasks.o
 .rodata.vTaskStartScheduler.str1.4
                0x00403148        0x5 src/FreeRTOS/tasks.o
 *fill*         0x0040314d        0x3 
 .rodata.prvCheckForValidListAndQueue.str1.4
                0x00403150        0x5 src/FreeRTOS/timers.o
 *fill*         0x00403155        0x3 
 .rodata.prvTimerTask.str1.4
                0x00403158       0x19 src/FreeRTOS/timers.o
 *fill*         0x00403171        0x3 
 .rodata.xTimerCreateTimerTask.str1.4
                0x00403174        0x8 src/FreeRTOS/timers.o
 .rodata        0x0040317c       0xc0 src/main.o
 .rodata.main.str1.4
                0x0040323c       0x82 src/main.o
 *fill*         0x004032be        0x2 
 .rodata.vApplicationMallocFailedHook.str1.4
                0x004032c0       0x10 src/main.o
                                  0xe (size before relaxing)
 .rodata._global_impure_ptr
                0x004032d0        0x4 c:/program files (x86)/atmel/studio/7.0/toolchain/arm/arm-gnu-toolchain/bin/../lib/gcc/arm-none-eabi/6.3.1/../../../../arm-none-eabi/lib/thumb/v7e-m\libc.a(lib_a-impure.o)
                0x004032d0                _global_impure_ptr
 *(.ARM.extab* .gnu.linkonce.armextab.*)
                0x004032d4                . = ALIGN (0x4)
 *(.init)
 .init          0x004032d4        0x4 c:/program files (x86)/atmel/studio/7.0/toolchain/arm/arm-gnu-toolchain/bin/../lib/gcc/arm-none-eabi/6.3.1/thumb/v7e-m/crti.o
                0x004032d4                _init
 .init          0x004032d8        0x8 c:/program files (x86)/atmel/studio/7.0/toolchain/arm/arm-gnu-toolchain/bin/../lib/gcc/arm-none-eabi/6.3.1/thumb/v7e-m/crtn.o
                0x004032e0                . = ALIGN (0x4)
                0x004032e0                __preinit_array_start = .
 *(.preinit_array)
                0x004032e0                __preinit_array_end = .
                0x004032e0                . = ALIGN (0x4)
                0x004032e0                __init_array_start = .
 *(SORT(.init_array.*))
 .init_array.00000
                0x004032e0        0x4 c:/program files (x86)/atmel/studio/7.0/toolchain/arm/arm-gnu-toolchain/bin/../lib/gcc/arm-none-eabi/6.3.1/../../../../arm-none-eabi/lib/thumb/v7e-m\libc.a(lib_a-__call_atexit.o)
 *(.init_array)
 .init_array    0x004032e4        0x4 c:/program files (x86)/atmel/studio/7.0/toolchain/arm/arm-gnu-toolchain/bin/../lib/gcc/arm-none-eabi/6.3.1/thumb/v7e-m/crtbegin.o
                0x004032e8                __init_array_end = .
                0x004032e8                . = ALIGN (0x4)
 *crtbegin.o(.ctors)
 *(EXCLUDE_FILE(*crtend.o) .ctors)
 *(SORT(.ctors.*))
 *crtend.o(.ctors)
                0x004032e8                . = ALIGN (0x4)
 *(.fini)
 .fini          0x004032e8        0x4 c:/program files (x86)/atmel/studio/7.0/toolchain/arm/arm-gnu-toolchain/bin/../lib/gcc/arm-none-eabi/6.3.1/thumb/v7e-m/crti.o
                0x004032e8                _fini
 .fini          0x004032ec        0x8 c:/program files (x86)/atmel/studio/7.0/toolchain/arm/arm-gnu-toolchain/bin/../lib/gcc/arm-none-eabi/6.3.1/thumb/v7e-m/crtn.o
                0x004032f4                . = ALIGN (0x4)
                0x004032f4                __fini_array_start = .
 *(.fini_array)
 .fini_array    0x004032f4        0x4 c:/program files (x86)/atmel/studio/7.0/toolchain/arm/arm-gnu-toolchain/bin/../lib/gcc/arm-none-eabi/6.3.1/thumb/v7e-m/crtbegin.o
 *(SORT(.fini_array.*))
                0x004032f8                __fini_array_end = .
 *crtbegin.o(.dtors)
 *(EXCLUDE_FILE(*crtend.o) .dtors)
 *(SORT(.dtors.*))
 *crtend.o(.dtors)
                0x004032f8                . = ALIGN (0x4)
                0x004032f8                _efixed = .
                [!provide]                PROVIDE (__exidx_start, .)

.vfp11_veneer   0x004032f8        0x0
 .vfp11_veneer  0x004032f8        0x0 linker stubs

.v4_bx          0x004032f8        0x0
 .v4_bx         0x004032f8        0x0 linker stubs

.iplt           0x004032f8        0x0
 .iplt          0x004032f8        0x0 c:/program files (x86)/atmel/studio/7.0/toolchain/arm/arm-gnu-toolchain/bin/../lib/gcc/arm-none-eabi/6.3.1/thumb/v7e-m/crtbegin.o

.eh_frame       0x004032f8        0x0
 .eh_frame      0x004032f8        0x0 c:/program files (x86)/atmel/studio/7.0/toolchain/arm/arm-gnu-toolchain/bin/../lib/gcc/arm-none-eabi/6.3.1/thumb/v7e-m/crtbegin.o

.rel.dyn        0x004032f8        0x0
 .rel.iplt      0x004032f8        0x0 c:/program files (x86)/atmel/studio/7.0/toolchain/arm/arm-gnu-toolchain/bin/../lib/gcc/arm-none-eabi/6.3.1/thumb/v7e-m/crtbegin.o

.jcr            0x004032f8        0x0
 .jcr           0x004032f8        0x0 c:/program files (x86)/atmel/studio/7.0/toolchain/arm/arm-gnu-toolchain/bin/../lib/gcc/arm-none-eabi/6.3.1/thumb/v7e-m/crtbegin.o

.igot.plt       0x004032f8        0x0
 .igot.plt      0x004032f8        0x0 c:/program files (x86)/atmel/studio/7.0/toolchain/arm/arm-gnu-toolchain/bin/../lib/gcc/arm-none-eabi/6.3.1/thumb/v7e-m/crtbegin.o

.ARM.exidx
 *(.ARM.exidx* .gnu.linkonce.armexidx.*)
                [!provide]                PROVIDE (__exidx_end, .)
                0x004032f8                . = ALIGN (0x4)
                0x004032f8                _etext = .

.relocate       0x20000000      0x44c load address 0x004032f8
                0x20000000                . = ALIGN (0x4)
                0x20000000                _srelocate = .
 *(.ramfunc .ramfunc.*)
 *(.data .data.*)
 .data.decSW    0x20000000        0x3 src/buttonDriver.o
                0x20000000                decSW
 *fill*         0x20000003        0x1 
 .data.uxCriticalNesting
                0x20000004        0x4 src/FreeRTOS/portable/GCC/ARM_CM4F/port.o
 .data.uxTopUsedPriority
                0x20000008        0x4 src/FreeRTOS/tasks.o
                0x20000008                uxTopUsedPriority
 .data.SUCCESS  0x2000000c        0x1 src/ledDriver.o
                0x2000000c                SUCCESS
 *fill*         0x2000000d        0x3 
 .data.decLED   0x20000010        0x4 src/ledDriver.o
                0x20000010                decLED
 .data.g_interrupt_enabled
                0x20000014        0x1 src/ASF/common/utils/interrupt/interrupt_sam_nvic.o
                0x20000014                g_interrupt_enabled
 *fill*         0x20000015        0x3 
 .data.SystemCoreClock
                0x20000018        0x4 src/ASF/sam/utils/cmsis/sam4e/source/templates/system_sam4e.o
                0x20000018                SystemCoreClock
 *fill*         0x2000001c        0x4 
 .data.impure_data
                0x20000020      0x428 c:/program files (x86)/atmel/studio/7.0/toolchain/arm/arm-gnu-toolchain/bin/../lib/gcc/arm-none-eabi/6.3.1/../../../../arm-none-eabi/lib/thumb/v7e-m\libc.a(lib_a-impure.o)
 .data.__atexit_recursive_mutex
                0x20000448        0x4 c:/program files (x86)/atmel/studio/7.0/toolchain/arm/arm-gnu-toolchain/bin/../lib/gcc/arm-none-eabi/6.3.1/../../../../arm-none-eabi/lib/thumb/v7e-m\libc.a(lib_a-__call_atexit.o)
                0x20000448                __atexit_recursive_mutex
                0x2000044c                . = ALIGN (0x4)
                0x2000044c                _erelocate = .

.bss            0x2000044c      0x224 load address 0x00403744
                0x2000044c                . = ALIGN (0x4)
                0x2000044c                _sbss = .
                0x2000044c                _szero = .
 *(.bss .bss.*)
 .bss           0x2000044c       0x1c c:/program files (x86)/atmel/studio/7.0/toolchain/arm/arm-gnu-toolchain/bin/../lib/gcc/arm-none-eabi/6.3.1/thumb/v7e-m/crtbegin.o
 .bss.ucMaxSysCallPriority
                0x20000468        0x1 src/FreeRTOS/portable/GCC/ARM_CM4F/port.o
 *fill*         0x20000469        0x3 
 .bss.ulMaxPRIGROUPValue
                0x2000046c        0x4 src/FreeRTOS/portable/GCC/ARM_CM4F/port.o
 .bss.pxEnd     0x20000470        0x4 src/FreeRTOS/portable/MemMang/heap_5.o
 .bss.xBlockAllocatedBit
                0x20000474        0x4 src/FreeRTOS/portable/MemMang/heap_5.o
 .bss.xFreeBytesRemaining
                0x20000478        0x4 src/FreeRTOS/portable/MemMang/heap_5.o
 .bss.xMinimumEverFreeBytesRemaining
                0x2000047c        0x4 src/FreeRTOS/portable/MemMang/heap_5.o
 .bss.xNumberOfSuccessfulAllocations
                0x20000480        0x4 src/FreeRTOS/portable/MemMang/heap_5.o
 .bss.xNumberOfSuccessfulFrees
                0x20000484        0x4 src/FreeRTOS/portable/MemMang/heap_5.o
 .bss.xStart    0x20000488        0x8 src/FreeRTOS/portable/MemMang/heap_5.o
 .bss.pxCurrentTCB
                0x20000490        0x4 src/FreeRTOS/tasks.o
                0x20000490                pxCurrentTCB
 .bss.pxDelayedTaskList
                0x20000494        0x4 src/FreeRTOS/tasks.o
 .bss.pxOverflowDelayedTaskList
                0x20000498        0x4 src/FreeRTOS/tasks.o
 .bss.pxReadyTasksLists
                0x2000049c       0xa0 src/FreeRTOS/tasks.o
 .bss.uxCurrentNumberOfTasks
                0x2000053c        0x4 src/FreeRTOS/tasks.o
 .bss.uxDeletedTasksWaitingCleanUp
                0x20000540        0x4 src/FreeRTOS/tasks.o
 .bss.uxSchedulerSuspended
                0x20000544        0x4 src/FreeRTOS/tasks.o
 .bss.uxTaskNumber
                0x20000548        0x4 src/FreeRTOS/tasks.o
 .bss.uxTopReadyPriority
                0x2000054c        0x4 src/FreeRTOS/tasks.o
 .bss.xDelayedTaskList1
                0x20000550       0x14 src/FreeRTOS/tasks.o
 .bss.xDelayedTaskList2
                0x20000564       0x14 src/FreeRTOS/tasks.o
 .bss.xIdleTaskHandle
                0x20000578        0x4 src/FreeRTOS/tasks.o
 .bss.xNextTaskUnblockTime
                0x2000057c        0x4 src/FreeRTOS/tasks.o
 .bss.xNumOfOverflows
                0x20000580        0x4 src/FreeRTOS/tasks.o
 .bss.xPendedTicks
                0x20000584        0x4 src/FreeRTOS/tasks.o
 .bss.xPendingReadyList
                0x20000588       0x14 src/FreeRTOS/tasks.o
 .bss.xSchedulerRunning
                0x2000059c        0x4 src/FreeRTOS/tasks.o
 .bss.xSuspendedTaskList
                0x200005a0       0x14 src/FreeRTOS/tasks.o
 .bss.xTasksWaitingTermination
                0x200005b4       0x14 src/FreeRTOS/tasks.o
 .bss.xTickCount
                0x200005c8        0x4 src/FreeRTOS/tasks.o
 .bss.xYieldPending
                0x200005cc        0x4 src/FreeRTOS/tasks.o
 .bss.pxCurrentTimerList
                0x200005d0        0x4 src/FreeRTOS/timers.o
 .bss.pxOverflowTimerList
                0x200005d4        0x4 src/FreeRTOS/timers.o
 .bss.xActiveTimerList1
                0x200005d8       0x14 src/FreeRTOS/timers.o
 .bss.xActiveTimerList2
                0x200005ec       0x14 src/FreeRTOS/timers.o
 .bss.xLastTime.6608
                0x20000600        0x4 src/FreeRTOS/timers.o
 .bss.xTimerQueue
                0x20000604        0x4 src/FreeRTOS/timers.o
 .bss.xTimerTaskHandle
                0x20000608        0x4 src/FreeRTOS/timers.o
 *(COMMON)
 COMMON         0x2000060c       0x40 src/FreeRTOS/queue.o
                0x2000060c                xQueueRegistry
 COMMON         0x2000064c       0x21 c:/program files (x86)/atmel/studio/7.0/toolchain/arm/arm-gnu-toolchain/bin/../lib/gcc/arm-none-eabi/6.3.1/../../../../arm-none-eabi/lib/thumb/v7e-m\libc.a(lib_a-lock.o)
                0x2000064c                __lock___atexit_recursive_mutex
                0x20000650                __lock___arc4random_mutex
                0x20000654                __lock___env_recursive_mutex
                0x20000658                __lock___sinit_recursive_mutex
                0x2000065c                __lock___malloc_recursive_mutex
                0x20000660                __lock___at_quick_exit_mutex
                0x20000664                __lock___dd_hash_mutex
                0x20000668                __lock___tz_mutex
                0x2000066c                __lock___sfp_recursive_mutex
                0x20000670                . = ALIGN (0x4)
 *fill*         0x2000066d        0x3 
                0x20000670                _ebss = .
                0x20000670                _ezero = .

.stack          0x20000670     0x3000 load address 0x00403968
                0x20000670                . = ALIGN (0x8)
                0x20000670                _sstack = .
                0x20003670                . = (. + __stack_size__)
 *fill*         0x20000670     0x3000 
                0x20003670                . = ALIGN (0x8)
                0x20003670                _estack = .
                0x20003670                . = ALIGN (0x4)
                0x20003670                _end = .
OUTPUT(Lab02.elf elf32-littlearm)

.ARM.attributes
                0x00000000       0x2e
 .ARM.attributes
                0x00000000       0x1e c:/program files (x86)/atmel/studio/7.0/toolchain/arm/arm-gnu-toolchain/bin/../lib/gcc/arm-none-eabi/6.3.1/thumb/v7e-m/crti.o
 .ARM.attributes
                0x0000001e       0x2e c:/program files (x86)/atmel/studio/7.0/toolchain/arm/arm-gnu-toolchain/bin/../lib/gcc/arm-none-eabi/6.3.1/thumb/v7e-m/crtbegin.o
 .ARM.attributes
                0x0000004c       0x37 src/buttonDriver.o
 .ARM.attributes
                0x00000083       0x37 src/FreeRTOS/list.o
 .ARM.attributes
                0x000000ba       0x37 src/FreeRTOS/portable/GCC/ARM_CM4F/port.o
 .ARM.attributes
                0x000000f1       0x37 src/FreeRTOS/portable/MemMang/heap_5.o
 .ARM.attributes
                0x00000128       0x37 src/FreeRTOS/queue.o
 .ARM.attributes
                0x0000015f       0x37 src/FreeRTOS/tasks.o
 .ARM.attributes
                0x00000196       0x37 src/FreeRTOS/timers.o
 .ARM.attributes
                0x000001cd       0x37 src/ledDriver.o
 .ARM.attributes
                0x00000204       0x37 src/mytasks.o
 .ARM.attributes
                0x0000023b       0x37 src/OITExpansionBoard.o
 .ARM.attributes
                0x00000272       0x37 src/uartdrv.o
 .ARM.attributes
                0x000002a9       0x37 src/ASF/common/services/clock/sam4e/sysclk.o
 .ARM.attributes
                0x000002e0       0x37 src/ASF/common/utils/interrupt/interrupt_sam_nvic.o
 .ARM.attributes
                0x00000317       0x37 src/ASF/sam/boards/sam4e_xplained_pro/init.o
 .ARM.attributes
                0x0000034e       0x37 src/ASF/sam/drivers/pmc/pmc.o
 .ARM.attributes
                0x00000385       0x37 src/ASF/sam/utils/cmsis/sam4e/source/templates/exceptions.o
 .ARM.attributes
                0x000003bc       0x37 src/ASF/sam/utils/cmsis/sam4e/source/templates/gcc/startup_sam4e.o
 .ARM.attributes
                0x000003f3       0x37 src/ASF/sam/utils/cmsis/sam4e/source/templates/system_sam4e.o
 .ARM.attributes
                0x0000042a       0x37 src/main.o
 .ARM.attributes
                0x00000461       0x2e c:/program files (x86)/atmel/studio/7.0/toolchain/arm/arm-gnu-toolchain/bin/../lib/gcc/arm-none-eabi/6.3.1/../../../../arm-none-eabi/lib/thumb/v7e-m\libc.a(lib_a-impure.o)
 .ARM.attributes
                0x0000048f       0x2e c:/program files (x86)/atmel/studio/7.0/toolchain/arm/arm-gnu-toolchain/bin/../lib/gcc/arm-none-eabi/6.3.1/../../../../arm-none-eabi/lib/thumb/v7e-m\libc.a(lib_a-init.o)
 .ARM.attributes
                0x000004bd       0x1c c:/program files (x86)/atmel/studio/7.0/toolchain/arm/arm-gnu-toolchain/bin/../lib/gcc/arm-none-eabi/6.3.1/../../../../arm-none-eabi/lib/thumb/v7e-m\libc.a(lib_a-memcpy.o)
 .ARM.attributes
                0x000004d9       0x2e c:/program files (x86)/atmel/studio/7.0/toolchain/arm/arm-gnu-toolchain/bin/../lib/gcc/arm-none-eabi/6.3.1/../../../../arm-none-eabi/lib/thumb/v7e-m\libc.a(lib_a-memset.o)
 .ARM.attributes
                0x00000507       0x2e c:/program files (x86)/atmel/studio/7.0/toolchain/arm/arm-gnu-toolchain/bin/../lib/gcc/arm-none-eabi/6.3.1/../../../../arm-none-eabi/lib/thumb/v7e-m\libc.a(lib_a-strcpy.o)
 .ARM.attributes
                0x00000535       0x1c c:/program files (x86)/atmel/studio/7.0/toolchain/arm/arm-gnu-toolchain/bin/../lib/gcc/arm-none-eabi/6.3.1/../../../../arm-none-eabi/lib/thumb/v7e-m\libc.a(lib_a-strlen.o)
 .ARM.attributes
                0x00000551       0x2e c:/program files (x86)/atmel/studio/7.0/toolchain/arm/arm-gnu-toolchain/bin/../lib/gcc/arm-none-eabi/6.3.1/../../../../arm-none-eabi/lib/thumb/v7e-m\libc.a(lib_a-__call_atexit.o)
 .ARM.attributes
                0x0000057f       0x2e c:/program files (x86)/atmel/studio/7.0/toolchain/arm/arm-gnu-toolchain/bin/../lib/gcc/arm-none-eabi/6.3.1/../../../../arm-none-eabi/lib/thumb/v7e-m\libc.a(lib_a-atexit.o)
 .ARM.attributes
                0x000005ad       0x2e c:/program files (x86)/atmel/studio/7.0/toolchain/arm/arm-gnu-toolchain/bin/../lib/gcc/arm-none-eabi/6.3.1/../../../../arm-none-eabi/lib/thumb/v7e-m\libc.a(lib_a-fini.o)
 .ARM.attributes
                0x000005db       0x2e c:/program files (x86)/atmel/studio/7.0/toolchain/arm/arm-gnu-toolchain/bin/../lib/gcc/arm-none-eabi/6.3.1/../../../../arm-none-eabi/lib/thumb/v7e-m\libc.a(lib_a-lock.o)
 .ARM.attributes
                0x00000609       0x2e c:/program files (x86)/atmel/studio/7.0/toolchain/arm/arm-gnu-toolchain/bin/../lib/gcc/arm-none-eabi/6.3.1/../../../../arm-none-eabi/lib/thumb/v7e-m\libc.a(lib_a-__atexit.o)
 .ARM.attributes
                0x00000637       0x1e c:/program files (x86)/atmel/studio/7.0/toolchain/arm/arm-gnu-toolchain/bin/../lib/gcc/arm-none-eabi/6.3.1/thumb/v7e-m/crtn.o

.comment        0x00000000       0x59
 .comment       0x00000000       0x59 src/buttonDriver.o
                                 0x5a (size before relaxing)
 .comment       0x00000059       0x5a src/FreeRTOS/list.o
 .comment       0x00000059       0x5a src/FreeRTOS/portable/GCC/ARM_CM4F/port.o
 .comment       0x00000059       0x5a src/FreeRTOS/portable/MemMang/heap_5.o
 .comment       0x00000059       0x5a src/FreeRTOS/queue.o
 .comment       0x00000059       0x5a src/FreeRTOS/tasks.o
 .comment       0x00000059       0x5a src/FreeRTOS/timers.o
 .comment       0x00000059       0x5a src/ledDriver.o
 .comment       0x00000059       0x5a src/mytasks.o
 .comment       0x00000059       0x5a src/OITExpansionBoard.o
 .comment       0x00000059       0x5a src/uartdrv.o
 .comment       0x00000059       0x5a src/ASF/common/services/clock/sam4e/sysclk.o
 .comment       0x00000059       0x5a src/ASF/common/utils/interrupt/interrupt_sam_nvic.o
 .comment       0x00000059       0x5a src/ASF/sam/boards/sam4e_xplained_pro/init.o
 .comment       0x00000059       0x5a src/ASF/sam/drivers/pmc/pmc.o
 .comment       0x00000059       0x5a src/ASF/sam/utils/cmsis/sam4e/source/templates/exceptions.o
 .comment       0x00000059       0x5a src/ASF/sam/utils/cmsis/sam4e/source/templates/gcc/startup_sam4e.o
 .comment       0x00000059       0x5a src/ASF/sam/utils/cmsis/sam4e/source/templates/system_sam4e.o
 .comment       0x00000059       0x5a src/main.o

.debug_info     0x00000000    0x176a9
 .debug_info    0x00000000     0x116b src/buttonDriver.o
 .debug_info    0x0000116b      0xbeb src/FreeRTOS/list.o
 .debug_info    0x00001d56      0x57b src/FreeRTOS/portable/GCC/ARM_CM4F/port.o
 .debug_info    0x000022d1      0xf73 src/FreeRTOS/portable/MemMang/heap_5.o
 .debug_info    0x00003244     0x2d0c src/FreeRTOS/queue.o
 .debug_info    0x00005f50     0x2f7f src/FreeRTOS/tasks.o
 .debug_info    0x00008ecf     0x1c32 src/FreeRTOS/timers.o
 .debug_info    0x0000ab01     0x140f src/ledDriver.o
 .debug_info    0x0000bf10     0x1106 src/mytasks.o
 .debug_info    0x0000d016     0x1b1e src/OITExpansionBoard.o
 .debug_info    0x0000eb34     0x1468 src/uartdrv.o
 .debug_info    0x0000ff9c     0x12b0 src/ASF/common/services/clock/sam4e/sysclk.o
 .debug_info    0x0001124c      0xaff src/ASF/common/utils/interrupt/interrupt_sam_nvic.o
 .debug_info    0x00011d4b     0x15d3 src/ASF/sam/boards/sam4e_xplained_pro/init.o
 .debug_info    0x0001331e     0x18b1 src/ASF/sam/drivers/pmc/pmc.o
 .debug_info    0x00014bcf       0xdc src/ASF/sam/utils/cmsis/sam4e/source/templates/exceptions.o
 .debug_info    0x00014cab     0x1240 src/ASF/sam/utils/cmsis/sam4e/source/templates/gcc/startup_sam4e.o
 .debug_info    0x00015eeb      0x495 src/ASF/sam/utils/cmsis/sam4e/source/templates/system_sam4e.o
 .debug_info    0x00016380     0x1329 src/main.o

.debug_abbrev   0x00000000     0x334f
 .debug_abbrev  0x00000000      0x2b7 src/buttonDriver.o
 .debug_abbrev  0x000002b7      0x221 src/FreeRTOS/list.o
 .debug_abbrev  0x000004d8      0x247 src/FreeRTOS/portable/GCC/ARM_CM4F/port.o
 .debug_abbrev  0x0000071f      0x2c5 src/FreeRTOS/portable/MemMang/heap_5.o
 .debug_abbrev  0x000009e4      0x382 src/FreeRTOS/queue.o
 .debug_abbrev  0x00000d66      0x440 src/FreeRTOS/tasks.o
 .debug_abbrev  0x000011a6      0x38d src/FreeRTOS/timers.o
 .debug_abbrev  0x00001533      0x317 src/ledDriver.o
 .debug_abbrev  0x0000184a      0x280 src/mytasks.o
 .debug_abbrev  0x00001aca      0x2cc src/OITExpansionBoard.o
 .debug_abbrev  0x00001d96      0x331 src/uartdrv.o
 .debug_abbrev  0x000020c7      0x32c src/ASF/common/services/clock/sam4e/sysclk.o
 .debug_abbrev  0x000023f3      0x221 src/ASF/common/utils/interrupt/interrupt_sam_nvic.o
 .debug_abbrev  0x00002614      0x2e4 src/ASF/sam/boards/sam4e_xplained_pro/init.o
 .debug_abbrev  0x000028f8      0x315 src/ASF/sam/drivers/pmc/pmc.o
 .debug_abbrev  0x00002c0d       0x7d src/ASF/sam/utils/cmsis/sam4e/source/templates/exceptions.o
 .debug_abbrev  0x00002c8a      0x2bd src/ASF/sam/utils/cmsis/sam4e/source/templates/gcc/startup_sam4e.o
 .debug_abbrev  0x00002f47      0x102 src/ASF/sam/utils/cmsis/sam4e/source/templates/system_sam4e.o
 .debug_abbrev  0x00003049      0x306 src/main.o

.debug_loc      0x00000000     0x759c
 .debug_loc     0x00000000       0x93 src/buttonDriver.o
 .debug_loc     0x00000093       0x91 src/FreeRTOS/list.o
 .debug_loc     0x00000124      0x21f src/FreeRTOS/portable/GCC/ARM_CM4F/port.o
 .debug_loc     0x00000343      0x622 src/FreeRTOS/portable/MemMang/heap_5.o
 .debug_loc     0x00000965     0x1faf src/FreeRTOS/queue.o
 .debug_loc     0x00002914     0x233d src/FreeRTOS/tasks.o
 .debug_loc     0x00004c51     0x107b src/FreeRTOS/timers.o
 .debug_loc     0x00005ccc      0x2e8 src/ledDriver.o
 .debug_loc     0x00005fb4      0x1be src/mytasks.o
 .debug_loc     0x00006172      0x3aa src/OITExpansionBoard.o
 .debug_loc     0x0000651c      0x1d6 src/uartdrv.o
 .debug_loc     0x000066f2      0x1c0 src/ASF/common/services/clock/sam4e/sysclk.o
 .debug_loc     0x000068b2      0x13b src/ASF/sam/boards/sam4e_xplained_pro/init.o
 .debug_loc     0x000069ed      0x9c6 src/ASF/sam/drivers/pmc/pmc.o
 .debug_loc     0x000073b3       0x77 src/ASF/sam/utils/cmsis/sam4e/source/templates/gcc/startup_sam4e.o
 .debug_loc     0x0000742a      0x172 src/main.o

.debug_aranges  0x00000000      0x868
 .debug_aranges
                0x00000000       0x28 src/buttonDriver.o
 .debug_aranges
                0x00000028       0x40 src/FreeRTOS/list.o
 .debug_aranges
                0x00000068       0x80 src/FreeRTOS/portable/GCC/ARM_CM4F/port.o
 .debug_aranges
                0x000000e8       0x50 src/FreeRTOS/portable/MemMang/heap_5.o
 .debug_aranges
                0x00000138      0x128 src/FreeRTOS/queue.o
 .debug_aranges
                0x00000260      0x188 src/FreeRTOS/tasks.o
 .debug_aranges
                0x000003e8       0xb8 src/FreeRTOS/timers.o
 .debug_aranges
                0x000004a0       0x38 src/ledDriver.o
 .debug_aranges
                0x000004d8       0x38 src/mytasks.o
 .debug_aranges
                0x00000510       0x20 src/OITExpansionBoard.o
 .debug_aranges
                0x00000530       0x30 src/uartdrv.o
 .debug_aranges
                0x00000560       0x40 src/ASF/common/services/clock/sam4e/sysclk.o
 .debug_aranges
                0x000005a0       0x28 src/ASF/common/utils/interrupt/interrupt_sam_nvic.o
 .debug_aranges
                0x000005c8       0x20 src/ASF/sam/boards/sam4e_xplained_pro/init.o
 .debug_aranges
                0x000005e8      0x1d8 src/ASF/sam/drivers/pmc/pmc.o
 .debug_aranges
                0x000007c0       0x20 src/ASF/sam/utils/cmsis/sam4e/source/templates/exceptions.o
 .debug_aranges
                0x000007e0       0x20 src/ASF/sam/utils/cmsis/sam4e/source/templates/gcc/startup_sam4e.o
 .debug_aranges
                0x00000800       0x30 src/ASF/sam/utils/cmsis/sam4e/source/templates/system_sam4e.o
 .debug_aranges
                0x00000830       0x38 src/main.o

.debug_ranges   0x00000000      0xa88
 .debug_ranges  0x00000000       0x18 src/buttonDriver.o
 .debug_ranges  0x00000018       0x30 src/FreeRTOS/list.o
 .debug_ranges  0x00000048       0x88 src/FreeRTOS/portable/GCC/ARM_CM4F/port.o
 .debug_ranges  0x000000d0       0x40 src/FreeRTOS/portable/MemMang/heap_5.o
 .debug_ranges  0x00000110      0x250 src/FreeRTOS/queue.o
 .debug_ranges  0x00000360      0x2c8 src/FreeRTOS/tasks.o
 .debug_ranges  0x00000628      0x128 src/FreeRTOS/timers.o
 .debug_ranges  0x00000750       0x40 src/ledDriver.o
 .debug_ranges  0x00000790       0x28 src/mytasks.o
 .debug_ranges  0x000007b8       0x10 src/OITExpansionBoard.o
 .debug_ranges  0x000007c8       0x38 src/uartdrv.o
 .debug_ranges  0x00000800       0x30 src/ASF/common/services/clock/sam4e/sysclk.o
 .debug_ranges  0x00000830       0x18 src/ASF/common/utils/interrupt/interrupt_sam_nvic.o
 .debug_ranges  0x00000848       0x10 src/ASF/sam/boards/sam4e_xplained_pro/init.o
 .debug_ranges  0x00000858      0x1c8 src/ASF/sam/drivers/pmc/pmc.o
 .debug_ranges  0x00000a20       0x10 src/ASF/sam/utils/cmsis/sam4e/source/templates/exceptions.o
 .debug_ranges  0x00000a30       0x10 src/ASF/sam/utils/cmsis/sam4e/source/templates/gcc/startup_sam4e.o
 .debug_ranges  0x00000a40       0x20 src/ASF/sam/utils/cmsis/sam4e/source/templates/system_sam4e.o
 .debug_ranges  0x00000a60       0x28 src/main.o

.debug_macro    0x00000000    0x18f90
 .debug_macro   0x00000000      0x682 src/buttonDriver.o
 .debug_macro   0x00000682      0x8d4 src/buttonDriver.o
 .debug_macro   0x00000f56      0x16d src/buttonDriver.o
 .debug_macro   0x000010c3      0x71d src/buttonDriver.o
 .debug_macro   0x000017e0       0x76 src/buttonDriver.o
 .debug_macro   0x00001856       0x16 src/buttonDriver.o
 .debug_macro   0x0000186c      0x6da src/buttonDriver.o
 .debug_macro   0x00001f46       0x22 src/buttonDriver.o
 .debug_macro   0x00001f68       0x87 src/buttonDriver.o
 .debug_macro   0x00001fef       0x51 src/buttonDriver.o
 .debug_macro   0x00002040       0xef src/buttonDriver.o
 .debug_macro   0x0000212f       0x6a src/buttonDriver.o
 .debug_macro   0x00002199      0x1df src/buttonDriver.o
 .debug_macro   0x00002378       0x27 src/buttonDriver.o
 .debug_macro   0x0000239f       0x1c src/buttonDriver.o
 .debug_macro   0x000023bb       0x22 src/buttonDriver.o
 .debug_macro   0x000023dd       0xdf src/buttonDriver.o
 .debug_macro   0x000024bc     0x102d src/buttonDriver.o
 .debug_macro   0x000034e9      0x11f src/buttonDriver.o
 .debug_macro   0x00003608      0x154 src/buttonDriver.o
 .debug_macro   0x0000375c      0x18f src/buttonDriver.o
 .debug_macro   0x000038eb      0xbec src/buttonDriver.o
 .debug_macro   0x000044d7      0x535 src/buttonDriver.o
 .debug_macro   0x00004a0c      0x196 src/buttonDriver.o
 .debug_macro   0x00004ba2      0x11e src/buttonDriver.o
 .debug_macro   0x00004cc0      0x428 src/buttonDriver.o
 .debug_macro   0x000050e8      0x541 src/buttonDriver.o
 .debug_macro   0x00005629      0x106 src/buttonDriver.o
 .debug_macro   0x0000572f      0xa74 src/buttonDriver.o
 .debug_macro   0x000061a3       0x1c src/buttonDriver.o
 .debug_macro   0x000061bf      0x735 src/buttonDriver.o
 .debug_macro   0x000068f4      0x44d src/buttonDriver.o
 .debug_macro   0x00006d41       0xbe src/buttonDriver.o
 .debug_macro   0x00006dff     0x28b1 src/buttonDriver.o
 .debug_macro   0x000096b0      0x834 src/buttonDriver.o
 .debug_macro   0x00009ee4      0xb28 src/buttonDriver.o
 .debug_macro   0x0000aa0c       0x9a src/buttonDriver.o
 .debug_macro   0x0000aaa6       0x76 src/buttonDriver.o
 .debug_macro   0x0000ab1c      0x3cf src/buttonDriver.o
 .debug_macro   0x0000aeeb       0x64 src/buttonDriver.o
 .debug_macro   0x0000af4f      0x1a6 src/buttonDriver.o
 .debug_macro   0x0000b0f5      0x37c src/buttonDriver.o
 .debug_macro   0x0000b471      0x6fd src/buttonDriver.o
 .debug_macro   0x0000bb6e      0x6f4 src/buttonDriver.o
 .debug_macro   0x0000c262      0x377 src/buttonDriver.o
 .debug_macro   0x0000c5d9      0x2a1 src/buttonDriver.o
 .debug_macro   0x0000c87a      0x2cd src/buttonDriver.o
 .debug_macro   0x0000cb47      0x6b2 src/buttonDriver.o
 .debug_macro   0x0000d1f9       0x76 src/buttonDriver.o
 .debug_macro   0x0000d26f      0x2e9 src/buttonDriver.o
 .debug_macro   0x0000d558       0x46 src/buttonDriver.o
 .debug_macro   0x0000d59e      0x21b src/buttonDriver.o
 .debug_macro   0x0000d7b9      0x21b src/buttonDriver.o
 .debug_macro   0x0000d9d4      0x287 src/buttonDriver.o
 .debug_macro   0x0000dc5b       0x88 src/buttonDriver.o
 .debug_macro   0x0000dce3       0x82 src/buttonDriver.o
 .debug_macro   0x0000dd65       0xb8 src/buttonDriver.o
 .debug_macro   0x0000de1d       0x52 src/buttonDriver.o
 .debug_macro   0x0000de6f       0x88 src/buttonDriver.o
 .debug_macro   0x0000def7      0x1bb src/buttonDriver.o
 .debug_macro   0x0000e0b2      0x1bb src/buttonDriver.o
 .debug_macro   0x0000e26d      0x12b src/buttonDriver.o
 .debug_macro   0x0000e398       0xac src/buttonDriver.o
 .debug_macro   0x0000e444       0xac src/buttonDriver.o
 .debug_macro   0x0000e4f0       0x94 src/buttonDriver.o
 .debug_macro   0x0000e584       0x94 src/buttonDriver.o
 .debug_macro   0x0000e618       0xdc src/buttonDriver.o
 .debug_macro   0x0000e6f4       0xdc src/buttonDriver.o
 .debug_macro   0x0000e7d0       0x7c src/buttonDriver.o
 .debug_macro   0x0000e84c       0x40 src/buttonDriver.o
 .debug_macro   0x0000e88c       0xee src/buttonDriver.o
 .debug_macro   0x0000e97a       0x46 src/buttonDriver.o
 .debug_macro   0x0000e9c0       0x58 src/buttonDriver.o
 .debug_macro   0x0000ea18       0xa6 src/buttonDriver.o
 .debug_macro   0x0000eabe       0x82 src/buttonDriver.o
 .debug_macro   0x0000eb40       0x16 src/buttonDriver.o
 .debug_macro   0x0000eb56       0x22 src/buttonDriver.o
 .debug_macro   0x0000eb78      0x193 src/buttonDriver.o
 .debug_macro   0x0000ed0b      0x163 src/buttonDriver.o
 .debug_macro   0x0000ee6e      0x163 src/buttonDriver.o
 .debug_macro   0x0000efd1      0x163 src/buttonDriver.o
 .debug_macro   0x0000f134      0x163 src/buttonDriver.o
 .debug_macro   0x0000f297       0x1c src/buttonDriver.o
 .debug_macro   0x0000f2b3       0x2e src/buttonDriver.o
 .debug_macro   0x0000f2e1       0x22 src/buttonDriver.o
 .debug_macro   0x0000f303       0x1c src/buttonDriver.o
 .debug_macro   0x0000f31f       0x52 src/buttonDriver.o
 .debug_macro   0x0000f371       0x10 src/buttonDriver.o
 .debug_macro   0x0000f381       0x1c src/buttonDriver.o
 .debug_macro   0x0000f39d      0x2b2 src/buttonDriver.o
 .debug_macro   0x0000f64f      0xc83 src/buttonDriver.o
 .debug_macro   0x000102d2      0x10e src/buttonDriver.o
 .debug_macro   0x000103e0       0x58 src/buttonDriver.o
 .debug_macro   0x00010438       0x35 src/buttonDriver.o
 .debug_macro   0x0001046d       0x9c src/buttonDriver.o
 .debug_macro   0x00010509       0x16 src/buttonDriver.o
 .debug_macro   0x0001051f       0x35 src/buttonDriver.o
 .debug_macro   0x00010554      0x34d src/buttonDriver.o
 .debug_macro   0x000108a1       0x10 src/buttonDriver.o
 .debug_macro   0x000108b1       0x58 src/buttonDriver.o
 .debug_macro   0x00010909       0x1f src/buttonDriver.o
 .debug_macro   0x00010928       0x43 src/buttonDriver.o
 .debug_macro   0x0001096b       0x20 src/buttonDriver.o
 .debug_macro   0x0001098b      0x187 src/buttonDriver.o
 .debug_macro   0x00010b12       0x10 src/buttonDriver.o
 .debug_macro   0x00010b22       0x1c src/buttonDriver.o
 .debug_macro   0x00010b3e       0x52 src/buttonDriver.o
 .debug_macro   0x00010b90       0x40 src/buttonDriver.o
 .debug_macro   0x00010bd0       0x10 src/buttonDriver.o
 .debug_macro   0x00010be0       0x40 src/buttonDriver.o
 .debug_macro   0x00010c20       0xd7 src/buttonDriver.o
 .debug_macro   0x00010cf7       0x16 src/buttonDriver.o
 .debug_macro   0x00010d0d      0x18b src/buttonDriver.o
 .debug_macro   0x00010e98       0x22 src/buttonDriver.o
 .debug_macro   0x00010eba       0x16 src/buttonDriver.o
 .debug_macro   0x00010ed0       0x16 src/buttonDriver.o
 .debug_macro   0x00010ee6       0x29 src/buttonDriver.o
 .debug_macro   0x00010f0f       0x73 src/buttonDriver.o
 .debug_macro   0x00010f82       0x3e src/buttonDriver.o
 .debug_macro   0x00010fc0      0x3ca src/buttonDriver.o
 .debug_macro   0x0001138a      0x2df src/buttonDriver.o
 .debug_macro   0x00011669      0x943 src/buttonDriver.o
 .debug_macro   0x00011fac       0x34 src/buttonDriver.o
 .debug_macro   0x00011fe0       0x58 src/buttonDriver.o
 .debug_macro   0x00012038       0x64 src/buttonDriver.o
 .debug_macro   0x0001209c       0x40 src/buttonDriver.o
 .debug_macro   0x000120dc       0x82 src/buttonDriver.o
 .debug_macro   0x0001215e       0x82 src/buttonDriver.o
 .debug_macro   0x000121e0       0x34 src/buttonDriver.o
 .debug_macro   0x00012214       0x16 src/buttonDriver.o
 .debug_macro   0x0001222a       0x1c src/buttonDriver.o
 .debug_macro   0x00012246       0x1c src/buttonDriver.o
 .debug_macro   0x00012262      0x153 src/buttonDriver.o
 .debug_macro   0x000123b5      0x19c src/FreeRTOS/list.o
 .debug_macro   0x00012551       0x52 src/FreeRTOS/list.o
 .debug_macro   0x000125a3       0x8d src/FreeRTOS/list.o
 .debug_macro   0x00012630      0x10e src/FreeRTOS/list.o
 .debug_macro   0x0001273e       0x86 src/FreeRTOS/list.o
 .debug_macro   0x000127c4       0x57 src/FreeRTOS/list.o
 .debug_macro   0x0001281b      0x353 src/FreeRTOS/list.o
 .debug_macro   0x00012b6e      0x136 src/FreeRTOS/list.o
 .debug_macro   0x00012ca4      0x15a src/FreeRTOS/list.o
 .debug_macro   0x00012dfe       0xe4 src/FreeRTOS/list.o
 .debug_macro   0x00012ee2       0x28 src/FreeRTOS/list.o
 .debug_macro   0x00012f0a       0x1f src/FreeRTOS/list.o
 .debug_macro   0x00012f29       0x12 src/FreeRTOS/list.o
 .debug_macro   0x00012f3b      0x4da src/FreeRTOS/list.o
 .debug_macro   0x00013415       0xc3 src/FreeRTOS/list.o
 .debug_macro   0x000134d8      0x1ab src/FreeRTOS/portable/GCC/ARM_CM4F/port.o
 .debug_macro   0x00013683      0x120 src/FreeRTOS/portable/GCC/ARM_CM4F/port.o
 .debug_macro   0x000137a3      0x1b7 src/FreeRTOS/portable/MemMang/heap_5.o
 .debug_macro   0x0001395a      0x216 src/FreeRTOS/queue.o
 .debug_macro   0x00013b70       0x16 src/FreeRTOS/queue.o
 .debug_macro   0x00013b86       0x80 src/FreeRTOS/queue.o
 .debug_macro   0x00013c06      0x32a src/FreeRTOS/tasks.o
 .debug_macro   0x00013f30       0x91 src/FreeRTOS/tasks.o
 .debug_macro   0x00013fc1       0x16 src/FreeRTOS/tasks.o
 .debug_macro   0x00013fd7       0x1c src/FreeRTOS/tasks.o
 .debug_macro   0x00013ff3      0x1eb src/FreeRTOS/timers.o
 .debug_macro   0x000141de       0x97 src/FreeRTOS/timers.o
 .debug_macro   0x00014275      0x683 src/ledDriver.o
 .debug_macro   0x000148f8      0x75d src/mytasks.o
 .debug_macro   0x00015055      0x13c src/mytasks.o
 .debug_macro   0x00015191       0x3a src/mytasks.o
 .debug_macro   0x000151cb       0x10 src/mytasks.o
 .debug_macro   0x000151db      0x689 src/OITExpansionBoard.o
 .debug_macro   0x00015864      0x672 src/uartdrv.o
 .debug_macro   0x00015ed6       0x2d src/uartdrv.o
 .debug_macro   0x00015f03      0x624 src/ASF/common/services/clock/sam4e/sysclk.o
 .debug_macro   0x00016527      0x2d9 src/ASF/common/services/clock/sam4e/sysclk.o
 .debug_macro   0x00016800      0x59d src/ASF/common/utils/interrupt/interrupt_sam_nvic.o
 .debug_macro   0x00016d9d      0x657 src/ASF/sam/boards/sam4e_xplained_pro/init.o
 .debug_macro   0x000173f4      0x5b2 src/ASF/sam/drivers/pmc/pmc.o
 .debug_macro   0x000179a6       0x52 src/ASF/sam/drivers/pmc/pmc.o
 .debug_macro   0x000179f8      0x3a4 src/ASF/sam/utils/cmsis/sam4e/source/templates/exceptions.o
 .debug_macro   0x00017d9c      0x5b6 src/ASF/sam/utils/cmsis/sam4e/source/templates/gcc/startup_sam4e.o
 .debug_macro   0x00018352       0x10 src/ASF/sam/utils/cmsis/sam4e/source/templates/gcc/startup_sam4e.o
 .debug_macro   0x00018362      0x3b2 src/ASF/sam/utils/cmsis/sam4e/source/templates/system_sam4e.o
 .debug_macro   0x00018714      0x771 src/main.o
 .debug_macro   0x00018e85       0x86 src/main.o
 .debug_macro   0x00018f0b       0x85 src/main.o

.debug_line     0x00000000     0xb993
 .debug_line    0x00000000      0xb36 src/buttonDriver.o
 .debug_line    0x00000b36      0x459 src/FreeRTOS/list.o
 .debug_line    0x00000f8f      0x4e2 src/FreeRTOS/portable/GCC/ARM_CM4F/port.o
 .debug_line    0x00001471      0x560 src/FreeRTOS/portable/MemMang/heap_5.o
 .debug_line    0x000019d1      0xbb1 src/FreeRTOS/queue.o
 .debug_line    0x00002582      0xd55 src/FreeRTOS/tasks.o
 .debug_line    0x000032d7      0x6b0 src/FreeRTOS/timers.o
 .debug_line    0x00003987      0xb92 src/ledDriver.o
 .debug_line    0x00004519      0xca5 src/mytasks.o
 .debug_line    0x000051be      0xbaf src/OITExpansionBoard.o
 .debug_line    0x00005d6d      0xb41 src/uartdrv.o
 .debug_line    0x000068ae      0xab3 src/ASF/common/services/clock/sam4e/sysclk.o
 .debug_line    0x00007361      0x930 src/ASF/common/utils/interrupt/interrupt_sam_nvic.o
 .debug_line    0x00007c91      0xaba src/ASF/sam/boards/sam4e_xplained_pro/init.o
 .debug_line    0x0000874b      0xe29 src/ASF/sam/drivers/pmc/pmc.o
 .debug_line    0x00009574      0x697 src/ASF/sam/utils/cmsis/sam4e/source/templates/exceptions.o
 .debug_line    0x00009c0b      0x99e src/ASF/sam/utils/cmsis/sam4e/source/templates/gcc/startup_sam4e.o
 .debug_line    0x0000a5a9      0x71a src/ASF/sam/utils/cmsis/sam4e/source/templates/system_sam4e.o
 .debug_line    0x0000acc3      0xcd0 src/main.o

.debug_str      0x00000000    0x6bba4
 .debug_str     0x00000000    0x60ac4 src/buttonDriver.o
                              0x60fca (size before relaxing)
 .debug_str     0x00060ac4     0x3e83 src/FreeRTOS/list.o
                               0xa43f (size before relaxing)
 .debug_str     0x00064947     0x1ac6 src/FreeRTOS/portable/GCC/ARM_CM4F/port.o
                               0x904c (size before relaxing)
 .debug_str     0x0006640d      0x3bb src/FreeRTOS/portable/MemMang/heap_5.o
                               0xb98c (size before relaxing)
 .debug_str     0x000667c8     0x1192 src/FreeRTOS/queue.o
                               0xc922 (size before relaxing)
 .debug_str     0x0006795a     0x1a03 src/FreeRTOS/tasks.o
                               0xe5cd (size before relaxing)
 .debug_str     0x0006935d      0x5b6 src/FreeRTOS/timers.o
                               0xcce2 (size before relaxing)
 .debug_str     0x00069913       0x9c src/ledDriver.o
                              0x6100c (size before relaxing)
 .debug_str     0x000699af      0x33e src/mytasks.o
                              0x65ef6 (size before relaxing)
 .debug_str     0x00069ced      0x257 src/OITExpansionBoard.o
                              0x61228 (size before relaxing)
 .debug_str     0x00069f44      0x12d src/uartdrv.o
                              0x60a92 (size before relaxing)
 .debug_str     0x0006a071      0x34d src/ASF/common/services/clock/sam4e/sysclk.o
                              0x60413 (size before relaxing)
 .debug_str     0x0006a3be       0x94 src/ASF/common/utils/interrupt/interrupt_sam_nvic.o
                              0x5bace (size before relaxing)
 .debug_str     0x0006a452      0x16f src/ASF/sam/boards/sam4e_xplained_pro/init.o
                              0x60a03 (size before relaxing)
 .debug_str     0x0006a5c1      0x5c0 src/ASF/sam/drivers/pmc/pmc.o
                              0x5c456 (size before relaxing)
 .debug_str     0x0006ab81       0x4d src/ASF/sam/utils/cmsis/sam4e/source/templates/exceptions.o
                              0x4b244 (size before relaxing)
 .debug_str     0x0006abce      0x50e src/ASF/sam/utils/cmsis/sam4e/source/templates/gcc/startup_sam4e.o
                              0x5c085 (size before relaxing)
 .debug_str     0x0006b0dc      0x17b src/ASF/sam/utils/cmsis/sam4e/source/templates/system_sam4e.o
                              0x4b50e (size before relaxing)
 .debug_str     0x0006b257      0x94d src/main.o
                              0x67778 (size before relaxing)

.debug_frame    0x00000000     0x16e0
 .debug_frame   0x00000000       0x30 src/buttonDriver.o
 .debug_frame   0x00000030       0x6c src/FreeRTOS/list.o
 .debug_frame   0x0000009c      0x124 src/FreeRTOS/portable/GCC/ARM_CM4F/port.o
 .debug_frame   0x000001c0       0xd4 src/FreeRTOS/portable/MemMang/heap_5.o
 .debug_frame   0x00000294      0x404 src/FreeRTOS/queue.o
 .debug_frame   0x00000698      0x4ec src/FreeRTOS/tasks.o
 .debug_frame   0x00000b84      0x258 src/FreeRTOS/timers.o
 .debug_frame   0x00000ddc       0x50 src/ledDriver.o
 .debug_frame   0x00000e2c       0x98 src/mytasks.o
 .debug_frame   0x00000ec4       0x2c src/OITExpansionBoard.o
 .debug_frame   0x00000ef0       0x60 src/uartdrv.o
 .debug_frame   0x00000f50       0x88 src/ASF/common/services/clock/sam4e/sysclk.o
 .debug_frame   0x00000fd8       0x30 src/ASF/common/utils/interrupt/interrupt_sam_nvic.o
 .debug_frame   0x00001008       0x28 src/ASF/sam/boards/sam4e_xplained_pro/init.o
 .debug_frame   0x00001030      0x39c src/ASF/sam/drivers/pmc/pmc.o
 .debug_frame   0x000013cc       0x20 src/ASF/sam/utils/cmsis/sam4e/source/templates/exceptions.o
 .debug_frame   0x000013ec       0x28 src/ASF/sam/utils/cmsis/sam4e/source/templates/gcc/startup_sam4e.o
 .debug_frame   0x00001414       0x40 src/ASF/sam/utils/cmsis/sam4e/source/templates/system_sam4e.o
 .debug_frame   0x00001454       0x78 src/main.o
 .debug_frame   0x000014cc       0x2c c:/program files (x86)/atmel/studio/7.0/toolchain/arm/arm-gnu-toolchain/bin/../lib/gcc/arm-none-eabi/6.3.1/../../../../arm-none-eabi/lib/thumb/v7e-m\libc.a(lib_a-init.o)
 .debug_frame   0x000014f8       0x34 c:/program files (x86)/atmel/studio/7.0/toolchain/arm/arm-gnu-toolchain/bin/../lib/gcc/arm-none-eabi/6.3.1/../../../../arm-none-eabi/lib/thumb/v7e-m\libc.a(lib_a-memset.o)
 .debug_frame   0x0000152c       0x20 c:/program files (x86)/atmel/studio/7.0/toolchain/arm/arm-gnu-toolchain/bin/../lib/gcc/arm-none-eabi/6.3.1/../../../../arm-none-eabi/lib/thumb/v7e-m\libc.a(lib_a-strcpy.o)
 .debug_frame   0x0000154c       0x5c c:/program files (x86)/atmel/studio/7.0/toolchain/arm/arm-gnu-toolchain/bin/../lib/gcc/arm-none-eabi/6.3.1/../../../../arm-none-eabi/lib/thumb/v7e-m\libc.a(lib_a-__call_atexit.o)
 .debug_frame   0x000015a8       0x20 c:/program files (x86)/atmel/studio/7.0/toolchain/arm/arm-gnu-toolchain/bin/../lib/gcc/arm-none-eabi/6.3.1/../../../../arm-none-eabi/lib/thumb/v7e-m\libc.a(lib_a-atexit.o)
 .debug_frame   0x000015c8       0x34 c:/program files (x86)/atmel/studio/7.0/toolchain/arm/arm-gnu-toolchain/bin/../lib/gcc/arm-none-eabi/6.3.1/../../../../arm-none-eabi/lib/thumb/v7e-m\libc.a(lib_a-fini.o)
 .debug_frame   0x000015fc       0xb0 c:/program files (x86)/atmel/studio/7.0/toolchain/arm/arm-gnu-toolchain/bin/../lib/gcc/arm-none-eabi/6.3.1/../../../../arm-none-eabi/lib/thumb/v7e-m\libc.a(lib_a-lock.o)
 .debug_frame   0x000016ac       0x34 c:/program files (x86)/atmel/studio/7.0/toolchain/arm/arm-gnu-toolchain/bin/../lib/gcc/arm-none-eabi/6.3.1/../../../../arm-none-eabi/lib/thumb/v7e-m\libc.a(lib_a-__atexit.o)

Cross Reference Table

Symbol                                            File
ACC_Handler                                       src/ASF/sam/utils/cmsis/sam4e/source/templates/exceptions.o
                                                  src/ASF/sam/utils/cmsis/sam4e/source/templates/gcc/startup_sam4e.o
AES_Handler                                       src/ASF/sam/utils/cmsis/sam4e/source/templates/exceptions.o
                                                  src/ASF/sam/utils/cmsis/sam4e/source/templates/gcc/startup_sam4e.o
AFEC0_Handler                                     src/ASF/sam/utils/cmsis/sam4e/source/templates/exceptions.o
                                                  src/ASF/sam/utils/cmsis/sam4e/source/templates/gcc/startup_sam4e.o
AFEC1_Handler                                     src/ASF/sam/utils/cmsis/sam4e/source/templates/exceptions.o
                                                  src/ASF/sam/utils/cmsis/sam4e/source/templates/gcc/startup_sam4e.o
ARM_Handler                                       src/ASF/sam/utils/cmsis/sam4e/source/templates/exceptions.o
                                                  src/ASF/sam/utils/cmsis/sam4e/source/templates/gcc/startup_sam4e.o
BusFault_Handler                                  src/ASF/sam/utils/cmsis/sam4e/source/templates/exceptions.o
                                                  src/ASF/sam/utils/cmsis/sam4e/source/templates/gcc/startup_sam4e.o
CAN0_Handler                                      src/ASF/sam/utils/cmsis/sam4e/source/templates/exceptions.o
                                                  src/ASF/sam/utils/cmsis/sam4e/source/templates/gcc/startup_sam4e.o
CAN1_Handler                                      src/ASF/sam/utils/cmsis/sam4e/source/templates/exceptions.o
                                                  src/ASF/sam/utils/cmsis/sam4e/source/templates/gcc/startup_sam4e.o
DACC_Handler                                      src/ASF/sam/utils/cmsis/sam4e/source/templates/exceptions.o
                                                  src/ASF/sam/utils/cmsis/sam4e/source/templates/gcc/startup_sam4e.o
DMAC_Handler                                      src/ASF/sam/utils/cmsis/sam4e/source/templates/exceptions.o
                                                  src/ASF/sam/utils/cmsis/sam4e/source/templates/gcc/startup_sam4e.o
DebugMon_Handler                                  src/ASF/sam/utils/cmsis/sam4e/source/templates/exceptions.o
                                                  src/ASF/sam/utils/cmsis/sam4e/source/templates/gcc/startup_sam4e.o
Dummy_Handler                                     src/ASF/sam/utils/cmsis/sam4e/source/templates/exceptions.o
                                                  src/ASF/sam/utils/cmsis/sam4e/source/templates/gcc/startup_sam4e.o
EFC_Handler                                       src/ASF/sam/utils/cmsis/sam4e/source/templates/exceptions.o
                                                  src/ASF/sam/utils/cmsis/sam4e/source/templates/gcc/startup_sam4e.o
FAILURE                                           src/ledDriver.o
GMAC_Handler                                      src/ASF/sam/utils/cmsis/sam4e/source/templates/exceptions.o
                                                  src/ASF/sam/utils/cmsis/sam4e/source/templates/gcc/startup_sam4e.o
HSMCI_Handler                                     src/ASF/sam/utils/cmsis/sam4e/source/templates/exceptions.o
                                                  src/ASF/sam/utils/cmsis/sam4e/source/templates/gcc/startup_sam4e.o
HardFault_Handler                                 src/ASF/sam/utils/cmsis/sam4e/source/templates/exceptions.o
                                                  src/ASF/sam/utils/cmsis/sam4e/source/templates/gcc/startup_sam4e.o
MemManage_Handler                                 src/ASF/sam/utils/cmsis/sam4e/source/templates/exceptions.o
                                                  src/ASF/sam/utils/cmsis/sam4e/source/templates/gcc/startup_sam4e.o
NMI_Handler                                       src/ASF/sam/utils/cmsis/sam4e/source/templates/exceptions.o
                                                  src/ASF/sam/utils/cmsis/sam4e/source/templates/gcc/startup_sam4e.o
OITExpansionBoardInit                             src/OITExpansionBoard.o
                                                  src/main.o
PIOA_Handler                                      src/ASF/sam/utils/cmsis/sam4e/source/templates/exceptions.o
                                                  src/ASF/sam/utils/cmsis/sam4e/source/templates/gcc/startup_sam4e.o
PIOB_Handler                                      src/ASF/sam/utils/cmsis/sam4e/source/templates/exceptions.o
                                                  src/ASF/sam/utils/cmsis/sam4e/source/templates/gcc/startup_sam4e.o
PIOC_Handler                                      src/ASF/sam/utils/cmsis/sam4e/source/templates/exceptions.o
                                                  src/ASF/sam/utils/cmsis/sam4e/source/templates/gcc/startup_sam4e.o
PIOD_Handler                                      src/ASF/sam/utils/cmsis/sam4e/source/templates/exceptions.o
                                                  src/ASF/sam/utils/cmsis/sam4e/source/templates/gcc/startup_sam4e.o
PIOE_Handler                                      src/ASF/sam/utils/cmsis/sam4e/source/templates/exceptions.o
                                                  src/ASF/sam/utils/cmsis/sam4e/source/templates/gcc/startup_sam4e.o
PMC_Handler                                       src/ASF/sam/utils/cmsis/sam4e/source/templates/exceptions.o
                                                  src/ASF/sam/utils/cmsis/sam4e/source/templates/gcc/startup_sam4e.o
PWM_Handler                                       src/ASF/sam/utils/cmsis/sam4e/source/templates/exceptions.o
                                                  src/ASF/sam/utils/cmsis/sam4e/source/templates/gcc/startup_sam4e.o
PendSV_Handler                                    src/FreeRTOS/portable/GCC/ARM_CM4F/port.o
                                                  src/ASF/sam/utils/cmsis/sam4e/source/templates/gcc/startup_sam4e.o
RSTC_Handler                                      src/ASF/sam/utils/cmsis/sam4e/source/templates/exceptions.o
                                                  src/ASF/sam/utils/cmsis/sam4e/source/templates/gcc/startup_sam4e.o
RTC_Handler                                       src/ASF/sam/utils/cmsis/sam4e/source/templates/exceptions.o
                                                  src/ASF/sam/utils/cmsis/sam4e/source/templates/gcc/startup_sam4e.o
RTT_Handler                                       src/ASF/sam/utils/cmsis/sam4e/source/templates/exceptions.o
                                                  src/ASF/sam/utils/cmsis/sam4e/source/templates/gcc/startup_sam4e.o
Reset_Handler                                     src/ASF/sam/utils/cmsis/sam4e/source/templates/gcc/startup_sam4e.o
                                                  src/ASF/sam/utils/cmsis/sam4e/source/templates/exceptions.o
SMC_Handler                                       src/ASF/sam/utils/cmsis/sam4e/source/templates/exceptions.o
SPI_Handler                                       src/ASF/sam/utils/cmsis/sam4e/source/templates/exceptions.o
                                                  src/ASF/sam/utils/cmsis/sam4e/source/templates/gcc/startup_sam4e.o
SUCCESS                                           src/ledDriver.o
SUPC_Handler                                      src/ASF/sam/utils/cmsis/sam4e/source/templates/exceptions.o
                                                  src/ASF/sam/utils/cmsis/sam4e/source/templates/gcc/startup_sam4e.o
SVC_Handler                                       src/FreeRTOS/portable/GCC/ARM_CM4F/port.o
                                                  src/ASF/sam/utils/cmsis/sam4e/source/templates/gcc/startup_sam4e.o
SysTick_Handler                                   src/FreeRTOS/portable/GCC/ARM_CM4F/port.o
                                                  src/ASF/sam/utils/cmsis/sam4e/source/templates/gcc/startup_sam4e.o
SystemCoreClock                                   src/ASF/sam/utils/cmsis/sam4e/source/templates/system_sam4e.o
                                                  src/FreeRTOS/portable/GCC/ARM_CM4F/port.o
SystemCoreClockUpdate                             src/ASF/sam/utils/cmsis/sam4e/source/templates/system_sam4e.o
                                                  src/ASF/common/services/clock/sam4e/sysclk.o
SystemInit                                        src/ASF/sam/utils/cmsis/sam4e/source/templates/system_sam4e.o
TC0_Handler                                       src/ASF/sam/utils/cmsis/sam4e/source/templates/exceptions.o
                                                  src/ASF/sam/utils/cmsis/sam4e/source/templates/gcc/startup_sam4e.o
TC1_Handler                                       src/ASF/sam/utils/cmsis/sam4e/source/templates/exceptions.o
                                                  src/ASF/sam/utils/cmsis/sam4e/source/templates/gcc/startup_sam4e.o
TC2_Handler                                       src/ASF/sam/utils/cmsis/sam4e/source/templates/exceptions.o
                                                  src/ASF/sam/utils/cmsis/sam4e/source/templates/gcc/startup_sam4e.o
TC3_Handler                                       src/ASF/sam/utils/cmsis/sam4e/source/templates/exceptions.o
                                                  src/ASF/sam/utils/cmsis/sam4e/source/templates/gcc/startup_sam4e.o
TC4_Handler                                       src/ASF/sam/utils/cmsis/sam4e/source/templates/exceptions.o
                                                  src/ASF/sam/utils/cmsis/sam4e/source/templates/gcc/startup_sam4e.o
TC5_Handler                                       src/ASF/sam/utils/cmsis/sam4e/source/templates/exceptions.o
                                                  src/ASF/sam/utils/cmsis/sam4e/source/templates/gcc/startup_sam4e.o
TC6_Handler                                       src/ASF/sam/utils/cmsis/sam4e/source/templates/exceptions.o
                                                  src/ASF/sam/utils/cmsis/sam4e/source/templates/gcc/startup_sam4e.o
TC7_Handler                                       src/ASF/sam/utils/cmsis/sam4e/source/templates/exceptions.o
                                                  src/ASF/sam/utils/cmsis/sam4e/source/templates/gcc/startup_sam4e.o
TC8_Handler                                       src/ASF/sam/utils/cmsis/sam4e/source/templates/exceptions.o
                                                  src/ASF/sam/utils/cmsis/sam4e/source/templates/gcc/startup_sam4e.o
TWI0_Handler                                      src/ASF/sam/utils/cmsis/sam4e/source/templates/exceptions.o
                                                  src/ASF/sam/utils/cmsis/sam4e/source/templates/gcc/startup_sam4e.o
TWI1_Handler                                      src/ASF/sam/utils/cmsis/sam4e/source/templates/exceptions.o
                                                  src/ASF/sam/utils/cmsis/sam4e/source/templates/gcc/startup_sam4e.o
UART0_Handler                                     src/ASF/sam/utils/cmsis/sam4e/source/templates/exceptions.o
                                                  src/ASF/sam/utils/cmsis/sam4e/source/templates/gcc/startup_sam4e.o
UART1_Handler                                     src/ASF/sam/utils/cmsis/sam4e/source/templates/exceptions.o
                                                  src/ASF/sam/utils/cmsis/sam4e/source/templates/gcc/startup_sam4e.o
UARTPutC                                          src/uartdrv.o
UARTPutStr                                        src/uartdrv.o
                                                  src/main.o
                                                  src/mytasks.o
UDP_Handler                                       src/ASF/sam/utils/cmsis/sam4e/source/templates/exceptions.o
                                                  src/ASF/sam/utils/cmsis/sam4e/source/templates/gcc/startup_sam4e.o
USART0_Handler                                    src/ASF/sam/utils/cmsis/sam4e/source/templates/exceptions.o
                                                  src/ASF/sam/utils/cmsis/sam4e/source/templates/gcc/startup_sam4e.o
USART1_Handler                                    src/ASF/sam/utils/cmsis/sam4e/source/templates/exceptions.o
                                                  src/ASF/sam/utils/cmsis/sam4e/source/templates/gcc/startup_sam4e.o
UsageFault_Handler                                src/ASF/sam/utils/cmsis/sam4e/source/templates/exceptions.o
                                                  src/ASF/sam/utils/cmsis/sam4e/source/templates/gcc/startup_sam4e.o
WDT_Handler                                       src/ASF/sam/utils/cmsis/sam4e/source/templates/exceptions.o
                                                  src/ASF/sam/utils/cmsis/sam4e/source/templates/gcc/startup_sam4e.o
_Jv_RegisterClasses                               c:/program files (x86)/atmel/studio/7.0/toolchain/arm/arm-gnu-toolchain/bin/../lib/gcc/arm-none-eabi/6.3.1/thumb/v7e-m/crtbegin.o
__atexit_recursive_mutex                          c:/program files (x86)/atmel/studio/7.0/toolchain/arm/arm-gnu-toolchain/bin/../lib/gcc/arm-none-eabi/6.3.1/../../../../arm-none-eabi/lib/thumb/v7e-m\libc.a(lib_a-__call_atexit.o)
                                                  c:/program files (x86)/atmel/studio/7.0/toolchain/arm/arm-gnu-toolchain/bin/../lib/gcc/arm-none-eabi/6.3.1/../../../../arm-none-eabi/lib/thumb/v7e-m\libc.a(lib_a-__atexit.o)
__bss_end__                                       c:/program files (x86)/atmel/studio/7.0/toolchain/arm/arm-gnu-toolchain/bin/../lib/gcc/arm-none-eabi/6.3.1/../../../../arm-none-eabi/lib/thumb/v7e-m/crt0.o
__bss_start__                                     c:/program files (x86)/atmel/studio/7.0/toolchain/arm/arm-gnu-toolchain/bin/../lib/gcc/arm-none-eabi/6.3.1/../../../../arm-none-eabi/lib/thumb/v7e-m/crt0.o
__call_exitprocs                                  c:/program files (x86)/atmel/studio/7.0/toolchain/arm/arm-gnu-toolchain/bin/../lib/gcc/arm-none-eabi/6.3.1/../../../../arm-none-eabi/lib/thumb/v7e-m\libc.a(lib_a-__call_atexit.o)
                                                  c:/program files (x86)/atmel/studio/7.0/toolchain/arm/arm-gnu-toolchain/bin/../lib/gcc/arm-none-eabi/6.3.1/../../../../arm-none-eabi/lib/thumb/v7e-m\libc.a(lib_a-exit.o)
__deregister_frame_info                           c:/program files (x86)/atmel/studio/7.0/toolchain/arm/arm-gnu-toolchain/bin/../lib/gcc/arm-none-eabi/6.3.1/thumb/v7e-m/crtbegin.o
__dso_handle                                      c:/program files (x86)/atmel/studio/7.0/toolchain/arm/arm-gnu-toolchain/bin/../lib/gcc/arm-none-eabi/6.3.1/thumb/v7e-m/crtbegin.o
__fini_array_end                                  c:/program files (x86)/atmel/studio/7.0/toolchain/arm/arm-gnu-toolchain/bin/../lib/gcc/arm-none-eabi/6.3.1/../../../../arm-none-eabi/lib/thumb/v7e-m\libc.a(lib_a-fini.o)
__fini_array_start                                c:/program files (x86)/atmel/studio/7.0/toolchain/arm/arm-gnu-toolchain/bin/../lib/gcc/arm-none-eabi/6.3.1/../../../../arm-none-eabi/lib/thumb/v7e-m\libc.a(lib_a-fini.o)
__init_array_end                                  c:/program files (x86)/atmel/studio/7.0/toolchain/arm/arm-gnu-toolchain/bin/../lib/gcc/arm-none-eabi/6.3.1/../../../../arm-none-eabi/lib/thumb/v7e-m\libc.a(lib_a-init.o)
__init_array_start                                c:/program files (x86)/atmel/studio/7.0/toolchain/arm/arm-gnu-toolchain/bin/../lib/gcc/arm-none-eabi/6.3.1/../../../../arm-none-eabi/lib/thumb/v7e-m\libc.a(lib_a-init.o)
__libc_fini                                       c:/program files (x86)/atmel/studio/7.0/toolchain/arm/arm-gnu-toolchain/bin/../lib/gcc/arm-none-eabi/6.3.1/../../../../arm-none-eabi/lib/thumb/v7e-m\libc.a(lib_a-__call_atexit.o)
__libc_fini_array                                 c:/program files (x86)/atmel/studio/7.0/toolchain/arm/arm-gnu-toolchain/bin/../lib/gcc/arm-none-eabi/6.3.1/../../../../arm-none-eabi/lib/thumb/v7e-m\libc.a(lib_a-fini.o)
                                                  c:/program files (x86)/atmel/studio/7.0/toolchain/arm/arm-gnu-toolchain/bin/../lib/gcc/arm-none-eabi/6.3.1/../../../../arm-none-eabi/lib/thumb/v7e-m\libc.a(lib_a-__call_atexit.o)
                                                  c:/program files (x86)/atmel/studio/7.0/toolchain/arm/arm-gnu-toolchain/bin/../lib/gcc/arm-none-eabi/6.3.1/../../../../arm-none-eabi/lib/thumb/v7e-m/crt0.o
__libc_init_array                                 c:/program files (x86)/atmel/studio/7.0/toolchain/arm/arm-gnu-toolchain/bin/../lib/gcc/arm-none-eabi/6.3.1/../../../../arm-none-eabi/lib/thumb/v7e-m\libc.a(lib_a-init.o)
                                                  src/ASF/sam/utils/cmsis/sam4e/source/templates/gcc/startup_sam4e.o
                                                  c:/program files (x86)/atmel/studio/7.0/toolchain/arm/arm-gnu-toolchain/bin/../lib/gcc/arm-none-eabi/6.3.1/../../../../arm-none-eabi/lib/thumb/v7e-m/crt0.o
__lock___arc4random_mutex                         c:/program files (x86)/atmel/studio/7.0/toolchain/arm/arm-gnu-toolchain/bin/../lib/gcc/arm-none-eabi/6.3.1/../../../../arm-none-eabi/lib/thumb/v7e-m\libc.a(lib_a-lock.o)
__lock___at_quick_exit_mutex                      c:/program files (x86)/atmel/studio/7.0/toolchain/arm/arm-gnu-toolchain/bin/../lib/gcc/arm-none-eabi/6.3.1/../../../../arm-none-eabi/lib/thumb/v7e-m\libc.a(lib_a-lock.o)
__lock___atexit_recursive_mutex                   c:/program files (x86)/atmel/studio/7.0/toolchain/arm/arm-gnu-toolchain/bin/../lib/gcc/arm-none-eabi/6.3.1/../../../../arm-none-eabi/lib/thumb/v7e-m\libc.a(lib_a-lock.o)
                                                  c:/program files (x86)/atmel/studio/7.0/toolchain/arm/arm-gnu-toolchain/bin/../lib/gcc/arm-none-eabi/6.3.1/../../../../arm-none-eabi/lib/thumb/v7e-m\libc.a(lib_a-__call_atexit.o)
__lock___dd_hash_mutex                            c:/program files (x86)/atmel/studio/7.0/toolchain/arm/arm-gnu-toolchain/bin/../lib/gcc/arm-none-eabi/6.3.1/../../../../arm-none-eabi/lib/thumb/v7e-m\libc.a(lib_a-lock.o)
__lock___env_recursive_mutex                      c:/program files (x86)/atmel/studio/7.0/toolchain/arm/arm-gnu-toolchain/bin/../lib/gcc/arm-none-eabi/6.3.1/../../../../arm-none-eabi/lib/thumb/v7e-m\libc.a(lib_a-lock.o)
__lock___malloc_recursive_mutex                   c:/program files (x86)/atmel/studio/7.0/toolchain/arm/arm-gnu-toolchain/bin/../lib/gcc/arm-none-eabi/6.3.1/../../../../arm-none-eabi/lib/thumb/v7e-m\libc.a(lib_a-lock.o)
__lock___sfp_recursive_mutex                      c:/program files (x86)/atmel/studio/7.0/toolchain/arm/arm-gnu-toolchain/bin/../lib/gcc/arm-none-eabi/6.3.1/../../../../arm-none-eabi/lib/thumb/v7e-m\libc.a(lib_a-lock.o)
__lock___sinit_recursive_mutex                    c:/program files (x86)/atmel/studio/7.0/toolchain/arm/arm-gnu-toolchain/bin/../lib/gcc/arm-none-eabi/6.3.1/../../../../arm-none-eabi/lib/thumb/v7e-m\libc.a(lib_a-lock.o)
__lock___tz_mutex                                 c:/program files (x86)/atmel/studio/7.0/toolchain/arm/arm-gnu-toolchain/bin/../lib/gcc/arm-none-eabi/6.3.1/../../../../arm-none-eabi/lib/thumb/v7e-m\libc.a(lib_a-lock.o)
__preinit_array_end                               c:/program files (x86)/atmel/studio/7.0/toolchain/arm/arm-gnu-toolchain/bin/../lib/gcc/arm-none-eabi/6.3.1/../../../../arm-none-eabi/lib/thumb/v7e-m\libc.a(lib_a-init.o)
__preinit_array_start                             c:/program files (x86)/atmel/studio/7.0/toolchain/arm/arm-gnu-toolchain/bin/../lib/gcc/arm-none-eabi/6.3.1/../../../../arm-none-eabi/lib/thumb/v7e-m\libc.a(lib_a-init.o)
__ram_end__                                       src/ASF/sam/utils/syscalls/gcc/syscalls.o
__register_exitproc                               c:/program files (x86)/atmel/studio/7.0/toolchain/arm/arm-gnu-toolchain/bin/../lib/gcc/arm-none-eabi/6.3.1/../../../../arm-none-eabi/lib/thumb/v7e-m\libc.a(lib_a-__atexit.o)
                                                  c:/program files (x86)/atmel/studio/7.0/toolchain/arm/arm-gnu-toolchain/bin/../lib/gcc/arm-none-eabi/6.3.1/../../../../arm-none-eabi/lib/thumb/v7e-m\libc.a(lib_a-atexit.o)
__register_frame_info                             c:/program files (x86)/atmel/studio/7.0/toolchain/arm/arm-gnu-toolchain/bin/../lib/gcc/arm-none-eabi/6.3.1/thumb/v7e-m/crtbegin.o
__retarget_lock_acquire                           c:/program files (x86)/atmel/studio/7.0/toolchain/arm/arm-gnu-toolchain/bin/../lib/gcc/arm-none-eabi/6.3.1/../../../../arm-none-eabi/lib/thumb/v7e-m\libc.a(lib_a-lock.o)
__retarget_lock_acquire_recursive                 c:/program files (x86)/atmel/studio/7.0/toolchain/arm/arm-gnu-toolchain/bin/../lib/gcc/arm-none-eabi/6.3.1/../../../../arm-none-eabi/lib/thumb/v7e-m\libc.a(lib_a-lock.o)
                                                  c:/program files (x86)/atmel/studio/7.0/toolchain/arm/arm-gnu-toolchain/bin/../lib/gcc/arm-none-eabi/6.3.1/../../../../arm-none-eabi/lib/thumb/v7e-m\libc.a(lib_a-__atexit.o)
                                                  c:/program files (x86)/atmel/studio/7.0/toolchain/arm/arm-gnu-toolchain/bin/../lib/gcc/arm-none-eabi/6.3.1/../../../../arm-none-eabi/lib/thumb/v7e-m\libc.a(lib_a-__call_atexit.o)
__retarget_lock_close                             c:/program files (x86)/atmel/studio/7.0/toolchain/arm/arm-gnu-toolchain/bin/../lib/gcc/arm-none-eabi/6.3.1/../../../../arm-none-eabi/lib/thumb/v7e-m\libc.a(lib_a-lock.o)
__retarget_lock_close_recursive                   c:/program files (x86)/atmel/studio/7.0/toolchain/arm/arm-gnu-toolchain/bin/../lib/gcc/arm-none-eabi/6.3.1/../../../../arm-none-eabi/lib/thumb/v7e-m\libc.a(lib_a-lock.o)
__retarget_lock_init                              c:/program files (x86)/atmel/studio/7.0/toolchain/arm/arm-gnu-toolchain/bin/../lib/gcc/arm-none-eabi/6.3.1/../../../../arm-none-eabi/lib/thumb/v7e-m\libc.a(lib_a-lock.o)
__retarget_lock_init_recursive                    c:/program files (x86)/atmel/studio/7.0/toolchain/arm/arm-gnu-toolchain/bin/../lib/gcc/arm-none-eabi/6.3.1/../../../../arm-none-eabi/lib/thumb/v7e-m\libc.a(lib_a-lock.o)
__retarget_lock_release                           c:/program files (x86)/atmel/studio/7.0/toolchain/arm/arm-gnu-toolchain/bin/../lib/gcc/arm-none-eabi/6.3.1/../../../../arm-none-eabi/lib/thumb/v7e-m\libc.a(lib_a-lock.o)
__retarget_lock_release_recursive                 c:/program files (x86)/atmel/studio/7.0/toolchain/arm/arm-gnu-toolchain/bin/../lib/gcc/arm-none-eabi/6.3.1/../../../../arm-none-eabi/lib/thumb/v7e-m\libc.a(lib_a-lock.o)
                                                  c:/program files (x86)/atmel/studio/7.0/toolchain/arm/arm-gnu-toolchain/bin/../lib/gcc/arm-none-eabi/6.3.1/../../../../arm-none-eabi/lib/thumb/v7e-m\libc.a(lib_a-__atexit.o)
                                                  c:/program files (x86)/atmel/studio/7.0/toolchain/arm/arm-gnu-toolchain/bin/../lib/gcc/arm-none-eabi/6.3.1/../../../../arm-none-eabi/lib/thumb/v7e-m\libc.a(lib_a-__call_atexit.o)
__retarget_lock_try_acquire                       c:/program files (x86)/atmel/studio/7.0/toolchain/arm/arm-gnu-toolchain/bin/../lib/gcc/arm-none-eabi/6.3.1/../../../../arm-none-eabi/lib/thumb/v7e-m\libc.a(lib_a-lock.o)
__retarget_lock_try_acquire_recursive             c:/program files (x86)/atmel/studio/7.0/toolchain/arm/arm-gnu-toolchain/bin/../lib/gcc/arm-none-eabi/6.3.1/../../../../arm-none-eabi/lib/thumb/v7e-m\libc.a(lib_a-lock.o)
__stack                                           c:/program files (x86)/atmel/studio/7.0/toolchain/arm/arm-gnu-toolchain/bin/../lib/gcc/arm-none-eabi/6.3.1/../../../../arm-none-eabi/lib/thumb/v7e-m/crt0.o
_close                                            src/ASF/sam/utils/syscalls/gcc/syscalls.o
_end                                              src/ASF/sam/utils/syscalls/gcc/syscalls.o
_erelocate                                        src/ASF/sam/utils/cmsis/sam4e/source/templates/gcc/startup_sam4e.o
_estack                                           src/main.o
                                                  src/ASF/sam/utils/cmsis/sam4e/source/templates/gcc/startup_sam4e.o
_etext                                            src/ASF/sam/utils/cmsis/sam4e/source/templates/gcc/startup_sam4e.o
_exit                                             src/ASF/sam/utils/syscalls/gcc/syscalls.o
                                                  c:/program files (x86)/atmel/studio/7.0/toolchain/arm/arm-gnu-toolchain/bin/../lib/gcc/arm-none-eabi/6.3.1/../../../../arm-none-eabi/lib/thumb/v7e-m\libc.a(lib_a-exit.o)
_ezero                                            src/ASF/sam/utils/cmsis/sam4e/source/templates/gcc/startup_sam4e.o
_fini                                             c:/program files (x86)/atmel/studio/7.0/toolchain/arm/arm-gnu-toolchain/bin/../lib/gcc/arm-none-eabi/6.3.1/thumb/v7e-m/crti.o
                                                  c:/program files (x86)/atmel/studio/7.0/toolchain/arm/arm-gnu-toolchain/bin/../lib/gcc/arm-none-eabi/6.3.1/../../../../arm-none-eabi/lib/thumb/v7e-m\libc.a(lib_a-fini.o)
_fstat                                            src/ASF/sam/utils/syscalls/gcc/syscalls.o
_getpid                                           src/ASF/sam/utils/syscalls/gcc/syscalls.o
_global_impure_ptr                                c:/program files (x86)/atmel/studio/7.0/toolchain/arm/arm-gnu-toolchain/bin/../lib/gcc/arm-none-eabi/6.3.1/../../../../arm-none-eabi/lib/thumb/v7e-m\libc.a(lib_a-impure.o)
                                                  c:/program files (x86)/atmel/studio/7.0/toolchain/arm/arm-gnu-toolchain/bin/../lib/gcc/arm-none-eabi/6.3.1/../../../../arm-none-eabi/lib/thumb/v7e-m\libc.a(lib_a-__atexit.o)
                                                  c:/program files (x86)/atmel/studio/7.0/toolchain/arm/arm-gnu-toolchain/bin/../lib/gcc/arm-none-eabi/6.3.1/../../../../arm-none-eabi/lib/thumb/v7e-m\libc.a(lib_a-__call_atexit.o)
                                                  c:/program files (x86)/atmel/studio/7.0/toolchain/arm/arm-gnu-toolchain/bin/../lib/gcc/arm-none-eabi/6.3.1/../../../../arm-none-eabi/lib/thumb/v7e-m\libc.a(lib_a-exit.o)
_impure_ptr                                       c:/program files (x86)/atmel/studio/7.0/toolchain/arm/arm-gnu-toolchain/bin/../lib/gcc/arm-none-eabi/6.3.1/../../../../arm-none-eabi/lib/thumb/v7e-m\libc.a(lib_a-impure.o)
_init                                             c:/program files (x86)/atmel/studio/7.0/toolchain/arm/arm-gnu-toolchain/bin/../lib/gcc/arm-none-eabi/6.3.1/thumb/v7e-m/crti.o
                                                  c:/program files (x86)/atmel/studio/7.0/toolchain/arm/arm-gnu-toolchain/bin/../lib/gcc/arm-none-eabi/6.3.1/../../../../arm-none-eabi/lib/thumb/v7e-m\libc.a(lib_a-init.o)
_isatty                                           src/ASF/sam/utils/syscalls/gcc/syscalls.o
_kill                                             src/ASF/sam/utils/syscalls/gcc/syscalls.o
_lseek                                            src/ASF/sam/utils/syscalls/gcc/syscalls.o
_mainCRTStartup                                   c:/program files (x86)/atmel/studio/7.0/toolchain/arm/arm-gnu-toolchain/bin/../lib/gcc/arm-none-eabi/6.3.1/../../../../arm-none-eabi/lib/thumb/v7e-m/crt0.o
_sbrk                                             src/ASF/sam/utils/syscalls/gcc/syscalls.o
_sfixed                                           src/ASF/sam/utils/cmsis/sam4e/source/templates/gcc/startup_sam4e.o
_srelocate                                        src/ASF/sam/utils/cmsis/sam4e/source/templates/gcc/startup_sam4e.o
_start                                            c:/program files (x86)/atmel/studio/7.0/toolchain/arm/arm-gnu-toolchain/bin/../lib/gcc/arm-none-eabi/6.3.1/../../../../arm-none-eabi/lib/thumb/v7e-m/crt0.o
_szero                                            src/ASF/sam/utils/cmsis/sam4e/source/templates/gcc/startup_sam4e.o
atexit                                            c:/program files (x86)/atmel/studio/7.0/toolchain/arm/arm-gnu-toolchain/bin/../lib/gcc/arm-none-eabi/6.3.1/../../../../arm-none-eabi/lib/thumb/v7e-m\libc.a(lib_a-atexit.o)
                                                  c:/program files (x86)/atmel/studio/7.0/toolchain/arm/arm-gnu-toolchain/bin/../lib/gcc/arm-none-eabi/6.3.1/../../../../arm-none-eabi/lib/thumb/v7e-m\libc.a(lib_a-__call_atexit.o)
                                                  c:/program files (x86)/atmel/studio/7.0/toolchain/arm/arm-gnu-toolchain/bin/../lib/gcc/arm-none-eabi/6.3.1/../../../../arm-none-eabi/lib/thumb/v7e-m/crt0.o
board_init                                        src/ASF/sam/boards/sam4e_xplained_pro/init.o
                                                  src/main.o
cpu_irq_enter_critical                            src/ASF/common/utils/interrupt/interrupt_sam_nvic.o
cpu_irq_leave_critical                            src/ASF/common/utils/interrupt/interrupt_sam_nvic.o
decLED                                            src/ledDriver.o
decSW                                             src/buttonDriver.o
exception_table                                   src/ASF/sam/utils/cmsis/sam4e/source/templates/gcc/startup_sam4e.o
exit                                              c:/program files (x86)/atmel/studio/7.0/toolchain/arm/arm-gnu-toolchain/bin/../lib/gcc/arm-none-eabi/6.3.1/../../../../arm-none-eabi/lib/thumb/v7e-m\libc.a(lib_a-exit.o)
                                                  c:/program files (x86)/atmel/studio/7.0/toolchain/arm/arm-gnu-toolchain/bin/../lib/gcc/arm-none-eabi/6.3.1/../../../../arm-none-eabi/lib/thumb/v7e-m/crt0.o