Archive member included to satisfy reference by file (symbol)

c:/program files (x86)/atmel/studio/7.0/toolchain/arm/arm-gnu-toolchain/bin/../lib/gcc/arm-none-eabi/6.3.1/../../../../arm-none-eabi/lib/thumb/v7e-m\libc.a(lib_a-exit.o)
                              c:/program files (x86)/atmel/studio/7.0/toolchain/arm/arm-gnu-toolchain/bin/../lib/gcc/arm-none-eabi/6.3.1/../../../../arm-none-eabi/lib/thumb/v7e-m/crt0.o (exit)
c:/program files (x86)/atmel/studio/7.0/toolchain/arm/arm-gnu-toolchain/bin/../lib/gcc/arm-none-eabi/6.3.1/../../../../arm-none-eabi/lib/thumb/v7e-m\libc.a(lib_a-impure.o)
                              c:/program files (x86)/atmel/studio/7.0/toolchain/arm/arm-gnu-toolchain/bin/../lib/gcc/arm-none-eabi/6.3.1/../../../../arm-none-eabi/lib/thumb/v7e-m\libc.a(lib_a-exit.o) (_global_impure_ptr)
c:/program files (x86)/atmel/studio/7.0/toolchain/arm/arm-gnu-toolchain/bin/../lib/gcc/arm-none-eabi/6.3.1/../../../../arm-none-eabi/lib/thumb/v7e-m\libc.a(lib_a-init.o)
                              c:/program files (x86)/atmel/studio/7.0/toolchain/arm/arm-gnu-toolchain/bin/../lib/gcc/arm-none-eabi/6.3.1/../../../../arm-none-eabi/lib/thumb/v7e-m/crt0.o (__libc_init_array)
c:/program files (x86)/atmel/studio/7.0/toolchain/arm/arm-gnu-toolchain/bin/../lib/gcc/arm-none-eabi/6.3.1/../../../../arm-none-eabi/lib/thumb/v7e-m\libc.a(lib_a-memcpy.o)
                              src/FreeRTOS/queue.o (memcpy)
c:/program files (x86)/atmel/studio/7.0/toolchain/arm/arm-gnu-toolchain/bin/../lib/gcc/arm-none-eabi/6.3.1/../../../../arm-none-eabi/lib/thumb/v7e-m\libc.a(lib_a-memset.o)
                              c:/program files (x86)/atmel/studio/7.0/toolchain/arm/arm-gnu-toolchain/bin/../lib/gcc/arm-none-eabi/6.3.1/../../../../arm-none-eabi/lib/thumb/v7e-m/crt0.o (memset)
c:/program files (x86)/atmel/studio/7.0/toolchain/arm/arm-gnu-toolchain/bin/../lib/gcc/arm-none-eabi/6.3.1/../../../../arm-none-eabi/lib/thumb/v7e-m\libc.a(lib_a-strlen.o)
                              src/mytasks.o (strlen)
c:/program files (x86)/atmel/studio/7.0/toolchain/arm/arm-gnu-toolchain/bin/../lib/gcc/arm-none-eabi/6.3.1/../../../../arm-none-eabi/lib/thumb/v7e-m\libc.a(lib_a-__call_atexit.o)
                              c:/program files (x86)/atmel/studio/7.0/toolchain/arm/arm-gnu-toolchain/bin/../lib/gcc/arm-none-eabi/6.3.1/../../../../arm-none-eabi/lib/thumb/v7e-m\libc.a(lib_a-exit.o) (__call_exitprocs)
c:/program files (x86)/atmel/studio/7.0/toolchain/arm/arm-gnu-toolchain/bin/../lib/gcc/arm-none-eabi/6.3.1/../../../../arm-none-eabi/lib/thumb/v7e-m\libc.a(lib_a-atexit.o)
                              c:/program files (x86)/atmel/studio/7.0/toolchain/arm/arm-gnu-toolchain/bin/../lib/gcc/arm-none-eabi/6.3.1/../../../../arm-none-eabi/lib/thumb/v7e-m\libc.a(lib_a-__call_atexit.o) (atexit)
c:/program files (x86)/atmel/studio/7.0/toolchain/arm/arm-gnu-toolchain/bin/../lib/gcc/arm-none-eabi/6.3.1/../../../../arm-none-eabi/lib/thumb/v7e-m\libc.a(lib_a-fini.o)
                              c:/program files (x86)/atmel/studio/7.0/toolchain/arm/arm-gnu-toolchain/bin/../lib/gcc/arm-none-eabi/6.3.1/../../../../arm-none-eabi/lib/thumb/v7e-m\libc.a(lib_a-__call_atexit.o) (__libc_fini_array)
c:/program files (x86)/atmel/studio/7.0/toolchain/arm/arm-gnu-toolchain/bin/../lib/gcc/arm-none-eabi/6.3.1/../../../../arm-none-eabi/lib/thumb/v7e-m\libc.a(lib_a-lock.o)
                              c:/program files (x86)/atmel/studio/7.0/toolchain/arm/arm-gnu-toolchain/bin/../lib/gcc/arm-none-eabi/6.3.1/../../../../arm-none-eabi/lib/thumb/v7e-m\libc.a(lib_a-__call_atexit.o) (__retarget_lock_acquire_recursive)
c:/program files (x86)/atmel/studio/7.0/toolchain/arm/arm-gnu-toolchain/bin/../lib/gcc/arm-none-eabi/6.3.1/../../../../arm-none-eabi/lib/thumb/v7e-m\libc.a(lib_a-__atexit.o)
                              c:/program files (x86)/atmel/studio/7.0/toolchain/arm/arm-gnu-toolchain/bin/../lib/gcc/arm-none-eabi/6.3.1/../../../../arm-none-eabi/lib/thumb/v7e-m\libc.a(lib_a-atexit.o) (__register_exitproc)

Allocating common symbols
Common symbol       size              file

__lock___atexit_recursive_mutex
                    0x1               c:/program files (x86)/atmel/studio/7.0/toolchain/arm/arm-gnu-toolchain/bin/../lib/gcc/arm-none-eabi/6.3.1/../../../../arm-none-eabi/lib/thumb/v7e-m\libc.a(lib_a-lock.o)
__lock___arc4random_mutex
                    0x1               c:/program files (x86)/atmel/studio/7.0/toolchain/arm/arm-gnu-toolchain/bin/../lib/gcc/arm-none-eabi/6.3.1/../../../../arm-none-eabi/lib/thumb/v7e-m\libc.a(lib_a-lock.o)
qhUART_RX           0x4               src/mytasks.o
xQueueRegistry      0x40              src/FreeRTOS/queue.o
__lock___env_recursive_mutex
                    0x1               c:/program files (x86)/atmel/studio/7.0/toolchain/arm/arm-gnu-toolchain/bin/../lib/gcc/arm-none-eabi/6.3.1/../../../../arm-none-eabi/lib/thumb/v7e-m\libc.a(lib_a-lock.o)
__lock___sinit_recursive_mutex
[...]
Memory Configuration

Name             Origin             Length             Attributes
rom              0x00400000         0x00100000         xr
ram              0x20000000         0x00020000         xrw
*default*        0x00000000         0xffffffff

Linker script and memory map

LOAD c:/program files (x86)/atmel/studio/7.0/toolchain/arm/arm-gnu-toolchain/bin/../lib/gcc/arm-none-eabi/6.3.1/thumb/v7e-m/crti.o
LOAD c:/program files (x86)/atmel/studio/7.0/toolchain/arm/arm-gnu-toolchain/bin/../lib/gcc/arm-none-eabi/6.3.1/thumb/v7e-m/crtbegin.o
LOAD c:/program files (x86)/atmel/studio/7.0/toolchain/arm/arm-gnu-toolchain/bin/../lib/gcc/arm-none-eabi/6.3.1/../../../../arm-none-eabi/lib/thumb/v7e-m/crt0.o
LOAD src/buttonDriver.o
LOAD src/FreeRTOS/list.o
LOAD src/FreeRTOS/portable/GCC/ARM_CM4F/port.o
LOAD src/FreeRTOS/portable/MemMang/heap_5.o
LOAD src/FreeRTOS/queue.o
LOAD src/FreeRTOS/tasks.o
LOAD src/FreeRTOS/timers.o
LOAD src/ledDriver.o
LOAD src/mytasks.o
LOAD src/OITExpansionBoard.o
LOAD src/uartdrv.o
LOAD src/ASF/common/services/clock/sam4e/sysclk.o
LOAD src/ASF/common/utils/interrupt/interrupt_sam_nvic.o
LOAD src/ASF/sam/boards/sam4e_xplained_pro/init.o
LOAD src/ASF/sam/drivers/pmc/pmc.o
LOAD src/ASF/sam/drivers/pmc/sleep.o
LOAD src/ASF/sam/utils/cmsis/sam4e/source/templates/exceptions.o
LOAD src/ASF/sam/utils/cmsis/sam4e/source/templates/gcc/startup_sam4e.o
LOAD src/ASF/sam/utils/cmsis/sam4e/source/templates/system_sam4e.o
LOAD src/ASF/sam/utils/syscalls/gcc/syscalls.o
LOAD src/main.o
START GROUP
LOAD ../src/ASF/thirdparty/CMSIS/Lib/GCC\libarm_cortexM4lf_math_softfp.a
LOAD c:/program files (x86)/atmel/studio/7.0/toolchain/arm/arm-gnu-toolchain/bin/../lib/gcc/arm-none-eabi/6.3.1/../../../../arm-none-eabi/lib/thumb/v7e-m\libm.a
END GROUP
START GROUP
LOAD c:/program files (x86)/atmel/studio/7.0/toolchain/arm/arm-gnu-toolchain/bin/../lib/gcc/arm-none-eabi/6.3.1/thumb/v7e-m\libgcc.a
LOAD c:/program files (x86)/atmel/studio/7.0/toolchain/arm/arm-gnu-toolchain/bin/../lib/gcc/arm-none-eabi/6.3.1/../../../../arm-none-eabi/lib/thumb/v7e-m\libc.a
END GROUP
LOAD c:/program files (x86)/atmel/studio/7.0/toolchain/arm/arm-gnu-toolchain/bin/../lib/gcc/arm-none-eabi/6.3.1/thumb/v7e-m/crtend.o
LOAD c:/program files (x86)/atmel/studio/7.0/toolchain/arm/arm-gnu-toolchain/bin/../lib/gcc/arm-none-eabi/6.3.1/thumb/v7e-m/crtn.o
                0x00003000                __stack_size__ = DEFINED (__stack_size__)?__stack_size__:0x3000
                0x2001fffc                __ram_end__ = ((ORIGIN (ram) + LENGTH (ram)) - 0x4)

.text           0x00400000     0x2fbc
                0x00400000                . = ALIGN (0x4)
                0x00400000                _sfixed = .
 *(.vectors .vectors.*)
 .vectors       0x00400000       0xf8 src/ASF/sam/utils/cmsis/sam4e/source/templates/gcc/startup_sam4e.o
                0x00400000                exception_table
 *(.text .text.* .gnu.linkonce.t.*)
 .text          0x004000f8       0x6c c:/program files (x86)/atmel/studio/7.0/toolchain/arm/arm-gnu-toolchain/bin/../lib/gcc/arm-none-eabi/6.3.1/thumb/v7e-m/crtbegin.o
 .text.vListInitialise
                0x00400164       0x16 src/FreeRTOS/list.o
                0x00400164                vListInitialise
 .text.vListInitialiseItem
                0x0040017a        0x6 src/FreeRTOS/list.o
                0x0040017a                vListInitialiseItem
 .text.vListInsert
                0x00400180       0x34 src/FreeRTOS/list.o
                0x00400180                vListInsert
 .text.uxListRemove
                0x004001b4       0x26 src/FreeRTOS/list.o
                0x004001b4                uxListRemove
 *fill*         0x004001da        0x2 
 .text.prvPortStartFirstTask
                0x004001dc       0x28 src/FreeRTOS/portable/GCC/ARM_CM4F/port.o
 .text.vPortEnableVFP
                0x00400204       0x14 src/FreeRTOS/portable/GCC/ARM_CM4F/port.o
 .text.prvTaskExitError
                0x00400218       0x44 src/FreeRTOS/portable/GCC/ARM_CM4F/port.o
 .text.pxPortInitialiseStack
                0x0040025c       0x2c src/FreeRTOS/portable/GCC/ARM_CM4F/port.o
                0x0040025c                pxPortInitialiseStack
 *fill*         0x00400288        0x8 
 .text.SVC_Handler
                0x00400290       0x24 src/FreeRTOS/portable/GCC/ARM_CM4F/port.o
                0x00400290                SVC_Handler
 .text.vPortEnterCritical
                0x004002b4       0x48 src/FreeRTOS/portable/GCC/ARM_CM4F/port.o
                0x004002b4                vPortEnterCritical
 .text.vPortExitCritical
                0x004002fc       0x30 src/FreeRTOS/portable/GCC/ARM_CM4F/port.o
                0x004002fc                vPortExitCritical
 *fill*         0x0040032c        0x4 
 .text.PendSV_Handler
                0x00400330       0x64 src/FreeRTOS/portable/GCC/ARM_CM4F/port.o
                0x00400330                PendSV_Handler
 .text.SysTick_Handler
                0x00400394       0x30 src/FreeRTOS/portable/GCC/ARM_CM4F/port.o
                0x00400394                SysTick_Handler
 .text.vPortSetupTimerInterrupt
                0x004003c4       0x38 src/FreeRTOS/portable/GCC/ARM_CM4F/port.o
                0x004003c4                vPortSetupTimerInterrupt
 .text.xPortStartScheduler
                0x004003fc      0x120 src/FreeRTOS/portable/GCC/ARM_CM4F/port.o
                0x004003fc                xPortStartScheduler
 .text.vPortValidateInterruptPriority
                0x0040051c       0x5c src/FreeRTOS/portable/GCC/ARM_CM4F/port.o
                0x0040051c                vPortValidateInterruptPriority
 .text.prvInsertBlockIntoFreeList
                0x00400578       0x58 src/FreeRTOS/portable/MemMang/heap_5.o
 .text.pvPortMalloc
                0x004005d0       0xf4 src/FreeRTOS/portable/MemMang/heap_5.o
                0x004005d0                pvPortMalloc
 .text.vPortFree
                0x004006c4       0xb0 src/FreeRTOS/portable/MemMang/heap_5.o
                0x004006c4                vPortFree
 .text.vPortDefineHeapRegions
                0x00400774       0xf8 src/FreeRTOS/portable/MemMang/heap_5.o
                0x00400774                vPortDefineHeapRegions
 .text.prvIsQueueEmpty
                0x0040086c       0x20 src/FreeRTOS/queue.o
 .text.prvCopyDataToQueue
                0x0040088c       0x80 src/FreeRTOS/queue.o
 .text.prvNotifyQueueSetContainer
                0x0040090c       0x94 src/FreeRTOS/queue.o
 .text.prvCopyDataFromQueue
                0x004009a0       0x28 src/FreeRTOS/queue.o
 .text.prvUnlockQueue
                0x004009c8       0xa8 src/FreeRTOS/queue.o
 .text.xQueueGenericReset
                0x00400a70       0xb4 src/FreeRTOS/queue.o
                0x00400a70                xQueueGenericReset
 .text.xQueueGenericCreate
                0x00400b24       0x68 src/FreeRTOS/queue.o
                0x00400b24                xQueueGenericCreate
 .text.xQueueGenericSend
                0x00400b8c      0x1f4 src/FreeRTOS/queue.o
                0x00400b8c                xQueueGenericSend
 .text.xQueueGenericSendFromISR
                0x00400d80      0x118 src/FreeRTOS/queue.o
                0x00400d80                xQueueGenericSendFromISR
 .text.xQueueReceive
                0x00400e98      0x188 src/FreeRTOS/queue.o
                0x00400e98                xQueueReceive
 .text.uxQueueMessagesWaiting
                0x00401020       0x30 src/FreeRTOS/queue.o
                0x00401020                uxQueueMessagesWaiting
 .text.vQueueAddToRegistry
                0x00401050       0x60 src/FreeRTOS/queue.o
                0x00401050                vQueueAddToRegistry
 .text.vQueueWaitForMessageRestricted
                0x004010b0       0x60 src/FreeRTOS/queue.o
                0x004010b0                vQueueWaitForMessageRestricted
 .text.prvResetNextTaskUnblockTime
                0x00401110       0x28 src/FreeRTOS/tasks.o
 .text.prvIdleTask
                0x00401138       0x80 src/FreeRTOS/tasks.o
 .text.prvAddCurrentTaskToDelayedList
                0x004011b8       0xbc src/FreeRTOS/tasks.o
 .text.xTaskCreate
                0x00401274      0x230 src/FreeRTOS/tasks.o
                0x00401274                xTaskCreate
 .text.vTaskStartScheduler
                0x004014a4       0x98 src/FreeRTOS/tasks.o
                0x004014a4                vTaskStartScheduler
 .text.vTaskSuspendAll
                0x0040153c       0x10 src/FreeRTOS/tasks.o
                0x0040153c                vTaskSuspendAll
 .text.xTaskGetTickCount
                0x0040154c        0xc src/FreeRTOS/tasks.o
                0x0040154c                xTaskGetTickCount
 .text.xTaskIncrementTick
                0x00401558      0x1bc src/FreeRTOS/tasks.o
                0x00401558                xTaskIncrementTick
 .text.xTaskResumeAll
                0x00401714      0x1a0 src/FreeRTOS/tasks.o
                0x00401714                xTaskResumeAll
 .text.vTaskDelay
                0x004018b4       0x58 src/FreeRTOS/tasks.o
                0x004018b4                vTaskDelay
 .text.vTaskSwitchContext
                0x0040190c       0xd0 src/FreeRTOS/tasks.o
                0x0040190c                vTaskSwitchContext
 .text.vTaskPlaceOnEventList
                0x004019dc       0x40 src/FreeRTOS/tasks.o
                0x004019dc                vTaskPlaceOnEventList
 .text.vTaskPlaceOnEventListRestricted
                0x00401a1c       0x60 src/FreeRTOS/tasks.o
                0x00401a1c                vTaskPlaceOnEventListRestricted
 .text.xTaskRemoveFromEventList
                0x00401a7c       0xf4 src/FreeRTOS/tasks.o
                0x00401a7c                xTaskRemoveFromEventList
 .text.vTaskInternalSetTimeOutState
                0x00401b70       0x18 src/FreeRTOS/tasks.o
                0x00401b70                vTaskInternalSetTimeOutState
 .text.xTaskCheckForTimeOut
                0x00401b88       0x8c src/FreeRTOS/tasks.o
                0x00401b88                xTaskCheckForTimeOut
 .text.vTaskMissedYield
                0x00401c14        0xc src/FreeRTOS/tasks.o
                0x00401c14                vTaskMissedYield
 .text.xTaskGetSchedulerState
                0x00401c20       0x20 src/FreeRTOS/tasks.o
                0x00401c20                xTaskGetSchedulerState
 .text.xTaskPriorityDisinherit
                0x00401c40       0xc0 src/FreeRTOS/tasks.o
                0x00401c40                xTaskPriorityDisinherit
 .text.prvInsertTimerInActiveList
                0x00401d00       0x4c src/FreeRTOS/timers.o
 .text.prvReloadTimer
                0x00401d4c       0x2c src/FreeRTOS/timers.o
 .text.prvProcessExpiredTimer
                0x00401d78       0x48 src/FreeRTOS/timers.o
 .text.prvSampleTimeNow
                0x00401dc0       0x6c src/FreeRTOS/timers.o
 .text.prvTimerTask
                0x00401e2c      0x1c0 src/FreeRTOS/timers.o
 .text.prvCheckForValidListAndQueue
                0x00401fec       0x70 src/FreeRTOS/timers.o
 .text.xTimerCreateTimerTask
                0x0040205c       0x5c src/FreeRTOS/timers.o
                0x0040205c                xTimerCreateTimerTask
 .text.toggleLED
                0x004020b8       0x30 src/ledDriver.o
                0x004020b8                toggleLED
 .text.taskHeartbeat
                0x004020e8       0x20 src/mytasks.o
                0x004020e8                taskHeartbeat
 .text.taskUART_TX
                0x00402108       0x3c src/mytasks.o
                0x00402108                taskUART_TX
 .text.taskUART_RX
                0x00402144       0x90 src/mytasks.o
                0x00402144                taskUART_RX
 .text.getLED   0x004021d4       0x1a src/mytasks.o
                0x004021d4                getLED
 *fill*         0x004021ee        0x2 
 .text.taskBlinkLED
                0x004021f0       0x4c src/mytasks.o
                0x004021f0                taskBlinkLED
 .text.OITExpansionBoardInit
                0x0040223c      0x11c src/OITExpansionBoard.o
                0x0040223c                OITExpansionBoardInit
 .text.initUART
                0x00402358       0x6c src/uartdrv.o
                0x00402358                initUART
 .text.UARTPutC
                0x004023c4       0x28 src/uartdrv.o
                0x004023c4                UARTPutC
 .text.UARTPutStr
                0x004023ec       0x24 src/uartdrv.o
                0x004023ec                UARTPutStr
 .text.UART0_Handler
                0x00402410       0x58 src/uartdrv.o
                0x00402410                UART0_Handler
 .text.sysclk_init
                0x00402468       0x68 src/ASF/common/services/clock/sam4e/sysclk.o
                0x00402468                sysclk_init
 .text.board_init
                0x004024d0       0x74 src/ASF/sam/boards/sam4e_xplained_pro/init.o
                0x004024d0                board_init
 .text.pmc_switch_mck_to_pllack
                0x00402544       0x64 src/ASF/sam/drivers/pmc/pmc.o
                0x00402544                pmc_switch_mck_to_pllack
 .text.pmc_switch_mainck_to_xtal
                0x004025a8       0x54 src/ASF/sam/drivers/pmc/pmc.o
                0x004025a8                pmc_switch_mainck_to_xtal
 .text.pmc_osc_is_ready_mainck
                0x004025fc       0x10 src/ASF/sam/drivers/pmc/pmc.o
                0x004025fc                pmc_osc_is_ready_mainck
 .text.pmc_disable_pllack
                0x0040260c       0x10 src/ASF/sam/drivers/pmc/pmc.o
                0x0040260c                pmc_disable_pllack
 .text.pmc_is_locked_pllack
                0x0040261c       0x10 src/ASF/sam/drivers/pmc/pmc.o
                0x0040261c                pmc_is_locked_pllack
 .text.pmc_enable_periph_clk
                0x0040262c       0x54 src/ASF/sam/drivers/pmc/pmc.o
                0x0040262c                pmc_enable_periph_clk
 .text.Dummy_Handler
                0x00402680        0x2 src/ASF/sam/utils/cmsis/sam4e/source/templates/exceptions.o
                0x00402680                DACC_Handler
                0x00402680                DebugMon_Handler
                0x00402680                DMAC_Handler
                0x00402680                HardFault_Handler
                0x00402680                TC2_Handler
                0x00402680                SPI_Handler
                0x00402680                TWI1_Handler
                0x00402680                AFEC1_Handler
                0x00402680                NMI_Handler
                0x00402680                TC7_Handler
                0x00402680                SMC_Handler
                0x00402680                USART0_Handler
                0x00402680                RTT_Handler
                0x00402680                PIOB_Handler
                0x00402680                RTC_Handler
                0x00402680                UsageFault_Handler
                0x00402680                TC6_Handler
                0x00402680                WDT_Handler
                0x00402680                CAN0_Handler
                0x00402680                TC4_Handler
                0x00402680                TC1_Handler
                0x00402680                HSMCI_Handler
                0x00402680                UART1_Handler
                0x00402680                TC3_Handler
                0x00402680                ARM_Handler
                0x00402680                Dummy_Handler
                0x00402680                TWI0_Handler
                0x00402680                USART1_Handler
                0x00402680                PIOA_Handler
                0x00402680                AFEC0_Handler
                0x00402680                ACC_Handler
                0x00402680                PMC_Handler
                0x00402680                PWM_Handler
                0x00402680                GMAC_Handler
                0x00402680                CAN1_Handler
                0x00402680                MemManage_Handler
                0x00402680                SUPC_Handler
                0x00402680                TC8_Handler
                0x00402680                EFC_Handler
                0x00402680                PIOE_Handler
                0x00402680                PIOD_Handler
                0x00402680                PIOC_Handler
                0x00402680                UDP_Handler
                0x00402680                BusFault_Handler
                0x00402680                RSTC_Handler
                0x00402680                TC0_Handler
                0x00402680                TC5_Handler
                0x00402680                AES_Handler
 *fill*         0x00402682        0x2 
 .text.Reset_Handler
                0x00402684       0xc8 src/ASF/sam/utils/cmsis/sam4e/source/templates/gcc/startup_sam4e.o
                0x00402684                Reset_Handler
 .text.SystemCoreClockUpdate
                0x0040274c      0x10c src/ASF/sam/utils/cmsis/sam4e/source/templates/system_sam4e.o
                0x0040274c                SystemCoreClockUpdate
 .text.system_init_flash
                0x00402858       0x74 src/ASF/sam/utils/cmsis/sam4e/source/templates/system_sam4e.o
                0x00402858                system_init_flash
 .text.main     0x004028cc      0x13c src/main.o
                0x004028cc                main
 .text.vAssertCalled
                0x00402a08       0x2c src/main.o
                0x00402a08                vAssertCalled
 .text.vApplicationMallocFailedHook
                0x00402a34       0x14 src/main.o
                0x00402a34                vApplicationMallocFailedHook
 .text.vApplicationStackOverflowHook
                0x00402a48       0x12 src/main.o
                0x00402a48                vApplicationStackOverflowHook
 *fill*         0x00402a5a        0x2 
 .text.__libc_init_array
                0x00402a5c       0x50 c:/program files (x86)/atmel/studio/7.0/toolchain/arm/arm-gnu-toolchain/bin/../lib/gcc/arm-none-eabi/6.3.1/../../../../arm-none-eabi/lib/thumb/v7e-m\libc.a(lib_a-init.o)
                0x00402a5c                __libc_init_array
 .text          0x00402aac      0x134 c:/program files (x86)/atmel/studio/7.0/toolchain/arm/arm-gnu-toolchain/bin/../lib/gcc/arm-none-eabi/6.3.1/../../../../arm-none-eabi/lib/thumb/v7e-m\libc.a(lib_a-memcpy.o)
                0x00402aac                memcpy
 .text.memset   0x00402be0       0x9c c:/program files (x86)/atmel/studio/7.0/toolchain/arm/arm-gnu-toolchain/bin/../lib/gcc/arm-none-eabi/6.3.1/../../../../arm-none-eabi/lib/thumb/v7e-m\libc.a(lib_a-memset.o)
                0x00402be0                memset
 *fill*         0x00402c7c        0x4 
 .text          0x00402c80       0xdc c:/program files (x86)/atmel/studio/7.0/toolchain/arm/arm-gnu-toolchain/bin/../lib/gcc/arm-none-eabi/6.3.1/../../../../arm-none-eabi/lib/thumb/v7e-m\libc.a(lib_a-strlen.o)
                0x00402c80                strlen
 .text.startup.register_fini
                0x00402d5c       0x14 c:/program files (x86)/atmel/studio/7.0/toolchain/arm/arm-gnu-toolchain/bin/../lib/gcc/arm-none-eabi/6.3.1/../../../../arm-none-eabi/lib/thumb/v7e-m\libc.a(lib_a-__call_atexit.o)
 .text.atexit   0x00402d70        0xc c:/program files (x86)/atmel/studio/7.0/toolchain/arm/arm-gnu-toolchain/bin/../lib/gcc/arm-none-eabi/6.3.1/../../../../arm-none-eabi/lib/thumb/v7e-m\libc.a(lib_a-atexit.o)
                0x00402d70                atexit
 .text.__libc_fini_array
                0x00402d7c       0x34 c:/program files (x86)/atmel/studio/7.0/toolchain/arm/arm-gnu-toolchain/bin/../lib/gcc/arm-none-eabi/6.3.1/../../../../arm-none-eabi/lib/thumb/v7e-m\libc.a(lib_a-fini.o)
                0x00402d7c                __libc_fini_array
 .text.__retarget_lock_acquire_recursive
                0x00402db0        0x4 c:/program files (x86)/atmel/studio/7.0/toolchain/arm/arm-gnu-toolchain/bin/../lib/gcc/arm-none-eabi/6.3.1/../../../../arm-none-eabi/lib/thumb/v7e-m\libc.a(lib_a-lock.o)
                0x00402db0                __retarget_lock_acquire_recursive
 .text.__retarget_lock_release_recursive
                0x00402db4        0x4 c:/program files (x86)/atmel/studio/7.0/toolchain/arm/arm-gnu-toolchain/bin/../lib/gcc/arm-none-eabi/6.3.1/../../../../arm-none-eabi/lib/thumb/v7e-m\libc.a(lib_a-lock.o)
                0x00402db4                __retarget_lock_release_recursive
 .text.__register_exitproc
                0x00402db8       0xc4 c:/program files (x86)/atmel/studio/7.0/toolchain/arm/arm-gnu-toolchain/bin/../lib/gcc/arm-none-eabi/6.3.1/../../../../arm-none-eabi/lib/thumb/v7e-m\libc.a(lib_a-__atexit.o)
                0x00402db8                __register_exitproc
 *(.glue_7t)
 .glue_7t       0x00402e7c        0x0 linker stubs
 *(.glue_7)
 .glue_7        0x00402e7c        0x0 linker stubs
 *(.rodata .rodata* .gnu.linkonce.r.*)
 .rodata.prvTaskExitError.str1.4
                0x00402e7c       0x2d src/FreeRTOS/portable/GCC/ARM_CM4F/port.o
 *fill*         0x00402ea9        0x3 
 .rodata.pvPortMalloc.str1.4
                0x00402eac       0x2a src/FreeRTOS/portable/MemMang/heap_5.o
 *fill*         0x00402ed6        0x2 
 .rodata.prvNotifyQueueSetContainer.str1.4
                0x00402ed8       0x18 src/FreeRTOS/queue.o
 .rodata.prvTaskIsTaskSuspended.str1.4
                0x00402ef0       0x18 src/FreeRTOS/tasks.o
 .rodata.vTaskStartScheduler.str1.4
                0x00402f08        0x5 src/FreeRTOS/tasks.o
 *fill*         0x00402f0d        0x3 
 .rodata.prvCheckForValidListAndQueue.str1.4
                0x00402f10        0x5 src/FreeRTOS/timers.o
 *fill*         0x00402f15        0x3 
 .rodata.prvTimerTask.str1.4
                0x00402f18       0x19 src/FreeRTOS/timers.o
 *fill*         0x00402f31        0x3 
 .rodata.xTimerCreateTimerTask.str1.4
                0x00402f34        0x8 src/FreeRTOS/timers.o
 .rodata.taskUART_RX.str1.4
                0x00402f3c       0x10 src/mytasks.o
 .rodata.main.str1.4
                0x00402f4c       0x36 src/main.o
 *fill*         0x00402f82        0x2 
 .rodata.vApplicationMallocFailedHook.str1.4
                0x00402f84       0x10 src/main.o
                                  0xe (size before relaxing)
 .rodata._global_impure_ptr
                0x00402f94        0x4 c:/program files (x86)/atmel/studio/7.0/toolchain/arm/arm-gnu-toolchain/bin/../lib/gcc/arm-none-eabi/6.3.1/../../../../arm-none-eabi/lib/thumb/v7e-m\libc.a(lib_a-impure.o)
                0x00402f94                _global_impure_ptr
 *(.ARM.extab* .gnu.linkonce.armextab.*)
                0x00402f98                . = ALIGN (0x4)
 *(.init)
 .init          0x00402f98        0x4 c:/program files (x86)/atmel/studio/7.0/toolchain/arm/arm-gnu-toolchain/bin/../lib/gcc/arm-none-eabi/6.3.1/thumb/v7e-m/crti.o
                0x00402f98                _init
 .init          0x00402f9c        0x8 c:/program files (x86)/atmel/studio/7.0/toolchain/arm/arm-gnu-toolchain/bin/../lib/gcc/arm-none-eabi/6.3.1/thumb/v7e-m/crtn.o
                0x00402fa4                . = ALIGN (0x4)
                0x00402fa4                __preinit_array_start = .
 *(.preinit_array)
                0x00402fa4                __preinit_array_end = .
                0x00402fa4                . = ALIGN (0x4)
                0x00402fa4                __init_array_start = .
 *(SORT(.init_array.*))
 .init_array.00000
                0x00402fa4        0x4 c:/program files (x86)/atmel/studio/7.0/toolchain/arm/arm-gnu-toolchain/bin/../lib/gcc/arm-none-eabi/6.3.1/../../../../arm-none-eabi/lib/thumb/v7e-m\libc.a(lib_a-__call_atexit.o)
 *(.init_array)
 .init_array    0x00402fa8        0x4 c:/program files (x86)/atmel/studio/7.0/toolchain/arm/arm-gnu-toolchain/bin/../lib/gcc/arm-none-eabi/6.3.1/thumb/v7e-m/crtbegin.o
                0x00402fac                __init_array_end = .
                0x00402fac                . = ALIGN (0x4)
 *crtbegin.o(.ctors)
 *(EXCLUDE_FILE(*crtend.o) .ctors)
 *(SORT(.ctors.*))
 *crtend.o(.ctors)
                0x00402fac                . = ALIGN (0x4)
 *(.fini)
 .fini          0x00402fac        0x4 c:/program files (x86)/atmel/studio/7.0/toolchain/arm/arm-gnu-toolchain/bin/../lib/gcc/arm-none-eabi/6.3.1/thumb/v7e-m/crti.o
                0x00402fac                _fini
 .fini          0x00402fb0        0x8 c:/program files (x86)/atmel/studio/7.0/toolchain/arm/arm-gnu-toolchain/bin/../lib/gcc/arm-none-eabi/6.3.1/thumb/v7e-m/crtn.o
                0x00402fb8                . = ALIGN (0x4)
                0x00402fb8                __fini_array_start = .
 *(.fini_array)
 .fini_array    0x00402fb8        0x4 c:/program files (x86)/atmel/studio/7.0/toolchain/arm/arm-gnu-toolchain/bin/../lib/gcc/arm-none-eabi/6.3.1/thumb/v7e-m/crtbegin.o
 *(SORT(.fini_array.*))
                0x00402fbc                __fini_array_end = .
 *crtbegin.o(.dtors)
 *(EXCLUDE_FILE(*crtend.o) .dtors)
 *(SORT(.dtors.*))
 *crtend.o(.dtors)
                0x00402fbc                . = ALIGN (0x4)
                0x00402fbc                _efixed = .
                [!provide]                PROVIDE (__exidx_start, .)

.vfp11_veneer   0x00402fbc        0x0
 .vfp11_veneer  0x00402fbc        0x0 linker stubs

.v4_bx          0x00402fbc        0x0
 .v4_bx         0x00402fbc        0x0 linker stubs

.iplt           0x00402fbc        0x0
 .iplt          0x00402fbc        0x0 c:/program files (x86)/atmel/studio/7.0/toolchain/arm/arm-gnu-toolchain/bin/../lib/gcc/arm-none-eabi/6.3.1/thumb/v7e-m/crtbegin.o

.eh_frame       0x00402fbc        0x0
 .eh_frame      0x00402fbc        0x0 c:/program files (x86)/atmel/studio/7.0/toolchain/arm/arm-gnu-toolchain/bin/../lib/gcc/arm-none-eabi/6.3.1/thumb/v7e-m/crtbegin.o

.rel.dyn        0x00402fbc        0x0
 .rel.iplt      0x00402fbc        0x0 c:/program files (x86)/atmel/studio/7.0/toolchain/arm/arm-gnu-toolchain/bin/../lib/gcc/arm-none-eabi/6.3.1/thumb/v7e-m/crtbegin.o

.jcr            0x00402fbc        0x0
 .jcr           0x00402fbc        0x0 c:/program files (x86)/atmel/studio/7.0/toolchain/arm/arm-gnu-toolchain/bin/../lib/gcc/arm-none-eabi/6.3.1/thumb/v7e-m/crtbegin.o

.igot.plt       0x00402fbc        0x0
 .igot.plt      0x00402fbc        0x0 c:/program files (x86)/atmel/studio/7.0/toolchain/arm/arm-gnu-toolchain/bin/../lib/gcc/arm-none-eabi/6.3.1/thumb/v7e-m/crtbegin.o

.ARM.exidx
 *(.ARM.exidx* .gnu.linkonce.armexidx.*)
                [!provide]                PROVIDE (__exidx_end, .)
                0x00402fbc                . = ALIGN (0x4)
                0x00402fbc                _etext = .

.relocate       0x20000000      0x444 load address 0x00402fbc
                0x20000000                . = ALIGN (0x4)
                0x20000000                _srelocate = .
 *(.ramfunc .ramfunc.*)
 *(.data .data.*)
 .data.uxCriticalNesting
                0x20000000        0x4 src/FreeRTOS/portable/GCC/ARM_CM4F/port.o
 .data.uxTopUsedPriority
                0x20000004        0x4 src/FreeRTOS/tasks.o
                0x20000004                uxTopUsedPriority
 .data.SUCCESS  0x20000008        0x1 src/ledDriver.o
                0x20000008                SUCCESS
 *fill*         0x20000009        0x3 
 .data.decLED   0x2000000c        0x4 src/ledDriver.o
                0x2000000c                decLED
 .data.g_interrupt_enabled
                0x20000010        0x1 src/ASF/common/utils/interrupt/interrupt_sam_nvic.o
                0x20000010                g_interrupt_enabled
 *fill*         0x20000011        0x3 
 .data.SystemCoreClock
                0x20000014        0x4 src/ASF/sam/utils/cmsis/sam4e/source/templates/system_sam4e.o
                0x20000014                SystemCoreClock
 .data.impure_data
                0x20000018      0x428 c:/program files (x86)/atmel/studio/7.0/toolchain/arm/arm-gnu-toolchain/bin/../lib/gcc/arm-none-eabi/6.3.1/../../../../arm-none-eabi/lib/thumb/v7e-m\libc.a(lib_a-impure.o)
 .data.__atexit_recursive_mutex
                0x20000440        0x4 c:/program files (x86)/atmel/studio/7.0/toolchain/arm/arm-gnu-toolchain/bin/../lib/gcc/arm-none-eabi/6.3.1/../../../../arm-none-eabi/lib/thumb/v7e-m\libc.a(lib_a-__call_atexit.o)
                0x20000440                __atexit_recursive_mutex
                0x20000444                . = ALIGN (0x4)
                0x20000444                _erelocate = .

.bss            0x20000444      0x228 load address 0x00403400
                0x20000444                . = ALIGN (0x4)
                0x20000444                _sbss = .
                0x20000444                _szero = .
 *(.bss .bss.*)
 .bss           0x20000444       0x1c c:/program files (x86)/atmel/studio/7.0/toolchain/arm/arm-gnu-toolchain/bin/../lib/gcc/arm-none-eabi/6.3.1/thumb/v7e-m/crtbegin.o
 .bss.ucMaxSysCallPriority
                0x20000460        0x1 src/FreeRTOS/portable/GCC/ARM_CM4F/port.o
 *fill*         0x20000461        0x3 
 .bss.ulMaxPRIGROUPValue
                0x20000464        0x4 src/FreeRTOS/portable/GCC/ARM_CM4F/port.o
 .bss.pxEnd     0x20000468        0x4 src/FreeRTOS/portable/MemMang/heap_5.o
 .bss.xBlockAllocatedBit
                0x2000046c        0x4 src/FreeRTOS/portable/MemMang/heap_5.o
 .bss.xFreeBytesRemaining
                0x20000470        0x4 src/FreeRTOS/portable/MemMang/heap_5.o
 .bss.xMinimumEverFreeBytesRemaining
                0x20000474        0x4 src/FreeRTOS/portable/MemMang/heap_5.o
 .bss.xNumberOfSuccessfulAllocations
                0x20000478        0x4 src/FreeRTOS/portable/MemMang/heap_5.o
 .bss.xNumberOfSuccessfulFrees
                0x2000047c        0x4 src/FreeRTOS/portable/MemMang/heap_5.o
 .bss.xStart    0x20000480        0x8 src/FreeRTOS/portable/MemMang/heap_5.o
 .bss.pxCurrentTCB
                0x20000488        0x4 src/FreeRTOS/tasks.o
                0x20000488                pxCurrentTCB
 .bss.pxDelayedTaskList
                0x2000048c        0x4 src/FreeRTOS/tasks.o
 .bss.pxOverflowDelayedTaskList
                0x20000490        0x4 src/FreeRTOS/tasks.o
 .bss.pxReadyTasksLists
                0x20000494       0xa0 src/FreeRTOS/tasks.o
 .bss.uxCurrentNumberOfTasks
                0x20000534        0x4 src/FreeRTOS/tasks.o
 .bss.uxDeletedTasksWaitingCleanUp
                0x20000538        0x4 src/FreeRTOS/tasks.o
 .bss.uxSchedulerSuspended
                0x2000053c        0x4 src/FreeRTOS/tasks.o
 .bss.uxTaskNumber
                0x20000540        0x4 src/FreeRTOS/tasks.o
 .bss.uxTopReadyPriority
                0x20000544        0x4 src/FreeRTOS/tasks.o
 .bss.xDelayedTaskList1
                0x20000548       0x14 src/FreeRTOS/tasks.o
 .bss.xDelayedTaskList2
                0x2000055c       0x14 src/FreeRTOS/tasks.o
 .bss.xIdleTaskHandle
                0x20000570        0x4 src/FreeRTOS/tasks.o
 .bss.xNextTaskUnblockTime
                0x20000574        0x4 src/FreeRTOS/tasks.o
 .bss.xNumOfOverflows
                0x20000578        0x4 src/FreeRTOS/tasks.o
 .bss.xPendedTicks
                0x2000057c        0x4 src/FreeRTOS/tasks.o
 .bss.xPendingReadyList
                0x20000580       0x14 src/FreeRTOS/tasks.o
 .bss.xSchedulerRunning
                0x20000594        0x4 src/FreeRTOS/tasks.o
 .bss.xSuspendedTaskList
                0x20000598       0x14 src/FreeRTOS/tasks.o
 .bss.xTasksWaitingTermination
                0x200005ac       0x14 src/FreeRTOS/tasks.o
 .bss.xTickCount
                0x200005c0        0x4 src/FreeRTOS/tasks.o
 .bss.xYieldPending
                0x200005c4        0x4 src/FreeRTOS/tasks.o
 .bss.pxCurrentTimerList
                0x200005c8        0x4 src/FreeRTOS/timers.o
 .bss.pxOverflowTimerList
                0x200005cc        0x4 src/FreeRTOS/timers.o
 .bss.xActiveTimerList1
                0x200005d0       0x14 src/FreeRTOS/timers.o
 .bss.xActiveTimerList2
                0x200005e4       0x14 src/FreeRTOS/timers.o
 .bss.xLastTime.6608
                0x200005f8        0x4 src/FreeRTOS/timers.o
 .bss.xTimerQueue
                0x200005fc        0x4 src/FreeRTOS/timers.o
 .bss.xTimerTaskHandle
                0x20000600        0x4 src/FreeRTOS/timers.o
 *(COMMON)
 COMMON         0x20000604       0x40 src/FreeRTOS/queue.o
                0x20000604                xQueueRegistry
 COMMON         0x20000644        0x4 src/mytasks.o
                0x20000644                qhUART_RX
 COMMON         0x20000648       0x21 c:/program files (x86)/atmel/studio/7.0/toolchain/arm/arm-gnu-toolchain/bin/../lib/gcc/arm-none-eabi/6.3.1/../../../../arm-none-eabi/lib/thumb/v7e-m\libc.a(lib_a-lock.o)
                0x20000648                __lock___atexit_recursive_mutex
                0x2000064c                __lock___arc4random_mutex
                0x20000650                __lock___env_recursive_mutex
                0x20000654                __lock___sinit_recursive_mutex
                0x20000658                __lock___malloc_recursive_mutex
                0x2000065c                __lock___at_quick_exit_mutex
                0x20000660                __lock___dd_hash_mutex
                0x20000664                __lock___tz_mutex
                0x20000668                __lock___sfp_recursive_mutex
                0x2000066c                . = ALIGN (0x4)
 *fill*         0x20000669        0x3 
                0x2000066c                _ebss = .
                0x2000066c                _ezero = .

.stack          0x2000066c     0x3004 load address 0x00403628
                0x20000670                . = ALIGN (0x8)
 *fill*         0x2000066c        0x4 
                0x20000670                _sstack = .
                0x20003670                . = (. + __stack_size__)
 *fill*         0x20000670     0x3000 
                0x20003670                . = ALIGN (0x8)
                0x20003670                _estack = .
                0x20003670                . = ALIGN (0x4)
                0x20003670                _end = .
OUTPUT(Lab02.elf elf32-littlearm)

.ARM.attributes
                0x00000000       0x2e
 .ARM.attributes
                0x00000000       0x1e c:/program files (x86)/atmel/studio/7.0/toolchain/arm/arm-gnu-toolchain/bin/../lib/gcc/arm-none-eabi/6.3.1/thumb/v7e-m/crti.o
 .ARM.attributes
                0x0000001e       0x2e c:/program files (x86)/atmel/studio/7.0/toolchain/arm/arm-gnu-toolchain/bin/../lib/gcc/arm-none-eabi/6.3.1/thumb/v7e-m/crtbegin.o
 .ARM.attributes
                0x0000004c       0x37 src/FreeRTOS/list.o
 .ARM.attributes
                0x00000083       0x37 src/FreeRTOS/portable/GCC/ARM_CM4F/port.o
 .ARM.attributes
                0x000000ba       0x37 src/FreeRTOS/portable/MemMang/heap_5.o
 .ARM.attributes
                0x000000f1       0x37 src/FreeRTOS/queue.o
 .ARM.attributes
                0x00000128       0x37 src/FreeRTOS/tasks.o
 .ARM.attributes
                0x0000015f       0x37 src/FreeRTOS/timers.o
 .ARM.attributes
                0x00000196       0x37 src/ledDriver.o
 .ARM.attributes
                0x000001cd       0x37 src/mytasks.o
 .ARM.attributes
                0x00000204       0x37 src/OITExpansionBoard.o
 .ARM.attributes
                0x0000023b       0x37 src/uartdrv.o
 .ARM.attributes
                0x00000272       0x37 src/ASF/common/services/clock/sam4e/sysclk.o
 .ARM.attributes
                0x000002a9       0x37 src/ASF/common/utils/interrupt/interrupt_sam_nvic.o
 .ARM.attributes
                0x000002e0       0x37 src/ASF/sam/boards/sam4e_xplained_pro/init.o
 .ARM.attributes
                0x00000317       0x37 src/ASF/sam/drivers/pmc/pmc.o
 .ARM.attributes
                0x0000034e       0x37 src/ASF/sam/utils/cmsis/sam4e/source/templates/exceptions.o
 .ARM.attributes
                0x00000385       0x37 src/ASF/sam/utils/cmsis/sam4e/source/templates/gcc/startup_sam4e.o
 .ARM.attributes
                0x000003bc       0x37 src/ASF/sam/utils/cmsis/sam4e/source/templates/system_sam4e.o
 .ARM.attributes
                0x000003f3       0x37 src/main.o
 .ARM.attributes
                0x0000042a       0x2e c:/program files (x86)/atmel/studio/7.0/toolchain/arm/arm-gnu-toolchain/bin/../lib/gcc/arm-none-eabi/6.3.1/../../../../arm-none-eabi/lib/thumb/v7e-m\libc.a(lib_a-impure.o)
 .ARM.attributes
                0x00000458       0x2e c:/program files (x86)/atmel/studio/7.0/toolchain/arm/arm-gnu-toolchain/bin/../lib/gcc/arm-none-eabi/6.3.1/../../../../arm-none-eabi/lib/thumb/v7e-m\libc.a(lib_a-init.o)
 .ARM.attributes
                0x00000486       0x1c c:/program files (x86)/atmel/studio/7.0/toolchain/arm/arm-gnu-toolchain/bin/../lib/gcc/arm-none-eabi/6.3.1/../../../../arm-none-eabi/lib/thumb/v7e-m\libc.a(lib_a-memcpy.o)
 .ARM.attributes
                0x000004a2       0x2e c:/program files (x86)/atmel/studio/7.0/toolchain/arm/arm-gnu-toolchain/bin/../lib/gcc/arm-none-eabi/6.3.1/../../../../arm-none-eabi/lib/thumb/v7e-m\libc.a(lib_a-memset.o)
 .ARM.attributes
                0x000004d0       0x1c c:/program files (x86)/atmel/studio/7.0/toolchain/arm/arm-gnu-toolchain/bin/../lib/gcc/arm-none-eabi/6.3.1/../../../../arm-none-eabi/lib/thumb/v7e-m\libc.a(lib_a-strlen.o)
 .ARM.attributes
                0x000004ec       0x2e c:/program files (x86)/atmel/studio/7.0/toolchain/arm/arm-gnu-toolchain/bin/../lib/gcc/arm-none-eabi/6.3.1/../../../../arm-none-eabi/lib/thumb/v7e-m\libc.a(lib_a-__call_atexit.o)
 .ARM.attributes
                0x0000051a       0x2e c:/program files (x86)/atmel/studio/7.0/toolchain/arm/arm-gnu-toolchain/bin/../lib/gcc/arm-none-eabi/6.3.1/../../../../arm-none-eabi/lib/thumb/v7e-m\libc.a(lib_a-atexit.o)
 .ARM.attributes
                0x00000548       0x2e c:/program files (x86)/atmel/studio/7.0/toolchain/arm/arm-gnu-toolchain/bin/../lib/gcc/arm-none-eabi/6.3.1/../../../../arm-none-eabi/lib/thumb/v7e-m\libc.a(lib_a-fini.o)
 .ARM.attributes
                0x00000576       0x2e c:/program files (x86)/atmel/studio/7.0/toolchain/arm/arm-gnu-toolchain/bin/../lib/gcc/arm-none-eabi/6.3.1/../../../../arm-none-eabi/lib/thumb/v7e-m\libc.a(lib_a-lock.o)
 .ARM.attributes
                0x000005a4       0x2e c:/program files (x86)/atmel/studio/7.0/toolchain/arm/arm-gnu-toolchain/bin/../lib/gcc/arm-none-eabi/6.3.1/../../../../arm-none-eabi/lib/thumb/v7e-m\libc.a(lib_a-__atexit.o)
 .ARM.attributes
                0x000005d2       0x1e c:/program files (x86)/atmel/studio/7.0/toolchain/arm/arm-gnu-toolchain/bin/../lib/gcc/arm-none-eabi/6.3.1/thumb/v7e-m/crtn.o

.comment        0x00000000       0x59
 .comment       0x00000000       0x59 src/FreeRTOS/list.o
                                 0x5a (size before relaxing)
 .comment       0x00000059       0x5a src/FreeRTOS/portable/GCC/ARM_CM4F/port.o
 .comment       0x00000059       0x5a src/FreeRTOS/portable/MemMang/heap_5.o
 .comment       0x00000059       0x5a src/FreeRTOS/queue.o
 .comment       0x00000059       0x5a src/FreeRTOS/tasks.o
 .comment       0x00000059       0x5a src/FreeRTOS/timers.o
 .comment       0x00000059       0x5a src/ledDriver.o
 .comment       0x00000059       0x5a src/mytasks.o
 .comment       0x00000059       0x5a src/OITExpansionBoard.o
 .comment       0x00000059       0x5a src/uartdrv.o
 .comment       0x00000059       0x5a src/ASF/common/services/clock/sam4e/sysclk.o
 .comment       0x00000059       0x5a src/ASF/common/utils/interrupt/interrupt_sam_nvic.o
 .comment       0x00000059       0x5a src/ASF/sam/boards/sam4e_xplained_pro/init.o
 .comment       0x00000059       0x5a src/ASF/sam/drivers/pmc/pmc.o
 .comment       0x00000059       0x5a src/ASF/sam/utils/cmsis/sam4e/source/templates/exceptions.o
 .comment       0x00000059       0x5a src/ASF/sam/utils/cmsis/sam4e/source/templates/gcc/startup_sam4e.o
 .comment       0x00000059       0x5a src/ASF/sam/utils/cmsis/sam4e/source/templates/system_sam4e.o
 .comment       0x00000059       0x5a src/main.o

.debug_info     0x00000000    0x16742
 .debug_info    0x00000000      0xbeb src/FreeRTOS/list.o
 .debug_info    0x00000beb      0x57b src/FreeRTOS/portable/GCC/ARM_CM4F/port.o
 .debug_info    0x00001166      0xf73 src/FreeRTOS/portable/MemMang/heap_5.o
 .debug_info    0x000020d9     0x2d0c src/FreeRTOS/queue.o
 .debug_info    0x00004de5     0x2f7f src/FreeRTOS/tasks.o
 .debug_info    0x00007d64     0x1c32 src/FreeRTOS/timers.o
 .debug_info    0x00009996     0x140f src/ledDriver.o
 .debug_info    0x0000ada5      0xfa1 src/mytasks.o
 .debug_info    0x0000bd46     0x1b1e src/OITExpansionBoard.o
 .debug_info    0x0000d864     0x19f6 src/uartdrv.o
 .debug_info    0x0000f25a     0x12b0 src/ASF/common/services/clock/sam4e/sysclk.o
 .debug_info    0x0001050a      0xaff src/ASF/common/utils/interrupt/interrupt_sam_nvic.o
 .debug_info    0x00011009     0x15d3 src/ASF/sam/boards/sam4e_xplained_pro/init.o
 .debug_info    0x000125dc     0x18b1 src/ASF/sam/drivers/pmc/pmc.o
 .debug_info    0x00013e8d       0xdc src/ASF/sam/utils/cmsis/sam4e/source/templates/exceptions.o
 .debug_info    0x00013f69     0x1240 src/ASF/sam/utils/cmsis/sam4e/source/templates/gcc/startup_sam4e.o
 .debug_info    0x000151a9      0x495 src/ASF/sam/utils/cmsis/sam4e/source/templates/system_sam4e.o
 .debug_info    0x0001563e     0x1104 src/main.o

.debug_abbrev   0x00000000     0x30e4
 .debug_abbrev  0x00000000      0x221 src/FreeRTOS/list.o
 .debug_abbrev  0x00000221      0x247 src/FreeRTOS/portable/GCC/ARM_CM4F/port.o
 .debug_abbrev  0x00000468      0x2c5 src/FreeRTOS/portable/MemMang/heap_5.o
 .debug_abbrev  0x0000072d      0x382 src/FreeRTOS/queue.o
 .debug_abbrev  0x00000aaf      0x440 src/FreeRTOS/tasks.o
 .debug_abbrev  0x00000eef      0x38d src/FreeRTOS/timers.o
 .debug_abbrev  0x0000127c      0x317 src/ledDriver.o
 .debug_abbrev  0x00001593      0x2a2 src/mytasks.o
 .debug_abbrev  0x00001835      0x2cc src/OITExpansionBoard.o
 .debug_abbrev  0x00001b01      0x368 src/uartdrv.o
 .debug_abbrev  0x00001e69      0x32c src/ASF/common/services/clock/sam4e/sysclk.o
 .debug_abbrev  0x00002195      0x221 src/ASF/common/utils/interrupt/interrupt_sam_nvic.o
 .debug_abbrev  0x000023b6      0x2e4 src/ASF/sam/boards/sam4e_xplained_pro/init.o
 .debug_abbrev  0x0000269a      0x315 src/ASF/sam/drivers/pmc/pmc.o
 .debug_abbrev  0x000029af       0x7d src/ASF/sam/utils/cmsis/sam4e/source/templates/exceptions.o
 .debug_abbrev  0x00002a2c      0x2bd src/ASF/sam/utils/cmsis/sam4e/source/templates/gcc/startup_sam4e.o
 .debug_abbrev  0x00002ce9      0x102 src/ASF/sam/utils/cmsis/sam4e/source/templates/system_sam4e.o
 .debug_abbrev  0x00002deb      0x2f9 src/main.o

.debug_loc      0x00000000     0x7622
 .debug_loc     0x00000000       0x91 src/FreeRTOS/list.o
 .debug_loc     0x00000091      0x21f src/FreeRTOS/portable/GCC/ARM_CM4F/port.o
 .debug_loc     0x000002b0      0x622 src/FreeRTOS/portable/MemMang/heap_5.o
 .debug_loc     0x000008d2     0x1faf src/FreeRTOS/queue.o
 .debug_loc     0x00002881     0x233d src/FreeRTOS/tasks.o
 .debug_loc     0x00004bbe     0x107b src/FreeRTOS/timers.o
 .debug_loc     0x00005c39      0x2e8 src/ledDriver.o
 .debug_loc     0x00005f21      0x224 src/mytasks.o
 .debug_loc     0x00006145      0x3aa src/OITExpansionBoard.o
 .debug_loc     0x000064ef      0x2e1 src/uartdrv.o
 .debug_loc     0x000067d0      0x1c0 src/ASF/common/services/clock/sam4e/sysclk.o
 .debug_loc     0x00006990      0x13b src/ASF/sam/boards/sam4e_xplained_pro/init.o
 .debug_loc     0x00006acb      0x9c6 src/ASF/sam/drivers/pmc/pmc.o
 .debug_loc     0x00007491       0x77 src/ASF/sam/utils/cmsis/sam4e/source/templates/gcc/startup_sam4e.o
 .debug_loc     0x00007508      0x11a src/main.o

.debug_aranges  0x00000000      0x850
 .debug_aranges
                0x00000000       0x40 src/FreeRTOS/list.o
 .debug_aranges
                0x00000040       0x80 src/FreeRTOS/portable/GCC/ARM_CM4F/port.o
 .debug_aranges
                0x000000c0       0x50 src/FreeRTOS/portable/MemMang/heap_5.o
 .debug_aranges
                0x00000110      0x128 src/FreeRTOS/queue.o
 .debug_aranges
                0x00000238      0x188 src/FreeRTOS/tasks.o
 .debug_aranges
                0x000003c0       0xb8 src/FreeRTOS/timers.o
 .debug_aranges
                0x00000478       0x38 src/ledDriver.o
 .debug_aranges
                0x000004b0       0x40 src/mytasks.o
 .debug_aranges
                0x000004f0       0x20 src/OITExpansionBoard.o
 .debug_aranges
                0x00000510       0x38 src/uartdrv.o
 .debug_aranges
                0x00000548       0x40 src/ASF/common/services/clock/sam4e/sysclk.o
 .debug_aranges
                0x00000588       0x28 src/ASF/common/utils/interrupt/interrupt_sam_nvic.o
 .debug_aranges
                0x000005b0       0x20 src/ASF/sam/boards/sam4e_xplained_pro/init.o
 .debug_aranges
                0x000005d0      0x1d8 src/ASF/sam/drivers/pmc/pmc.o
 .debug_aranges
                0x000007a8       0x20 src/ASF/sam/utils/cmsis/sam4e/source/templates/exceptions.o
 .debug_aranges
                0x000007c8       0x20 src/ASF/sam/utils/cmsis/sam4e/source/templates/gcc/startup_sam4e.o
 .debug_aranges
                0x000007e8       0x30 src/ASF/sam/utils/cmsis/sam4e/source/templates/system_sam4e.o
 .debug_aranges
                0x00000818       0x38 src/main.o

.debug_ranges   0x00000000      0xa80
 .debug_ranges  0x00000000       0x30 src/FreeRTOS/list.o
 .debug_ranges  0x00000030       0x88 src/FreeRTOS/portable/GCC/ARM_CM4F/port.o
 .debug_ranges  0x000000b8       0x40 src/FreeRTOS/portable/MemMang/heap_5.o
 .debug_ranges  0x000000f8      0x250 src/FreeRTOS/queue.o
 .debug_ranges  0x00000348      0x2c8 src/FreeRTOS/tasks.o
 .debug_ranges  0x00000610      0x128 src/FreeRTOS/timers.o
 .debug_ranges  0x00000738       0x40 src/ledDriver.o
 .debug_ranges  0x00000778       0x30 src/mytasks.o
 .debug_ranges  0x000007a8       0x10 src/OITExpansionBoard.o
 .debug_ranges  0x000007b8       0x40 src/uartdrv.o
 .debug_ranges  0x000007f8       0x30 src/ASF/common/services/clock/sam4e/sysclk.o
 .debug_ranges  0x00000828       0x18 src/ASF/common/utils/interrupt/interrupt_sam_nvic.o
 .debug_ranges  0x00000840       0x10 src/ASF/sam/boards/sam4e_xplained_pro/init.o
 .debug_ranges  0x00000850      0x1c8 src/ASF/sam/drivers/pmc/pmc.o
 .debug_ranges  0x00000a18       0x10 src/ASF/sam/utils/cmsis/sam4e/source/templates/exceptions.o
 .debug_ranges  0x00000a28       0x10 src/ASF/sam/utils/cmsis/sam4e/source/templates/gcc/startup_sam4e.o
 .debug_ranges  0x00000a38       0x20 src/ASF/sam/utils/cmsis/sam4e/source/templates/system_sam4e.o
 .debug_ranges  0x00000a58       0x28 src/main.o

.debug_macro    0x00000000     0x6c9b
 .debug_macro   0x00000000      0x19c src/FreeRTOS/list.o
 .debug_macro   0x0000019c       0x52 src/FreeRTOS/list.o
 .debug_macro   0x000001ee       0x8d src/FreeRTOS/list.o
 .debug_macro   0x0000027b      0x10e src/FreeRTOS/list.o
 .debug_macro   0x00000389       0x86 src/FreeRTOS/list.o
 .debug_macro   0x0000040f       0x57 src/FreeRTOS/list.o
 .debug_macro   0x00000466      0x353 src/FreeRTOS/list.o
 .debug_macro   0x000007b9      0x136 src/FreeRTOS/list.o
 .debug_macro   0x000008ef      0x15a src/FreeRTOS/list.o
 .debug_macro   0x00000a49       0xe4 src/FreeRTOS/list.o
 .debug_macro   0x00000b2d       0x28 src/FreeRTOS/list.o
 .debug_macro   0x00000b55       0x1f src/FreeRTOS/list.o
 .debug_macro   0x00000b74       0x12 src/FreeRTOS/list.o
 .debug_macro   0x00000b86      0x4da src/FreeRTOS/list.o
 .debug_macro   0x00001060       0xc3 src/FreeRTOS/list.o
 .debug_macro   0x00001123      0x1ab src/FreeRTOS/portable/GCC/ARM_CM4F/port.o
 .debug_macro   0x000012ce      0x120 src/FreeRTOS/portable/GCC/ARM_CM4F/port.o
 .debug_macro   0x000013ee      0x1b7 src/FreeRTOS/portable/MemMang/heap_5.o
 .debug_macro   0x000015a5      0x216 src/FreeRTOS/queue.o
 .debug_macro   0x000017bb       0x16 src/FreeRTOS/queue.o
 .debug_macro   0x000017d1       0x80 src/FreeRTOS/queue.o
 .debug_macro   0x00001851      0x32a src/FreeRTOS/tasks.o
 .debug_macro   0x00001b7b       0x91 src/FreeRTOS/tasks.o
 .debug_macro   0x00001c0c       0x16 src/FreeRTOS/tasks.o
 .debug_macro   0x00001c22       0x1c src/FreeRTOS/tasks.o
 .debug_macro   0x00001c3e      0x1eb src/FreeRTOS/timers.o
 .debug_macro   0x00001e29       0x97 src/FreeRTOS/timers.o
 .debug_macro   0x00001ec0      0x683 src/ledDriver.o
 .debug_macro   0x00002543      0x75d src/mytasks.o
 .debug_macro   0x00002ca0      0x13c src/mytasks.o
 .debug_macro   0x00002ddc       0x3a src/mytasks.o
 .debug_macro   0x00002e16       0x10 src/mytasks.o
 .debug_macro   0x00002e26      0x689 src/OITExpansionBoard.o
 .debug_macro   0x000034af      0x6fe src/uartdrv.o
 .debug_macro   0x00003bad       0x2d src/uartdrv.o
 .debug_macro   0x00003bda       0x34 src/uartdrv.o
 .debug_macro   0x00003c0e      0x624 src/ASF/common/services/clock/sam4e/sysclk.o
 .debug_macro   0x00004232      0x2d9 src/ASF/common/services/clock/sam4e/sysclk.o
 .debug_macro   0x0000450b      0x59d src/ASF/common/utils/interrupt/interrupt_sam_nvic.o
 .debug_macro   0x00004aa8      0x657 src/ASF/sam/boards/sam4e_xplained_pro/init.o
 .debug_macro   0x000050ff      0x5b2 src/ASF/sam/drivers/pmc/pmc.o
 .debug_macro   0x000056b1       0x52 src/ASF/sam/drivers/pmc/pmc.o
 .debug_macro   0x00005703      0x3a4 src/ASF/sam/utils/cmsis/sam4e/source/templates/exceptions.o
 .debug_macro   0x00005aa7      0x5b6 src/ASF/sam/utils/cmsis/sam4e/source/templates/gcc/startup_sam4e.o
 .debug_macro   0x0000605d       0x10 src/ASF/sam/utils/cmsis/sam4e/source/templates/gcc/startup_sam4e.o
 .debug_macro   0x0000606d      0x3b2 src/ASF/sam/utils/cmsis/sam4e/source/templates/system_sam4e.o
 .debug_macro   0x0000641f      0x771 src/main.o
 .debug_macro   0x00006b90       0x86 src/main.o
 .debug_macro   0x00006c16       0x85 src/main.o

.debug_line     0x00000000     0xaf43
 .debug_line    0x00000000      0x459 src/FreeRTOS/list.o
 .debug_line    0x00000459      0x4e2 src/FreeRTOS/portable/GCC/ARM_CM4F/port.o
 .debug_line    0x0000093b      0x560 src/FreeRTOS/portable/MemMang/heap_5.o
 .debug_line    0x00000e9b      0xbb1 src/FreeRTOS/queue.o
 .debug_line    0x00001a4c      0xd55 src/FreeRTOS/tasks.o
 .debug_line    0x000027a1      0x6b0 src/FreeRTOS/timers.o
 .debug_line    0x00002e51      0xb92 src/ledDriver.o
 .debug_line    0x000039e3      0xca7 src/mytasks.o
 .debug_line    0x0000468a      0xbaf src/OITExpansionBoard.o
 .debug_line    0x00005239      0xc49 src/uartdrv.o
 .debug_line    0x00005e82      0xab3 src/ASF/common/services/clock/sam4e/sysclk.o
 .debug_line    0x00006935      0x930 src/ASF/common/utils/interrupt/interrupt_sam_nvic.o
 .debug_line    0x00007265      0xaba src/ASF/sam/boards/sam4e_xplained_pro/init.o
 .debug_line    0x00007d1f      0xe29 src/ASF/sam/drivers/pmc/pmc.o
 .debug_line    0x00008b48      0x697 src/ASF/sam/utils/cmsis/sam4e/source/templates/exceptions.o
 .debug_line    0x000091df      0x99e src/ASF/sam/utils/cmsis/sam4e/source/templates/gcc/startup_sam4e.o
 .debug_line    0x00009b7d      0x71a src/ASF/sam/utils/cmsis/sam4e/source/templates/system_sam4e.o
 .debug_line    0x0000a297      0xcac src/main.o

.debug_str      0x00000000    0x6bd2d
 .debug_str     0x00000000     0xa1c1 src/FreeRTOS/list.o
                               0xa43f (size before relaxing)
 .debug_str     0x0000a1c1     0x1ad0 src/FreeRTOS/portable/GCC/ARM_CM4F/port.o
                               0x904c (size before relaxing)
 .debug_str     0x0000bc91      0x3bb src/FreeRTOS/portable/MemMang/heap_5.o
                               0xb98c (size before relaxing)
 .debug_str     0x0000c04c     0x1192 src/FreeRTOS/queue.o
                               0xc922 (size before relaxing)
 .debug_str     0x0000d1de     0x2b8c src/FreeRTOS/tasks.o
                               0xe5cd (size before relaxing)
 .debug_str     0x0000fd6a      0x5b6 src/FreeRTOS/timers.o
                               0xcce2 (size before relaxing)
 .debug_str     0x00010320    0x5964c src/ledDriver.o
                              0x6100c (size before relaxing)
 .debug_str     0x0006996c      0x317 src/mytasks.o
                              0x65e59 (size before relaxing)
 .debug_str     0x00069c83      0x257 src/OITExpansionBoard.o
                              0x61228 (size before relaxing)
 .debug_str     0x00069eda      0x40d src/uartdrv.o
                              0x664ae (size before relaxing)
 .debug_str     0x0006a2e7      0x34d src/ASF/common/services/clock/sam4e/sysclk.o
                              0x60413 (size before relaxing)
 .debug_str     0x0006a634       0x94 src/ASF/common/utils/interrupt/interrupt_sam_nvic.o
                              0x5bace (size before relaxing)
 .debug_str     0x0006a6c8      0x16f src/ASF/sam/boards/sam4e_xplained_pro/init.o
                              0x60a03 (size before relaxing)
 .debug_str     0x0006a837      0x562 src/ASF/sam/drivers/pmc/pmc.o
                              0x5c456 (size before relaxing)
 .debug_str     0x0006ad99       0x4d src/ASF/sam/utils/cmsis/sam4e/source/templates/exceptions.o
                              0x4b244 (size before relaxing)
 .debug_str     0x0006ade6      0x50e src/ASF/sam/utils/cmsis/sam4e/source/templates/gcc/startup_sam4e.o
                              0x5c085 (size before relaxing)
 .debug_str     0x0006b2f4      0x17b src/ASF/sam/utils/cmsis/sam4e/source/templates/system_sam4e.o
                              0x4b50e (size before relaxing)
 .debug_str     0x0006b46f      0x8be src/main.o
                              0x676af (size before relaxing)

.debug_frame    0x00000000     0x16bc
 .debug_frame   0x00000000       0x6c src/FreeRTOS/list.o
 .debug_frame   0x0000006c      0x124 src/FreeRTOS/portable/GCC/ARM_CM4F/port.o
 .debug_frame   0x00000190       0xd4 src/FreeRTOS/portable/MemMang/heap_5.o
 .debug_frame   0x00000264      0x404 src/FreeRTOS/queue.o
 .debug_frame   0x00000668      0x4ec src/FreeRTOS/tasks.o
 .debug_frame   0x00000b54      0x258 src/FreeRTOS/timers.o
 .debug_frame   0x00000dac       0x50 src/ledDriver.o
 .debug_frame   0x00000dfc       0x98 src/mytasks.o
 .debug_frame   0x00000e94       0x2c src/OITExpansionBoard.o
 .debug_frame   0x00000ec0       0x90 src/uartdrv.o
 .debug_frame   0x00000f50       0x88 src/ASF/common/services/clock/sam4e/sysclk.o
 .debug_frame   0x00000fd8       0x30 src/ASF/common/utils/interrupt/interrupt_sam_nvic.o
 .debug_frame   0x00001008       0x28 src/ASF/sam/boards/sam4e_xplained_pro/init.o
 .debug_frame   0x00001030      0x39c src/ASF/sam/drivers/pmc/pmc.o
 .debug_frame   0x000013cc       0x20 src/ASF/sam/utils/cmsis/sam4e/source/templates/exceptions.o
 .debug_frame   0x000013ec       0x28 src/ASF/sam/utils/cmsis/sam4e/source/templates/gcc/startup_sam4e.o
 .debug_frame   0x00001414       0x40 src/ASF/sam/utils/cmsis/sam4e/source/templates/system_sam4e.o
 .debug_frame   0x00001454       0x74 src/main.o
 .debug_frame   0x000014c8       0x2c c:/program files (x86)/atmel/studio/7.0/toolchain/arm/arm-gnu-toolchain/bin/../lib/gcc/arm-none-eabi/6.3.1/../../../../arm-none-eabi/lib/thumb/v7e-m\libc.a(lib_a-init.o)
 .debug_frame   0x000014f4       0x34 c:/program files (x86)/atmel/studio/7.0/toolchain/arm/arm-gnu-toolchain/bin/../lib/gcc/arm-none-eabi/6.3.1/../../../../arm-none-eabi/lib/thumb/v7e-m\libc.a(lib_a-memset.o)
 .debug_frame   0x00001528       0x5c c:/program files (x86)/atmel/studio/7.0/toolchain/arm/arm-gnu-toolchain/bin/../lib/gcc/arm-none-eabi/6.3.1/../../../../arm-none-eabi/lib/thumb/v7e-m\libc.a(lib_a-__call_atexit.o)
 .debug_frame   0x00001584       0x20 c:/program files (x86)/atmel/studio/7.0/toolchain/arm/arm-gnu-toolchain/bin/../lib/gcc/arm-none-eabi/6.3.1/../../../../arm-none-eabi/lib/thumb/v7e-m\libc.a(lib_a-atexit.o)
 .debug_frame   0x000015a4       0x34 c:/program files (x86)/atmel/studio/7.0/toolchain/arm/arm-gnu-toolchain/bin/../lib/gcc/arm-none-eabi/6.3.1/../../../../arm-none-eabi/lib/thumb/v7e-m\libc.a(lib_a-fini.o)
 .debug_frame   0x000015d8       0xb0 c:/program files (x86)/atmel/studio/7.0/toolchain/arm/arm-gnu-toolchain/bin/../lib/gcc/arm-none-eabi/6.3.1/../../../../arm-none-eabi/lib/thumb/v7e-m\libc.a(lib_a-lock.o)
 .debug_frame   0x00001688       0x34 c:/program files (x86)/atmel/studio/7.0/toolchain/arm/arm-gnu-toolchain/bin/../lib/gcc/arm-none-eabi/6.3.1/../../../../arm-none-eabi/lib/thumb/v7e-m\libc.a(lib_a-__atexit.o)

Cross Reference Table

Symbol                                            File
ACC_Handler                                       src/ASF/sam/utils/cmsis/sam4e/source/templates/exceptions.o
                                                  src/ASF/sam/utils/cmsis/sam4e/source/templates/gcc/startup_sam4e.o
AES_Handler                                       src/ASF/sam/utils/cmsis/sam4e/source/templates/exceptions.o
                                                  src/ASF/sam/utils/cmsis/sam4e/source/templates/gcc/startup_sam4e.o
AFEC0_Handler                                     src/ASF/sam/utils/cmsis/sam4e/source/templates/exceptions.o
                                                  src/ASF/sam/utils/cmsis/sam4e/source/templates/gcc/startup_sam4e.o
AFEC1_Handler                                     src/ASF/sam/utils/cmsis/sam4e/source/templates/exceptions.o
                                                  src/ASF/sam/utils/cmsis/sam4e/source/templates/gcc/startup_sam4e.o
ARM_Handler                                       src/ASF/sam/utils/cmsis/sam4e/source/templates/exceptions.o
                                                  src/ASF/sam/utils/cmsis/sam4e/source/templates/gcc/startup_sam4e.o
BusFault_Handler                                  src/ASF/sam/utils/cmsis/sam4e/source/templates/exceptions.o
                                                  src/ASF/sam/utils/cmsis/sam4e/source/templates/gcc/startup_sam4e.o
CAN0_Handler                                      src/ASF/sam/utils/cmsis/sam4e/source/templates/exceptions.o
                                                  src/ASF/sam/utils/cmsis/sam4e/source/templates/gcc/startup_sam4e.o
CAN1_Handler                                      src/ASF/sam/utils/cmsis/sam4e/source/templates/exceptions.o
                                                  src/ASF/sam/utils/cmsis/sam4e/source/templates/gcc/startup_sam4e.o
DACC_Handler                                      src/ASF/sam/utils/cmsis/sam4e/source/templates/exceptions.o
                                                  src/ASF/sam/utils/cmsis/sam4e/source/templates/gcc/startup_sam4e.o
DMAC_Handler                                      src/ASF/sam/utils/cmsis/sam4e/source/templates/exceptions.o
                                                  src/ASF/sam/utils/cmsis/sam4e/source/templates/gcc/startup_sam4e.o
DebugMon_Handler                                  src/ASF/sam/utils/cmsis/sam4e/source/templates/exceptions.o
                                                  src/ASF/sam/utils/cmsis/sam4e/source/templates/gcc/startup_sam4e.o
Dummy_Handler                                     src/ASF/sam/utils/cmsis/sam4e/source/templates/exceptions.o
                                                  src/ASF/sam/utils/cmsis/sam4e/source/templates/gcc/startup_sam4e.o
EFC_Handler                                       src/ASF/sam/utils/cmsis/sam4e/source/templates/exceptions.o
                                                  src/ASF/sam/utils/cmsis/sam4e/source/templates/gcc/startup_sam4e.o
FAILURE                                           src/ledDriver.o
GMAC_Handler                                      src/ASF/sam/utils/cmsis/sam4e/source/templates/exceptions.o
                                                  src/ASF/sam/utils/cmsis/sam4e/source/templates/gcc/startup_sam4e.o
HSMCI_Handler                                     src/ASF/sam/utils/cmsis/sam4e/source/templates/exceptions.o
                                                  src/ASF/sam/utils/cmsis/sam4e/source/templates/gcc/startup_sam4e.o
HardFault_Handler                                 src/ASF/sam/utils/cmsis/sam4e/source/templates/exceptions.o
                                                  src/ASF/sam/utils/cmsis/sam4e/source/templates/gcc/startup_sam4e.o
MemManage_Handler                                 src/ASF/sam/utils/cmsis/sam4e/source/templates/exceptions.o
                                                  src/ASF/sam/utils/cmsis/sam4e/source/templates/gcc/startup_sam4e.o
NMI_Handler                                       src/ASF/sam/utils/cmsis/sam4e/source/templates/exceptions.o
                                                  src/ASF/sam/utils/cmsis/sam4e/source/templates/gcc/startup_sam4e.o
OITExpansionBoardInit                             src/OITExpansionBoard.o
                                                  src/main.o
PIOA_Handler                                      src/ASF/sam/utils/cmsis/sam4e/source/templates/exceptions.o
                                                  src/ASF/sam/utils/cmsis/sam4e/source/templates/gcc/startup_sam4e.o
PIOB_Handler                                      src/ASF/sam/utils/cmsis/sam4e/source/templates/exceptions.o
                                                  src/ASF/sam/utils/cmsis/sam4e/source/templates/gcc/startup_sam4e.o
PIOC_Handler                                      src/ASF/sam/utils/cmsis/sam4e/source/templates/exceptions.o
                                                  src/ASF/sam/utils/cmsis/sam4e/source/templates/gcc/startup_sam4e.o
PIOD_Handler                                      src/ASF/sam/utils/cmsis/sam4e/source/templates/exceptions.o
                                                  src/ASF/sam/utils/cmsis/sam4e/source/templates/gcc/startup_sam4e.o
PIOE_Handler                                      src/ASF/sam/utils/cmsis/sam4e/source/templates/exceptions.o
                                                  src/ASF/sam/utils/cmsis/sam4e/source/templates/gcc/startup_sam4e.o
PMC_Handler                                       src/ASF/sam/utils/cmsis/sam4e/source/templates/exceptions.o
                                                  src/ASF/sam/utils/cmsis/sam4e/source/templates/gcc/startup_sam4e.o
PWM_Handler                                       src/ASF/sam/utils/cmsis/sam4e/source/templates/exceptions.o
                                                  src/ASF/sam/utils/cmsis/sam4e/source/templates/gcc/startup_sam4e.o
PendSV_Handler                                    src/FreeRTOS/portable/GCC/ARM_CM4F/port.o
                                                  src/ASF/sam/utils/cmsis/sam4e/source/templates/gcc/startup_sam4e.o
RSTC_Handler                                      src/ASF/sam/utils/cmsis/sam4e/source/templates/exceptions.o
                                                  src/ASF/sam/utils/cmsis/sam4e/source/templates/gcc/startup_sam4e.o
RTC_Handler                                       src/ASF/sam/utils/cmsis/sam4e/source/templates/exceptions.o
                                                  src/ASF/sam/utils/cmsis/sam4e/source/templates/gcc/startup_sam4e.o
RTT_Handler                                       src/ASF/sam/utils/cmsis/sam4e/source/templates/exceptions.o
                                                  src/ASF/sam/utils/cmsis/sam4e/source/templates/gcc/startup_sam4e.o
Reset_Handler                                     src/ASF/sam/utils/cmsis/sam4e/source/templates/gcc/startup_sam4e.o
                                                  src/ASF/sam/utils/cmsis/sam4e/source/templates/exceptions.o
SMC_Handler                                       src/ASF/sam/utils/cmsis/sam4e/source/templates/exceptions.o
SPI_Handler                                       src/ASF/sam/utils/cmsis/sam4e/source/templates/exceptions.o
                                                  src/ASF/sam/utils/cmsis/sam4e/source/templates/gcc/startup_sam4e.o
SUCCESS                                           src/ledDriver.o
SUPC_Handler                                      src/ASF/sam/utils/cmsis/sam4e/source/templates/exceptions.o
                                                  src/ASF/sam/utils/cmsis/sam4e/source/templates/gcc/startup_sam4e.o
SVC_Handler                                       src/FreeRTOS/portable/GCC/ARM_CM4F/port.o
                                                  src/ASF/sam/utils/cmsis/sam4e/source/templates/gcc/startup_sam4e.o
SysTick_Handler                                   src/FreeRTOS/portable/GCC/ARM_CM4F/port.o
                                                  src/ASF/sam/utils/cmsis/sam4e/source/templates/gcc/startup_sam4e.o
SystemCoreClock                                   src/ASF/sam/utils/cmsis/sam4e/source/templates/system_sam4e.o
                                                  src/FreeRTOS/portable/GCC/ARM_CM4F/port.o
SystemCoreClockUpdate                             src/ASF/sam/utils/cmsis/sam4e/source/templates/system_sam4e.o
                                                  src/ASF/common/services/clock/sam4e/sysclk.o
SystemInit                                        src/ASF/sam/utils/cmsis/sam4e/source/templates/system_sam4e.o
TC0_Handler                                       src/ASF/sam/utils/cmsis/sam4e/source/templates/exceptions.o
                                                  src/ASF/sam/utils/cmsis/sam4e/source/templates/gcc/startup_sam4e.o
TC1_Handler                                       src/ASF/sam/utils/cmsis/sam4e/source/templates/exceptions.o
                                                  src/ASF/sam/utils/cmsis/sam4e/source/templates/gcc/startup_sam4e.o
TC2_Handler                                       src/ASF/sam/utils/cmsis/sam4e/source/templates/exceptions.o
                                                  src/ASF/sam/utils/cmsis/sam4e/source/templates/gcc/startup_sam4e.o
TC3_Handler                                       src/ASF/sam/utils/cmsis/sam4e/source/templates/exceptions.o
                                                  src/ASF/sam/utils/cmsis/sam4e/source/templates/gcc/startup_sam4e.o
TC4_Handler                                       src/ASF/sam/utils/cmsis/sam4e/source/templates/exceptions.o
                                                  src/ASF/sam/utils/cmsis/sam4e/source/templates/gcc/startup_sam4e.o
TC5_Handler                                       src/ASF/sam/utils/cmsis/sam4e/source/templates/exceptions.o
                                                  src/ASF/sam/utils/cmsis/sam4e/source/templates/gcc/startup_sam4e.o
TC6_Handler                                       src/ASF/sam/utils/cmsis/sam4e/source/templates/exceptions.o
                                                  src/ASF/sam/utils/cmsis/sam4e/source/templates/gcc/startup_sam4e.o
TC7_Handler                                       src/ASF/sam/utils/cmsis/sam4e/source/templates/exceptions.o
                                                  src/ASF/sam/utils/cmsis/sam4e/source/templates/gcc/startup_sam4e.o
TC8_Handler                                       src/ASF/sam/utils/cmsis/sam4e/source/templates/exceptions.o
                                                  src/ASF/sam/utils/cmsis/sam4e/source/templates/gcc/startup_sam4e.o
TWI0_Handler                                      src/ASF/sam/utils/cmsis/sam4e/source/templates/exceptions.o
                                                  src/ASF/sam/utils/cmsis/sam4e/source/templates/gcc/startup_sam4e.o
TWI1_Handler                                      src/ASF/sam/utils/cmsis/sam4e/source/templates/exceptions.o
                                                  src/ASF/sam/utils/cmsis/sam4e/source/templates/gcc/startup_sam4e.o
UART0_Handler                                     src/uartdrv.o
                                                  src/ASF/sam/utils/cmsis/sam4e/source/templates/gcc/startup_sam4e.o
UART1_Handler                                     src/ASF/sam/utils/cmsis/sam4e/source/templates/exceptions.o
                                                  src/ASF/sam/utils/cmsis/sam4e/source/templates/gcc/startup_sam4e.o
UARTPutC                                          src/uartdrv.o
UARTPutStr                                        src/uartdrv.o
                                                  src/mytasks.o
UDP_Handler                                       src/ASF/sam/utils/cmsis/sam4e/source/templates/exceptions.o
                                                  src/ASF/sam/utils/cmsis/sam4e/source/templates/gcc/startup_sam4e.o
USART0_Handler                                    src/ASF/sam/utils/cmsis/sam4e/source/templates/exceptions.o
                                                  src/ASF/sam/utils/cmsis/sam4e/source/templates/gcc/startup_sam4e.o
USART1_Handler                                    src/ASF/sam/utils/cmsis/sam4e/source/templates/exceptions.o
                                                  src/ASF/sam/utils/cmsis/sam4e/source/templates/gcc/startup_sam4e.o
UsageFault_Handler                                src/ASF/sam/utils/cmsis/sam4e/source/templates/exceptions.o
                                                  src/ASF/sam/utils/cmsis/sam4e/source/templates/gcc/startup_sam4e.o
WDT_Handler                                       src/ASF/sam/utils/cmsis/sam4e/source/templates/exceptions.o
                                                  src/ASF/sam/utils/cmsis/sam4e/source/templates/gcc/startup_sam4e.o
_Jv_RegisterClasses                               c:/program files (x86)/atmel/studio/7.0/toolchain/arm/arm-gnu-toolchain/bin/../lib/gcc/arm-none-eabi/6.3.1/thumb/v7e-m/crtbegin.o
__atexit_recursive_mutex                          c:/program files (x86)/atmel/studio/7.0/toolchain/arm/arm-gnu-toolchain/bin/../lib/gcc/arm-none-eabi/6.3.1/../../../../arm-none-eabi/lib/thumb/v7e-m\libc.a(lib_a-__call_atexit.o)
                                                  c:/program files (x86)/atmel/studio/7.0/toolchain/arm/arm-gnu-toolchain/bin/../lib/gcc/arm-none-eabi/6.3.1/../../../../arm-none-eabi/lib/thumb/v7e-m\libc.a(lib_a-__atexit.o)
__bss_end__                                       c:/program files (x86)/atmel/studio/7.0/toolchain/arm/arm-gnu-toolchain/bin/../lib/gcc/arm-none-eabi/6.3.1/../../../../arm-none-eabi/lib/thumb/v7e-m/crt0.o
__bss_start__                                     c:/program files (x86)/atmel/studio/7.0/toolchain/arm/arm-gnu-toolchain/bin/../lib/gcc/arm-none-eabi/6.3.1/../../../../arm-none-eabi/lib/thumb/v7e-m/crt0.o
__call_exitprocs                                  c:/program files (x86)/atmel/studio/7.0/toolchain/arm/arm-gnu-toolchain/bin/../lib/gcc/arm-none-eabi/6.3.1/../../../../arm-none-eabi/lib/thumb/v7e-m\libc.a(lib_a-__call_atexit.o)
                                                  c:/program files (x86)/atmel/studio/7.0/toolchain/arm/arm-gnu-toolchain/bin/../lib/gcc/arm-none-eabi/6.3.1/../../../../arm-none-eabi/lib/thumb/v7e-m\libc.a(lib_a-exit.o)
__deregister_frame_info                           c:/program files (x86)/atmel/studio/7.0/toolchain/arm/arm-gnu-toolchain/bin/../lib/gcc/arm-none-eabi/6.3.1/thumb/v7e-m/crtbegin.o
__dso_handle                                      c:/program files (x86)/atmel/studio/7.0/toolchain/arm/arm-gnu-toolchain/bin/../lib/gcc/arm-none-eabi/6.3.1/thumb/v7e-m/crtbegin.o
__fini_array_end                                  c:/program files (x86)/atmel/studio/7.0/toolchain/arm/arm-gnu-toolchain/bin/../lib/gcc/arm-none-eabi/6.3.1/../../../../arm-none-eabi/lib/thumb/v7e-m\libc.a(lib_a-fini.o)
__fini_array_start                                c:/program files (x86)/atmel/studio/7.0/toolchain/arm/arm-gnu-toolchain/bin/../lib/gcc/arm-none-eabi/6.3.1/../../../../arm-none-eabi/lib/thumb/v7e-m\libc.a(lib_a-fini.o)
__init_array_end                                  c:/program files (x86)/atmel/studio/7.0/toolchain/arm/arm-gnu-toolchain/bin/../lib/gcc/arm-none-eabi/6.3.1/../../../../arm-none-eabi/lib/thumb/v7e-m\libc.a(lib_a-init.o)
__init_array_start                                c:/program files (x86)/atmel/studio/7.0/toolchain/arm/arm-gnu-toolchain/bin/../lib/gcc/arm-none-eabi/6.3.1/../../../../arm-none-eabi/lib/thumb/v7e-m\libc.a(lib_a-init.o)
__libc_fini                                       c:/program files (x86)/atmel/studio/7.0/toolchain/arm/arm-gnu-toolchain/bin/../lib/gcc/arm-none-eabi/6.3.1/../../../../arm-none-eabi/lib/thumb/v7e-m\libc.a(lib_a-__call_atexit.o)
__libc_fini_array                                 c:/program files (x86)/atmel/studio/7.0/toolchain/arm/arm-gnu-toolchain/bin/../lib/gcc/arm-none-eabi/6.3.1/../../../../arm-none-eabi/lib/thumb/v7e-m\libc.a(lib_a-fini.o)
                                                  c:/program files (x86)/atmel/studio/7.0/toolchain/arm/arm-gnu-toolchain/bin/../lib/gcc/arm-none-eabi/6.3.1/../../../../arm-none-eabi/lib/thumb/v7e-m\libc.a(lib_a-__call_atexit.o)
                                                  c:/program files (x86)/atmel/studio/7.0/toolchain/arm/arm-gnu-toolchain/bin/../lib/gcc/arm-none-eabi/6.3.1/../../../../arm-none-eabi/lib/thumb/v7e-m/crt0.o
__libc_init_array                                 c:/program files (x86)/atmel/studio/7.0/toolchain/arm/arm-gnu-toolchain/bin/../lib/gcc/arm-none-eabi/6.3.1/../../../../arm-none-eabi/lib/thumb/v7e-m\libc.a(lib_a-init.o)
                                                  src/ASF/sam/utils/cmsis/sam4e/source/templates/gcc/startup_sam4e.o
                                                  c:/program files (x86)/atmel/studio/7.0/toolchain/arm/arm-gnu-toolchain/bin/../lib/gcc/arm-none-eabi/6.3.1/../../../../arm-none-eabi/lib/thumb/v7e-m/crt0.o
__lock___arc4random_mutex                         c:/program files (x86)/atmel/studio/7.0/toolchain/arm/arm-gnu-toolchain/bin/../lib/gcc/arm-none-eabi/6.3.1/../../../../arm-none-eabi/lib/thumb/v7e-m\libc.a(lib_a-lock.o)
__lock___at_quick_exit_mutex                      c:/program files (x86)/atmel/studio/7.0/toolchain/arm/arm-gnu-toolchain/bin/../lib/gcc/arm-none-eabi/6.3.1/../../../../arm-none-eabi/lib/thumb/v7e-m\libc.a(lib_a-lock.o)
__lock___atexit_recursive_mutex                   c:/program files (x86)/atmel/studio/7.0/toolchain/arm/arm-gnu-toolchain/bin/../lib/gcc/arm-none-eabi/6.3.1/../../../../arm-none-eabi/lib/thumb/v7e-m\libc.a(lib_a-lock.o)
                                                  c:/program files (x86)/atmel/studio/7.0/toolchain/arm/arm-gnu-toolchain/bin/../lib/gcc/arm-none-eabi/6.3.1/../../../../arm-none-eabi/lib/thumb/v7e-m\libc.a(lib_a-__call_atexit.o)
__lock___dd_hash_mutex                            c:/program files (x86)/atmel/studio/7.0/toolchain/arm/arm-gnu-toolchain/bin/../lib/gcc/arm-none-eabi/6.3.1/../../../../arm-none-eabi/lib/thumb/v7e-m\libc.a(lib_a-lock.o)
__lock___env_recursive_mutex                      c:/program files (x86)/atmel/studio/7.0/toolchain/arm/arm-gnu-toolchain/bin/../lib/gcc/arm-none-eabi/6.3.1/../../../../arm-none-eabi/lib/thumb/v7e-m\libc.a(lib_a-lock.o)
__lock___malloc_recursive_mutex                   c:/program files (x86)/atmel/studio/7.0/toolchain/arm/arm-gnu-toolchain/bin/../lib/gcc/arm-none-eabi/6.3.1/../../../../arm-none-eabi/lib/thumb/v7e-m\libc.a(lib_a-lock.o)
__lock___sfp_recursive_mutex                      c:/program files (x86)/atmel/studio/7.0/toolchain/arm/arm-gnu-toolchain/bin/../lib/gcc/arm-none-eabi/6.3.1/../../../../arm-none-eabi/lib/thumb/v7e-m\libc.a(lib_a-lock.o)
__lock___sinit_recursive_mutex                    c:/program files (x86)/atmel/studio/7.0/toolchain/arm/arm-gnu-toolchain/bin/../lib/gcc/arm-none-eabi/6.3.1/../../../../arm-none-eabi/lib/thumb/v7e-m\libc.a(lib_a-lock.o)
__lock___tz_mutex                                 c:/program files (x86)/atmel/studio/7.0/toolchain/arm/arm-gnu-toolchain/bin/../lib/gcc/arm-none-eabi/6.3.1/../../../../arm-none-eabi/lib/thumb/v7e-m\libc.a(lib_a-lock.o)
__preinit_array_end                               c:/program files (x86)/atmel/studio/7.0/toolchain/arm/arm-gnu-toolchain/bin/../lib/gcc/arm-none-eabi/6.3.1/../../../../arm-none-eabi/lib/thumb/v7e-m\libc.a(lib_a-init.o)
__preinit_array_start                             c:/program files (x86)/atmel/studio/7.0/toolchain/arm/arm-gnu-toolchain/bin/../lib/gcc/arm-none-eabi/6.3.1/../../../../arm-none-eabi/lib/thumb/v7e-m\libc.a(lib_a-init.o)
__ram_end__                                       src/ASF/sam/utils/syscalls/gcc/syscalls.o
__register_exitproc                               c:/program files (x86)/atmel/studio/7.0/toolchain/arm/arm-gnu-toolchain/bin/../lib/gcc/arm-none-eabi/6.3.1/../../../../arm-none-eabi/lib/thumb/v7e-m\libc.a(lib_a-__atexit.o)
                                                  c:/program files (x86)/atmel/studio/7.0/toolchain/arm/arm-gnu-toolchain/bin/../lib/gcc/arm-none-eabi/6.3.1/../../../../arm-none-eabi/lib/thumb/v7e-m\libc.a(lib_a-atexit.o)
__register_frame_info                             c:/program files (x86)/atmel/studio/7.0/toolchain/arm/arm-gnu-toolchain/bin/../lib/gcc/arm-none-eabi/6.3.1/thumb/v7e-m/crtbegin.o
__retarget_lock_acquire                           c:/program files (x86)/atmel/studio/7.0/toolchain/arm/arm-gnu-toolchain/bin/../lib/gcc/arm-none-eabi/6.3.1/../../../../arm-none-eabi/lib/thumb/v7e-m\libc.a(lib_a-lock.o)
__retarget_lock_acquire_recursive                 c:/program files (x86)/atmel/studio/7.0/toolchain/arm/arm-gnu-toolchain/bin/../lib/gcc/arm-none-eabi/6.3.1/../../../../arm-none-eabi/lib/thumb/v7e-m\libc.a(lib_a-lock.o)
                                                  c:/program files (x86)/atmel/studio/7.0/toolchain/arm/arm-gnu-toolchain/bin/../lib/gcc/arm-none-eabi/6.3.1/../../../../arm-none-eabi/lib/thumb/v7e-m\libc.a(lib_a-__atexit.o)
                                                  c:/program files (x86)/atmel/studio/7.0/toolchain/arm/arm-gnu-toolchain/bin/../lib/gcc/arm-none-eabi/6.3.1/../../../../arm-none-eabi/lib/thumb/v7e-m\libc.a(lib_a-__call_atexit.o)
__retarget_lock_close                             c:/program files (x86)/atmel/studio/7.0/toolchain/arm/arm-gnu-toolchain/bin/../lib/gcc/arm-none-eabi/6.3.1/../../../../arm-none-eabi/lib/thumb/v7e-m\libc.a(lib_a-lock.o)
__retarget_lock_close_recursive                   c:/program files (x86)/atmel/studio/7.0/toolchain/arm/arm-gnu-toolchain/bin/../lib/gcc/arm-none-eabi/6.3.1/../../../../arm-none-eabi/lib/thumb/v7e-m\libc.a(lib_a-lock.o)
__retarget_lock_init                              c:/program files (x86)/atmel/studio/7.0/toolchain/arm/arm-gnu-toolchain/bin/../lib/gcc/arm-none-eabi/6.3.1/../../../../arm-none-eabi/lib/thumb/v7e-m\libc.a(lib_a-lock.o)
__retarget_lock_init_recursive                    c:/program files (x86)/atmel/studio/7.0/toolchain/arm/arm-gnu-toolchain/bin/../lib/gcc/arm-none-eabi/6.3.1/../../../../arm-none-eabi/lib/thumb/v7e-m\libc.a(lib_a-lock.o)
__retarget_lock_release                           c:/program files (x86)/atmel/studio/7.0/toolchain/arm/arm-gnu-toolchain/bin/../lib/gcc/arm-none-eabi/6.3.1/../../../../arm-none-eabi/lib/thumb/v7e-m\libc.a(lib_a-lock.o)
__retarget_lock_release_recursive                 c:/program files (x86)/atmel/studio/7.0/toolchain/arm/arm-gnu-toolchain/bin/../lib/gcc/arm-none-eabi/6.3.1/../../../../arm-none-eabi/lib/thumb/v7e-m\libc.a(lib_a-lock.o)
                                                  c:/program files (x86)/atmel/studio/7.0/toolchain/arm/arm-gnu-toolchain/bin/../lib/gcc/arm-none-eabi/6.3.1/../../../../arm-none-eabi/lib/thumb/v7e-m\libc.a(lib_a-__atexit.o)
                                                  c:/program files (x86)/atmel/studio/7.0/toolchain/arm/arm-gnu-toolchain/bin/../lib/gcc/arm-none-eabi/6.3.1/../../../../arm-none-eabi/lib/thumb/v7e-m\libc.a(lib_a-__call_atexit.o)
__retarget_lock_try_acquire                       c:/program files (x86)/atmel/studio/7.0/toolchain/arm/arm-gnu-toolchain/bin/../lib/gcc/arm-none-eabi/6.3.1/../../../../arm-none-eabi/lib/thumb/v7e-m\libc.a(lib_a-lock.o)
__retarget_lock_try_acquire_recursive             c:/program files (x86)/atmel/studio/7.0/toolchain/arm/arm-gnu-toolchain/bin/../lib/gcc/arm-none-eabi/6.3.1/../../../../arm-none-eabi/lib/thumb/v7e-m\libc.a(lib_a-lock.o)
__stack                                           c:/program files (x86)/atmel/studio/7.0/toolchain/arm/arm-gnu-toolchain/bin/../lib/gcc/arm-none-eabi/6.3.1/../../../../arm-none-eabi/lib/thumb/v7e-m/crt0.o
_close                                            src/ASF/sam/utils/syscalls/gcc/syscalls.o
_end                                              src/ASF/sam/utils/syscalls/gcc/syscalls.o
_erelocate                                        src/ASF/sam/utils/cmsis/sam4e/source/templates/gcc/startup_sam4e.o
_estack                                           src/main.o
                                                  src/ASF/sam/utils/cmsis/sam4e/source/templates/gcc/startup_sam4e.o
_etext                                            src/ASF/sam/utils/cmsis/sam4e/source/templates/gcc/startup_sam4e.o
_exit                                             src/ASF/sam/utils/syscalls/gcc/syscalls.o
                                                  c:/program files (x86)/atmel/studio/7.0/toolchain/arm/arm-gnu-toolchain/bin/../lib/gcc/arm-none-eabi/6.3.1/../../../../arm-none-eabi/lib/thumb/v7e-m\libc.a(lib_a-exit.o)
_ezero                                            src/ASF/sam/utils/cmsis/sam4e/source/templates/gcc/startup_sam4e.o
_fini                                             c:/program files (x86)/atmel/studio/7.0/toolchain/arm/arm-gnu-toolchain/bin/../lib/gcc/arm-none-eabi/6.3.1/thumb/v7e-m/crti.o
                                                  c:/program files (x86)/atmel/studio/7.0/toolchain/arm/arm-gnu-toolchain/bin/../lib/gcc/arm-none-eabi/6.3.1/../../../../arm-none-eabi/lib/thumb/v7e-m\libc.a(lib_a-fini.o)
_fstat                                            src/ASF/sam/utils/syscalls/gcc/syscalls.o
_getpid                                           src/ASF/sam/utils/syscalls/gcc/syscalls.o
_global_impure_ptr                                c:/program files (x86)/atmel/studio/7.0/toolchain/arm/arm-gnu-toolchain/bin/../lib/gcc/arm-none-eabi/6.3.1/../../../../arm-none-eabi/lib/thumb/v7e-m\libc.a(lib_a-impure.o)
                                                  c:/program files (x86)/atmel/studio/7.0/toolchain/arm/arm-gnu-toolchain/bin/../lib/gcc/arm-none-eabi/6.3.1/../../../../arm-none-eabi/lib/thumb/v7e-m\libc.a(lib_a-__atexit.o)
                                                  c:/program files (x86)/atmel/studio/7.0/toolchain/arm/arm-gnu-toolchain/bin/../lib/gcc/arm-none-eabi/6.3.1/../../../../arm-none-eabi/lib/thumb/v7e-m\libc.a(lib_a-__call_atexit.o)
                                                  c:/program files (x86)/atmel/studio/7.0/toolchain/arm/arm-gnu-toolchain/bin/../lib/gcc/arm-none-eabi/6.3.1/../../../../arm-none-eabi/lib/thumb/v7e-m\libc.a(lib_a-exit.o)
_impure_ptr                                       c:/program files (x86)/atmel/studio/7.0/toolchain/arm/arm-gnu-toolchain/bin/../lib/gcc/arm-none-eabi/6.3.1/../../../../arm-none-eabi/lib/thumb/v7e-m\libc.a(lib_a-impure.o)
_init                                             c:/program files (x86)/atmel/studio/7.0/toolchain/arm/arm-gnu-toolchain/bin/../lib/gcc/arm-none-eabi/6.3.1/thumb/v7e-m/crti.o
                                                  c:/program files (x86)/atmel/studio/7.0/toolchain/arm/arm-gnu-toolchain/bin/../lib/gcc/arm-none-eabi/6.3.1/../../../../arm-none-eabi/lib/thumb/v7e-m\libc.a(lib_a-init.o)
_isatty                                           src/ASF/sam/utils/syscalls/gcc/syscalls.o
_kill                                             src/ASF/sam/utils/syscalls/gcc/syscalls.o
_lseek                                            src/ASF/sam/utils/syscalls/gcc/syscalls.o
_mainCRTStartup                                   c:/program files (x86)/atmel/studio/7.0/toolchain/arm/arm-gnu-toolchain/bin/../lib/gcc/arm-none-eabi/6.3.1/../../../../arm-none-eabi/lib/thumb/v7e-m/crt0.o
_sbrk                                             src/ASF/sam/utils/syscalls/gcc/syscalls.o
_sfixed                                           src/ASF/sam/utils/cmsis/sam4e/source/templates/gcc/startup_sam4e.o
_srelocate                                        src/ASF/sam/utils/cmsis/sam4e/source/templates/gcc/startup_sam4e.o
_start                                            c:/program files (x86)/atmel/studio/7.0/toolchain/arm/arm-gnu-toolchain/bin/../lib/gcc/arm-none-eabi/6.3.1/../../../../arm-none-eabi/lib/thumb/v7e-m/crt0.o
_szero                                            src/ASF/sam/utils/cmsis/sam4e/source/templates/gcc/startup_sam4e.o
atexit                                            c:/program files (x86)/atmel/studio/7.0/toolchain/arm/arm-gnu-toolchain/bin/../lib/gcc/arm-none-eabi/6.3.1/../../../../arm-none-eabi/lib/thumb/v7e-m\libc.a(lib_a-atexit.o)
                                                  c:/program files (x86)/atmel/studio/7.0/toolchain/arm/arm-gnu-toolchain/bin/../lib/gcc/arm-none-eabi/6.3.1/../../../../arm-none-eabi/lib/thumb/v7e-m\libc.a(lib_a-__call_atexit.o)
                                                  c:/program files (x86)/atmel/studio/7.0/toolchain/arm/arm-gnu-toolchain/bin/../lib/gcc/arm-none-eabi/6.3.1/../../../../arm-none-eabi/lib/thumb/v7e-m/crt0.o
board_init                                        src/ASF/sam/boards/sam4e_xplained_pro/init.o
                                                  src/main.o
cpu_irq_enter_critical                            src/ASF/common/utils/interrupt/interrupt_sam_nvic.o
cpu_irq_leave_critical                            src/ASF/common/utils/interrupt/interrupt_sam_nvic.o
decLED                                            src/ledDriver.o
decSW                                             src/buttonDriver.o
exception_table                                   src/ASF/sam/utils/cmsis/sam4e/source/templates/gcc/startup_sam4e.o
exit                                              c:/program files (x86)/atmel/studio/7.0/toolchain/arm/arm-gnu-toolchain/bin/../lib/gcc/arm-none-eabi/6.3.1/../../../../arm-none-eabi/lib/thumb/v7e-m\libc.a(lib_a-exit.o)
                                                  c:/program files (x86)/atmel/studio/7.0/toolchain/arm/arm-gnu-toolchain/bin/../lib/gcc/arm-none-eabi/6.3.1/../../../../arm-none-eabi/lib/thumb/v7e-m/crt0.o
free                                              c:/program files (x86)/atmel/studio/7.0/toolchain/arm/arm-gnu-toolchain/bin/../lib/gcc/arm-none-eabi/6.3.1/../../../../arm-none-eabi/lib/thumb/v7e-m\libc.a(lib_a-__call_atexit.o)
g_interrupt_enabled                               src/ASF/common/utils/interrupt/interrupt_sam_nvic.o
                                                  src/ASF/sam/utils/cmsis/sam4e/source/templates/gcc/startup_sam4e.o
                                                  src/ASF/sam/drivers/pmc/sleep.o
getLED                                            src/mytasks.o
hardware_init_hook                                c:/program files (x86)/atmel/studio/7.0/toolchain/arm/arm-gnu-toolchain/bin/../lib/gcc/arm-none-eabi/6.3.1/../../../../arm-none-eabi/lib/thumb/v7e-m/crt0.o
initUART                                          src/uartdrv.o
                                                  src/main.o
initializeButtonDriver                            src/buttonDriver.o
initializeLEDDriver                               src/ledDriver.o
link                                              src/ASF/sam/utils/syscalls/gcc/syscalls.o
main                                              src/main.o
                                                  src/ASF/sam/utils/cmsis/sam4e/source/templates/gcc/startup_sam4e.o
                                                  c:/program files (x86)/atmel/studio/7.0/toolchain/arm/arm-gnu-toolchain/bin/../lib/gcc/arm-none-eabi/6.3.1/../../../../arm-none-eabi/lib/thumb/v7e-m/crt0.o
malloc                                            c:/program files (x86)/atmel/studio/7.0/toolchain/arm/arm-gnu-toolchain/bin/../lib/gcc/arm-none-eabi/6.3.1/../../../../arm-none-eabi/lib/thumb/v7e-m\libc.a(lib_a-__atexit.o)
memcpy                                            c:/program files (x86)/atmel/studio/7.0/toolchain/arm/arm-gnu-toolchain/bin/../lib/gcc/arm-none-eabi/6.3.1/../../../../arm-none-eabi/lib/thumb/v7e-m\libc.a(lib_a-memcpy.o)
                                                  src/FreeRTOS/queue.o
memset                                            c:/program files (x86)/atmel/studio/7.0/toolchain/arm/arm-gnu-toolchain/bin/../lib/gcc/arm-none-eabi/6.3.1/../../../../arm-none-eabi/lib/thumb/v7e-m\libc.a(lib_a-memset.o)
                                                  src/FreeRTOS/tasks.o
                                                  c:/program files (x86)/atmel/studio/7.0/toolchain/arm/arm-gnu-toolchain/bin/../lib/gcc/arm-none-eabi/6.3.1/../../../../arm-none-eabi/lib/thumb/v7e-m/crt0.o
pcQueueGetName                                    src/FreeRTOS/queue.o
pcTaskGetName                                     src/FreeRTOS/tasks.o
pcTimerGetName                                    src/FreeRTOS/timers.o
pmc_clr_fast_startup_input                        src/ASF/sam/drivers/pmc/pmc.o
pmc_disable_all_pck                               src/ASF/sam/drivers/pmc/pmc.o
pmc_disable_all_periph_clk                        src/ASF/sam/drivers/pmc/pmc.o
pmc_disable_clock_failure_detector                src/ASF/sam/drivers/pmc/pmc.o
pmc_disable_interrupt                             src/ASF/sam/drivers/pmc/pmc.o
pmc_disable_pck                                   src/ASF/sam/drivers/pmc/pmc.o
pmc_disable_periph_clk                            src/ASF/sam/drivers/pmc/pmc.o
pmc_disable_pllack                                src/ASF/sam/drivers/pmc/pmc.o
                                                  src/ASF/sam/drivers/pmc/sleep.o
                                                  src/ASF/common/services/clock/sam4e/sysclk.o
pmc_disable_udpck                                 src/ASF/sam/drivers/pmc/pmc.o
                                                  src/ASF/common/services/clock/sam4e/sysclk.o
pmc_enable_all_pck                                src/ASF/sam/drivers/pmc/pmc.o
pmc_enable_all_periph_clk                         src/ASF/sam/drivers/pmc/pmc.o
pmc_enable_backupmode                             src/ASF/sam/drivers/pmc/pmc.o
pmc_enable_clock_failure_detector                 src/ASF/sam/drivers/pmc/pmc.o
pmc_enable_interrupt                              src/ASF/sam/drivers/pmc/pmc.o
pmc_enable_pck                                    src/ASF/sam/drivers/pmc/pmc.o
pmc_enable_periph_clk                             src/ASF/sam/drivers/pmc/pmc.o
                                                  src/main.o
                                                  src/ASF/sam/boards/sam4e_xplained_pro/init.o
                                                  src/uartdrv.o
pmc_enable_pllack                                 src/ASF/sam/drivers/pmc/pmc.o
pmc_enable_sleepmode                              src/ASF/sam/drivers/pmc/pmc.o
pmc_enable_udpck                                  src/ASF/sam/drivers/pmc/pmc.o
                                                  src/ASF/common/services/clock/sam4e/sysclk.o
pmc_enable_waitmode                               src/ASF/sam/drivers/pmc/pmc.o
                                                  src/ASF/sam/drivers/pmc/sleep.o
pmc_get_interrupt_mask                            src/ASF/sam/drivers/pmc/pmc.o
pmc_get_status                                    src/ASF/sam/drivers/pmc/pmc.o
pmc_get_writeprotect_status                       src/ASF/sam/drivers/pmc/pmc.o
pmc_is_locked_pllack                              src/ASF/sam/drivers/pmc/pmc.o
                                                  src/ASF/common/services/clock/sam4e/sysclk.o
pmc_is_pck_enabled                                src/ASF/sam/drivers/pmc/pmc.o
pmc_is_periph_clk_enabled                         src/ASF/sam/drivers/pmc/pmc.o
pmc_is_wakeup_clocks_restored                     src/ASF/sam/drivers/pmc/sleep.o
pmc_mainck_osc_select                             src/ASF/sam/drivers/pmc/pmc.o
pmc_mck_set_prescaler                             src/ASF/sam/drivers/pmc/pmc.o
                                                  src/ASF/common/services/clock/sam4e/sysclk.o
pmc_mck_set_source                                src/ASF/sam/drivers/pmc/pmc.o
                                                  src/ASF/common/services/clock/sam4e/sysclk.o
pmc_osc_bypass_main_xtal                          src/ASF/sam/drivers/pmc/pmc.o
pmc_osc_disable_fastrc                            src/ASF/sam/drivers/pmc/pmc.o
pmc_osc_disable_main_xtal                         src/ASF/sam/drivers/pmc/pmc.o
pmc_osc_disable_xtal                              src/ASF/sam/drivers/pmc/pmc.o
pmc_osc_enable_fastrc                             src/ASF/sam/drivers/pmc/pmc.o
pmc_osc_enable_main_xtal                          src/ASF/sam/drivers/pmc/pmc.o
pmc_osc_is_bypassed_main_xtal                     src/ASF/sam/drivers/pmc/pmc.o
pmc_osc_is_ready_32kxtal                          src/ASF/sam/drivers/pmc/pmc.o
pmc_osc_is_ready_fastrc                           src/ASF/sam/drivers/pmc/pmc.o
pmc_osc_is_ready_main_xtal                        src/ASF/sam/drivers/pmc/pmc.o
pmc_osc_is_ready_mainck                           src/ASF/sam/drivers/pmc/pmc.o
                                                  src/ASF/common/services/clock/sam4e/sysclk.o
pmc_pck_set_prescaler                             src/ASF/sam/drivers/pmc/pmc.o
pmc_pck_set_source                                src/ASF/sam/drivers/pmc/pmc.o
pmc_set_fast_startup_input                        src/ASF/sam/drivers/pmc/pmc.o
pmc_set_flash_in_wait_mode                        src/ASF/sam/drivers/pmc/pmc.o
                                                  src/ASF/sam/drivers/pmc/sleep.o
pmc_set_writeprotect                              src/ASF/sam/drivers/pmc/pmc.o
pmc_sleep                                         src/ASF/sam/drivers/pmc/sleep.o
pmc_switch_mainck_to_fastrc                       src/ASF/sam/drivers/pmc/pmc.o
pmc_switch_mainck_to_xtal                         src/ASF/sam/drivers/pmc/pmc.o
                                                  src/ASF/common/services/clock/sam4e/sysclk.o
pmc_switch_mck_to_mainck                          src/ASF/sam/drivers/pmc/pmc.o
pmc_switch_mck_to_pllack                          src/ASF/sam/drivers/pmc/pmc.o
                                                  src/ASF/common/services/clock/sam4e/sysclk.o
pmc_switch_mck_to_sclk                            src/ASF/sam/drivers/pmc/pmc.o
pmc_switch_pck_to_mainck                          src/ASF/sam/drivers/pmc/pmc.o
pmc_switch_pck_to_mck                             src/ASF/sam/drivers/pmc/pmc.o
pmc_switch_pck_to_pllack                          src/ASF/sam/drivers/pmc/pmc.o
pmc_switch_pck_to_sclk                            src/ASF/sam/drivers/pmc/pmc.o
pmc_switch_sclk_to_32kxtal                        src/ASF/sam/drivers/pmc/pmc.o
pmc_switch_udpck_to_pllack                        src/ASF/sam/drivers/pmc/pmc.o
                                                  src/ASF/common/services/clock/sam4e/sysclk.o
pmc_wait_wakeup_clocks_restore                    src/ASF/sam/drivers/pmc/sleep.o
pvPortMalloc                                      src/FreeRTOS/portable/MemMang/heap_5.o
                                                  src/FreeRTOS/timers.o
                                                  src/FreeRTOS/tasks.o
                                                  src/FreeRTOS/queue.o